[global-setup] Resetting local D1 database...
[global-setup] Database reset complete.

Running 787 tests using 1 worker

  Γ£ô    1 [e2e-chromium] ΓÇ║ tests\e2e\app.spec.mjs:78:3 ΓÇ║ α╕½α╕Öα╣ëα╕▓ Login ΓÇ║ α╣üα╕¬α╕öα╕çα╕ƒα╕¡α╕úα╣îα╕í login α╕ûα╕╣α╕üα╕òα╣ëα╕¡α╕ç (1.6s)
  Γ£ô    2 [e2e-chromium] ΓÇ║ tests\e2e\app.spec.mjs:87:3 ΓÇ║ α╕½α╕Öα╣ëα╕▓ Login ΓÇ║ login α╕¬α╕│α╣Çα╕úα╣çα╕ê ΓåÆ α╣äα╕¢α╕½α╕Öα╣ëα╕▓ dashboard (3.4s)
  Γ£ô    3 [e2e-chromium] ΓÇ║ tests\e2e\app.spec.mjs:112:3 ΓÇ║ α╕½α╕Öα╣ëα╕▓ Login ΓÇ║ login α╕Ñα╣ëα╕íα╣Çα╕½α╕Ñα╕º ΓåÆ α╣äα╕íα╣ê redirect (4.0s)
  Γ£ô    4 [e2e-chromium] ΓÇ║ tests\e2e\app.spec.mjs:132:3 ΓÇ║ α╕½α╕Öα╣ëα╕▓ Login ΓÇ║ α╕Ñα╕┤α╕çα╕üα╣îα╣äα╕¢α╕½α╕Öα╣ëα╕▓ register (1.6s)
  Γ£ô    5 [e2e-chromium] ΓÇ║ tests\e2e\app.spec.mjs:144:3 ΓÇ║ α╕½α╕Öα╣ëα╕▓ Login ΓÇ║ α╕Ñα╕┤α╕çα╕üα╣îα╣äα╕¢α╕½α╕Öα╣ëα╕▓ forgot-password (1.6s)
  Γ£ô    6 [e2e-chromium] ΓÇ║ tests\e2e\app.spec.mjs:159:3 ΓÇ║ α╕½α╕Öα╣ëα╕▓ Register ΓÇ║ α╣üα╕¬α╕öα╕çα╕ƒα╕¡α╕úα╣îα╕íα╕¬α╕íα╕▒α╕äα╕úα╕¬α╕íα╕▓α╕èα╕┤α╕ü (933ms)
  Γ£ô    7 [e2e-chromium] ΓÇ║ tests\e2e\app.spec.mjs:175:3 ΓÇ║ α╕½α╕Öα╣ëα╕▓ Dashboard ΓÇ║ α╣éα╕½α╕Ñα╕öα╕½α╕Öα╣ëα╕▓ Dashboard α╕¬α╕│α╣Çα╕úα╣çα╕ê (3.6s)
  Γ£ô    8 [e2e-chromium] ΓÇ║ tests\e2e\app.spec.mjs:184:3 ΓÇ║ α╕½α╕Öα╣ëα╕▓ Dashboard ΓÇ║ Sidebar navigation α╣üα╕¬α╕öα╕çα╣Çα╕íα╕Öα╕╣ (1.5s)
  Γ£ô    9 [e2e-chromium] ΓÇ║ tests\e2e\app.spec.mjs:197:3 ΓÇ║ α╕½α╕Öα╣ëα╕▓ Dashboard ΓÇ║ α╣üα╕¬α╕öα╕çα╕¢α╕Åα╕┤α╕ùα╕┤α╕Ö (1.7s)
  Γ£ô   10 [e2e-chromium] ΓÇ║ tests\e2e\app.spec.mjs:214:3 ΓÇ║ α╕½α╕Öα╣ëα╕▓ Queue ΓÇ║ α╣éα╕½α╕Ñα╕öα╕½α╕Öα╣ëα╕▓α╕êα╕▒α╕öα╕äα╕┤α╕ºα╕¬α╕│α╣Çα╕úα╣çα╕ê (1.4s)
  Γ£ô   11 [e2e-chromium] ΓÇ║ tests\e2e\app.spec.mjs:220:3 ΓÇ║ α╕½α╕Öα╣ëα╕▓ Queue ΓÇ║ α╣üα╕¬α╕öα╕çα╕òα╕▓α╕úα╕▓α╕çα╕½α╕úα╕╖α╕¡α╕úα╕▓α╕óα╕üα╕▓α╕úα╕äα╕┤α╕º (1.4s)
  Γ£ô   12 [e2e-chromium] ΓÇ║ tests\e2e\app.spec.mjs:238:3 ΓÇ║ α╕½α╕Öα╣ëα╕▓ Vehicles ΓÇ║ α╣éα╕½α╕Ñα╕öα╕½α╕Öα╣ëα╕▓α╕úα╕ûα╕¬α╕│α╣Çα╕úα╣çα╕ê (1.6s)
  Γ£ô   13 [e2e-chromium] ΓÇ║ tests\e2e\app.spec.mjs:244:3 ΓÇ║ α╕½α╕Öα╣ëα╕▓ Vehicles ΓÇ║ α╣üα╕¬α╕öα╕çα╕úα╕▓α╕óα╕üα╕▓α╕úα╕úα╕û (1.5s)
  Γ£ô   14 [e2e-chromium] ΓÇ║ tests\e2e\app.spec.mjs:261:3 ΓÇ║ α╕½α╕Öα╣ëα╕▓ Drivers ΓÇ║ α╣éα╕½α╕Ñα╕öα╕½α╕Öα╣ëα╕▓α╕äα╕Öα╕éα╕▒α╕Üα╕¬α╕│α╣Çα╕úα╣çα╕ê (1.6s)
  Γ£ô   15 [e2e-chromium] ΓÇ║ tests\e2e\app.spec.mjs:267:3 ΓÇ║ α╕½α╕Öα╣ëα╕▓ Drivers ΓÇ║ α╣üα╕¬α╕öα╕çα╕úα╕▓α╕óα╕üα╕▓α╕úα╕äα╕Öα╕éα╕▒α╕Ü (1.4s)
  Γ£ô   16 [e2e-chromium] ΓÇ║ tests\e2e\app.spec.mjs:284:3 ΓÇ║ α╕½α╕Öα╣ëα╕▓ Fuel Record ΓÇ║ α╣éα╕½α╕Ñα╕öα╕½α╕Öα╣ëα╕▓α╕Öα╣ëα╕│α╕íα╕▒α╕Öα╕¬α╕│α╣Çα╕úα╣çα╕ê (1.4s)
  Γ£ô   17 [e2e-chromium] ΓÇ║ tests\e2e\app.spec.mjs:299:3 ΓÇ║ α╕½α╕Öα╣ëα╕▓ Fuel Ledger ΓÇ║ α╣éα╕½α╕Ñα╕öα╕½α╕Öα╣ëα╕▓α╕Üα╕▒α╕ìα╕èα╕╡α╕Öα╣ëα╕│α╕íα╕▒α╕Öα╕¬α╕│α╣Çα╕úα╣çα╕ê (1.4s)
  Γ£ô   18 [e2e-chromium] ΓÇ║ tests\e2e\app.spec.mjs:314:3 ΓÇ║ α╕½α╕Öα╣ëα╕▓ Repair ΓÇ║ α╣éα╕½α╕Ñα╕öα╕½α╕Öα╣ëα╕▓α╕ïα╣êα╕¡α╕íα╕Üα╕│α╕úα╕╕α╕çα╕¬α╕│α╣Çα╕úα╣çα╕ê (1.6s)
  Γ£ô   19 [e2e-chromium] ΓÇ║ tests\e2e\app.spec.mjs:329:3 ΓÇ║ α╕½α╕Öα╣ëα╕▓ Tax & Insurance ΓÇ║ α╣éα╕½α╕Ñα╕öα╕½α╕Öα╣ëα╕▓α╕áα╕▓α╕⌐α╕╡/α╕¢α╕úα╕░α╕üα╕▒α╕Öα╕¬α╕│α╣Çα╕úα╣çα╕ê (1.5s)
  Γ£ô   20 [e2e-chromium] ΓÇ║ tests\e2e\app.spec.mjs:344:3 ΓÇ║ α╕½α╕Öα╣ëα╕▓ Usage Log ΓÇ║ α╣éα╕½α╕Ñα╕öα╕½α╕Öα╣ëα╕▓α╕Üα╕▒α╕Öα╕ùα╕╢α╕üα╣âα╕èα╣ëα╕úα╕ûα╕¬α╕│α╣Çα╕úα╣çα╕ê (1.4s)
  Γ£ô   21 [e2e-chromium] ΓÇ║ tests\e2e\app.spec.mjs:359:3 ΓÇ║ α╕½α╕Öα╣ëα╕▓ Reports ΓÇ║ α╣éα╕½α╕Ñα╕öα╕½α╕Öα╣ëα╕▓α╕úα╕▓α╕óα╕çα╕▓α╕Öα╕¬α╕│α╣Çα╕úα╣çα╕ê (1.6s)
  Γ£ô   22 [e2e-chromium] ΓÇ║ tests\e2e\app.spec.mjs:374:3 ΓÇ║ α╕½α╕Öα╣ëα╕▓ Notifications ΓÇ║ α╣éα╕½α╕Ñα╕öα╕½α╕Öα╣ëα╕▓α╣üα╕êα╣ëα╕çα╣Çα╕òα╕╖α╕¡α╕Öα╕¬α╕│α╣Çα╕úα╣çα╕ê (1.4s)
  Γ£ô   23 [e2e-chromium] ΓÇ║ tests\e2e\app.spec.mjs:389:3 ΓÇ║ α╕½α╕Öα╣ëα╕▓ User Management ΓÇ║ α╣éα╕½α╕Ñα╕öα╕½α╕Öα╣ëα╕▓α╕êα╕▒α╕öα╕üα╕▓α╕úα╕£α╕╣α╣ëα╣âα╕èα╣ëα╕¬α╕│α╣Çα╕úα╣çα╕ê (1.5s)
  Γ£ô   24 [e2e-chromium] ΓÇ║ tests\e2e\app.spec.mjs:395:3 ΓÇ║ α╕½α╕Öα╣ëα╕▓ User Management ΓÇ║ α╣üα╕¬α╕öα╕çα╕úα╕▓α╕óα╕üα╕▓α╕úα╕£α╕╣α╣ëα╣âα╕èα╣ë (1.5s)
  Γ£ô   25 [e2e-chromium] ΓÇ║ tests\e2e\app.spec.mjs:412:3 ΓÇ║ α╕½α╕Öα╣ëα╕▓ Admin Settings ΓÇ║ α╣éα╕½α╕Ñα╕öα╕½α╕Öα╣ëα╕▓α╕òα╕▒α╣ëα╕çα╕äα╣êα╕▓α╕úα╕░α╕Üα╕Üα╕¬α╕│α╣Çα╕úα╣çα╕ê (1.5s)
  Γ£ô   26 [e2e-chromium] ΓÇ║ tests\e2e\app.spec.mjs:427:3 ΓÇ║ α╕½α╕Öα╣ëα╕▓ Audit Log ΓÇ║ α╣éα╕½α╕Ñα╕öα╕½α╕Öα╣ëα╕▓ Audit Log α╕¬α╕│α╣Çα╕úα╣çα╕ê (1.6s)
  Γ£ô   27 [e2e-chromium] ΓÇ║ tests\e2e\app.spec.mjs:442:3 ΓÇ║ α╕½α╕Öα╣ëα╕▓ Backup Recovery ΓÇ║ α╣éα╕½α╕Ñα╕öα╕½α╕Öα╣ëα╕▓ Backup α╕¬α╕│α╣Çα╕úα╣çα╕ê (1.7s)
  Γ£ô   28 [e2e-chromium] ΓÇ║ tests\e2e\app.spec.mjs:457:3 ΓÇ║ α╕½α╕Öα╣ëα╕▓ Profile ΓÇ║ α╣éα╕½α╕Ñα╕öα╕½α╕Öα╣ëα╕▓α╣éα╕¢α╕úα╣äα╕ƒα╕Ñα╣îα╕¬α╕│α╣Çα╕úα╣çα╕ê (1.4s)
  Γ£ô   29 [e2e-chromium] ΓÇ║ tests\e2e\app.spec.mjs:472:3 ΓÇ║ α╕½α╕Öα╣ëα╕▓ Change Password ΓÇ║ α╣éα╕½α╕Ñα╕öα╕½α╕Öα╣ëα╕▓α╣Çα╕¢α╕Ñα╕╡α╣êα╕óα╕Öα╕úα╕½α╕▒α╕¬α╕£α╣êα╕▓α╕Öα╕¬α╕│α╣Çα╕úα╣çα╕ê (1.6s)
  Γ£ô   30 [e2e-chromium] ΓÇ║ tests\e2e\app.spec.mjs:478:3 ΓÇ║ α╕½α╕Öα╣ëα╕▓ Change Password ΓÇ║ α╣üα╕¬α╕öα╕çα╕ƒα╕¡α╕úα╣îα╕íα╣Çα╕¢α╕Ñα╕╡α╣êα╕óα╕Öα╕úα╕½α╕▒α╕¬α╕£α╣êα╕▓α╕Ö (1.5s)
  Γ£ô   31 [e2e-chromium] ΓÇ║ tests\e2e\app.spec.mjs:494:3 ΓÇ║ α╕½α╕Öα╣ëα╕▓ Executive Dashboard ΓÇ║ α╣éα╕½α╕Ñα╕öα╕½α╕Öα╣ëα╕▓ Executive Dashboard α╕¬α╕│α╣Çα╕úα╣çα╕ê (1.6s)
  Γ£ô   32 [e2e-chromium] ΓÇ║ tests\e2e\app.spec.mjs:509:3 ΓÇ║ α╕½α╕Öα╣ëα╕▓ Incident ΓÇ║ α╣éα╕½α╕Ñα╕öα╕½α╕Öα╣ëα╕▓α╕¡α╕╕α╕Üα╕▒α╕òα╕┤α╣Çα╕½α╕òα╕╕α╕¬α╕│α╣Çα╕úα╣çα╕ê (1.6s)
  Γ£ô   33 [e2e-chromium] ΓÇ║ tests\e2e\app.spec.mjs:515:3 ΓÇ║ α╕½α╕Öα╣ëα╕▓ Incident ΓÇ║ α╣üα╕¬α╕öα╕çα╕úα╕▓α╕óα╕üα╕▓α╕úα╕¡α╕╕α╕Üα╕▒α╕òα╕┤α╣Çα╕½α╕òα╕╕ (1.5s)
  Γ£ô   34 [e2e-chromium] ΓÇ║ tests\e2e\app.spec.mjs:531:3 ΓÇ║ α╕½α╕Öα╣ëα╕▓ Vehicle Request ΓÇ║ α╣éα╕½α╕Ñα╕öα╕½α╕Öα╣ëα╕▓α╕éα╕¡α╣âα╕èα╣ëα╕úα╕ûα╕¬α╕│α╣Çα╕úα╣çα╕ê (1.5s)
  Γ£ô   35 [e2e-chromium] ΓÇ║ tests\e2e\app.spec.mjs:546:3 ΓÇ║ α╕½α╕Öα╣ëα╕▓ Vehicle Timeline ΓÇ║ α╣éα╕½α╕Ñα╕öα╕½α╕Öα╣ëα╕▓ Vehicle Timeline α╕¬α╕│α╣Çα╕úα╣çα╕ê (1.5s)
  Γ£ô   36 [e2e-chromium] ΓÇ║ tests\e2e\app.spec.mjs:561:3 ΓÇ║ α╕½α╕Öα╣ëα╕▓ Driver Performance & History ΓÇ║ α╣éα╕½α╕Ñα╕öα╕½α╕Öα╣ëα╕▓ Driver Performance α╕¬α╕│α╣Çα╕úα╣çα╕ê (1.6s)
  Γ£ô   37 [e2e-chromium] ΓÇ║ tests\e2e\app.spec.mjs:567:3 ΓÇ║ α╕½α╕Öα╣ëα╕▓ Driver Performance & History ΓÇ║ α╣éα╕½α╕Ñα╕öα╕½α╕Öα╣ëα╕▓ Driver History α╕¬α╕│α╣Çα╕úα╣çα╕ê (1.5s)
  Γ£ô   38 [e2e-chromium] ΓÇ║ tests\e2e\app.spec.mjs:582:3 ΓÇ║ α╕½α╕Öα╣ëα╕▓ Fuel Reconcile & QR Manage ΓÇ║ α╣éα╕½α╕Ñα╕öα╕½α╕Öα╣ëα╕▓ Fuel Reconcile α╕¬α╕│α╣Çα╕úα╣çα╕ê (1.4s)
  Γ£ô   39 [e2e-chromium] ΓÇ║ tests\e2e\app.spec.mjs:588:3 ΓÇ║ α╕½α╕Öα╣ëα╕▓ Fuel Reconcile & QR Manage ΓÇ║ α╣éα╕½α╕Ñα╕öα╕½α╕Öα╣ëα╕▓ QR Manage α╕¬α╕│α╣Çα╕úα╣çα╕ê (1.5s)
  Γ£ô   40 [e2e-chromium] ΓÇ║ tests\e2e\app.spec.mjs:603:3 ΓÇ║ α╕½α╕Öα╣ëα╕▓ Basic Info ΓÇ║ α╣éα╕½α╕Ñα╕öα╕½α╕Öα╣ëα╕▓ Basic Info α╕¬α╕│α╣Çα╕úα╣çα╕ê (1.6s)
  Γ£ô   41 [e2e-chromium] ΓÇ║ tests\e2e\app.spec.mjs:619:3 ΓÇ║ UI CRUD ΓÇö α╕¬α╕úα╣ëα╕▓α╕çα╕úα╕û (Vehicles) ΓÇ║ α╕üα╕öα╕¢α╕╕α╣êα╕í "α╣Çα╕₧α╕┤α╣êα╕íα╕úα╕û" α╣üα╕Ñα╣ëα╕ºα╕ƒα╕¡α╕úα╣îα╕íα╣éα╕£α╕Ñα╣ê (2.2s)
  Γ£ô   42 [e2e-chromium] ΓÇ║ tests\e2e\app.spec.mjs:645:3 ΓÇ║ UI CRUD ΓÇö α╕¬α╕úα╣ëα╕▓α╕çα╕äα╕┤α╕º (Queue) ΓÇ║ α╕üα╕öα╕¢α╕╕α╣êα╕í "α╕êα╕¡α╕çα╕äα╕┤α╕º" / "α╣Çα╕₧α╕┤α╣êα╕íα╕äα╕┤α╕º" α╣üα╕Ñα╣ëα╕ºα╕ƒα╕¡α╕úα╣îα╕íα╣éα╕£α╕Ñα╣ê (2.0s)
  Γ£ô   43 [e2e-chromium] ΓÇ║ tests\e2e\app.spec.mjs:669:3 ΓÇ║ UI CRUD ΓÇö α╕¬α╕úα╣ëα╕▓α╕çα╕äα╕Öα╕éα╕▒α╕Ü (Drivers) ΓÇ║ α╕üα╕öα╕¢α╕╕α╣êα╕í "α╣Çα╕₧α╕┤α╣êα╕íα╕äα╕Öα╕éα╕▒α╕Ü" α╣üα╕Ñα╣ëα╕ºα╕ƒα╕¡α╕úα╣îα╕íα╣éα╕£α╕Ñα╣ê (2.0s)
  Γ£ô   44 [e2e-chromium] ΓÇ║ tests\e2e\app.spec.mjs:693:3 ΓÇ║ UI CRUD ΓÇö α╣üα╕êα╣ëα╕çα╕ïα╣êα╕¡α╕í (Repair) ΓÇ║ α╕üα╕öα╕¢α╕╕α╣êα╕í "α╣üα╕êα╣ëα╕çα╕ïα╣êα╕¡α╕í" α╣üα╕Ñα╣ëα╕ºα╕ƒα╕¡α╕úα╣îα╕íα╣éα╕£α╕Ñα╣ê (2.1s)
  Γ£ô   45 [e2e-chromium] ΓÇ║ tests\e2e\app.spec.mjs:717:3 ΓÇ║ UI CRUD ΓÇö α╕Üα╕▒α╕Öα╕ùα╕╢α╕üα╕Öα╣ëα╕│α╕íα╕▒α╕Ö (Fuel) ΓÇ║ α╕üα╕öα╕¢α╕╕α╣êα╕í "α╕Üα╕▒α╕Öα╕ùα╕╢α╕üα╕Öα╣ëα╕│α╕íα╕▒α╕Ö" α╣üα╕Ñα╣ëα╕ºα╕ƒα╕¡α╕úα╣îα╕íα╣éα╕£α╕Ñα╣ê (2.0s)
  Γ£ô   46 [e2e-chromium] ΓÇ║ tests\e2e\app.spec.mjs:776:3 ΓÇ║ End-to-End Workflow ΓÇö α╕¬α╕úα╣ëα╕▓α╕çα╕éα╣ëα╕¡α╕íα╕╣α╕Ñα╕äα╕úα╕Üα╕ºα╕çα╕êα╕úα╕£α╣êα╕▓α╕Ö API ΓÇ║ Step 1: α╕¬α╕úα╣ëα╕▓α╕çα╕úα╕û (1.5s)
  Γ£ô   47 [e2e-chromium] ΓÇ║ tests\e2e\app.spec.mjs:787:3 ΓÇ║ End-to-End Workflow ΓÇö α╕¬α╕úα╣ëα╕▓α╕çα╕éα╣ëα╕¡α╕íα╕╣α╕Ñα╕äα╕úα╕Üα╕ºα╕çα╕êα╕úα╕£α╣êα╕▓α╕Ö API ΓÇ║ Step 2: α╕¬α╕úα╣ëα╕▓α╕çα╕äα╕Öα╕éα╕▒α╕Ü (1.5s)
  Γ£ô   48 [e2e-chromium] ΓÇ║ tests\e2e\app.spec.mjs:798:3 ΓÇ║ End-to-End Workflow ΓÇö α╕¬α╕úα╣ëα╕▓α╕çα╕éα╣ëα╕¡α╕íα╕╣α╕Ñα╕äα╕úα╕Üα╕ºα╕çα╕êα╕úα╕£α╣êα╕▓α╕Ö API ΓÇ║ Step 3: α╕¬α╕úα╣ëα╕▓α╕çα╕äα╕┤α╕º (α╕òα╣ëα╕¡α╕çα╕üα╕▓α╕úα╕úα╕û + α╕äα╕Öα╕éα╕▒α╕Ü) (1.5s)
  Γ£ô   49 [e2e-chromium] ΓÇ║ tests\e2e\app.spec.mjs:813:3 ΓÇ║ End-to-End Workflow ΓÇö α╕¬α╕úα╣ëα╕▓α╕çα╕éα╣ëα╕¡α╕íα╕╣α╕Ñα╕äα╕úα╕Üα╕ºα╕çα╕êα╕úα╕£α╣êα╕▓α╕Ö API ΓÇ║ Step 4: α╕òα╕úα╕ºα╕êα╕¬α╕áα╕▓α╕₧α╕úα╕ûα╕üα╣êα╕¡α╕Öα╕¡α╕¡α╕ü (QR Check) (6ms)
  Γ£ô   50 [e2e-chromium] ΓÇ║ tests\e2e\app.spec.mjs:831:3 ΓÇ║ End-to-End Workflow ΓÇö α╕¬α╕úα╣ëα╕▓α╕çα╕éα╣ëα╕¡α╕íα╕╣α╕Ñα╕äα╕úα╕Üα╕ºα╕çα╕êα╕úα╕£α╣êα╕▓α╕Ö API ΓÇ║ Step 5: α╕Üα╕▒α╕Öα╕ùα╕╢α╕üα╕¡α╕¡α╕üα╕úα╕û (QR Usage ΓÇö departure) (9ms)
  Γ£ô   51 [e2e-chromium] ΓÇ║ tests\e2e\app.spec.mjs:848:3 ΓÇ║ End-to-End Workflow ΓÇö α╕¬α╕úα╣ëα╕▓α╕çα╕éα╣ëα╕¡α╕íα╕╣α╕Ñα╕äα╕úα╕Üα╕ºα╕çα╕êα╕úα╕£α╣êα╕▓α╕Ö API ΓÇ║ Step 6: α╕Üα╕▒α╕Öα╕ùα╕╢α╕üα╣Çα╕òα╕┤α╕íα╕Öα╣ëα╕│α╕íα╕▒α╕Ö (QR Fuel) (15ms)
  Γ£ô   52 [e2e-chromium] ΓÇ║ tests\e2e\app.spec.mjs:869:3 ΓÇ║ End-to-End Workflow ΓÇö α╕¬α╕úα╣ëα╕▓α╕çα╕éα╣ëα╕¡α╕íα╕╣α╕Ñα╕äα╕úα╕Üα╕ºα╕çα╕êα╕úα╕£α╣êα╕▓α╕Ö API ΓÇ║ Step 7: α╕Üα╕▒α╕Öα╕ùα╕╢α╕üα╕üα╕Ñα╕▒α╕Üα╕úα╕û (QR Usage ΓÇö return) (9ms)
  Γ£ô   53 [e2e-chromium] ΓÇ║ tests\e2e\app.spec.mjs:886:3 ΓÇ║ End-to-End Workflow ΓÇö α╕¬α╕úα╣ëα╕▓α╕çα╕éα╣ëα╕¡α╕íα╕╣α╕Ñα╕äα╕úα╕Üα╕ºα╕çα╕êα╕úα╕£α╣êα╕▓α╕Ö API ΓÇ║ Step 8: α╣Çα╕¢α╕Ñα╕╡α╣êα╕óα╕Öα╕¬α╕ûα╕▓α╕Öα╕░α╕äα╕┤α╕ºα╣Çα╕¢α╣çα╕Ö completed (1.6s)
  Γ£ô   54 [e2e-chromium] ΓÇ║ tests\e2e\app.spec.mjs:892:3 ΓÇ║ End-to-End Workflow ΓÇö α╕¬α╕úα╣ëα╕▓α╕çα╕éα╣ëα╕¡α╕íα╕╣α╕Ñα╕äα╕úα╕Üα╕ºα╕çα╕êα╕úα╕£α╣êα╕▓α╕Ö API ΓÇ║ Step 9: α╕öα╕╢α╕çα╕úα╕▓α╕óα╕çα╕▓α╕Ö dashboard α╕½α╕Ñα╕▒α╕çα╕Üα╕▒α╕Öα╕ùα╕╢α╕üα╕éα╣ëα╕¡α╕íα╕╣α╕Ñα╕äα╕úα╕Ü (1.6s)
  Γ£ô   55 [e2e-chromium] ΓÇ║ tests\e2e\app.spec.mjs:914:3 ΓÇ║ End-to-End Workflow ΓÇö α╕¬α╕úα╣ëα╕▓α╕çα╕éα╣ëα╕¡α╕íα╕╣α╕Ñα╕äα╕úα╕Üα╕ºα╕çα╕êα╕úα╕£α╣êα╕▓α╕Ö API ΓÇ║ Step 10: cleanup ΓÇö α╕Ñα╕Üα╕úα╕ûα╣üα╕Ñα╕░α╕äα╕Öα╕éα╕▒α╕Ü (3.3s)
  Γ£ô   56 [e2e-chromium] ΓÇ║ tests\e2e\app.spec.mjs:929:3 ΓÇ║ QR Pages (Public) ΓÇ║ QR Usage Record ΓÇö α╣éα╕½α╕Ñα╕öα╕¬α╕│α╣Çα╕úα╣çα╕ê (1.4s)
  Γ£ô   57 [e2e-chromium] ΓÇ║ tests\e2e\app.spec.mjs:935:3 ΓÇ║ QR Pages (Public) ΓÇ║ QR Fuel Record ΓÇö α╣éα╕½α╕Ñα╕öα╕¬α╕│α╣Çα╕úα╣çα╕ê (1.4s)
  Γ£ô   58 [e2e-chromium] ΓÇ║ tests\e2e\app.spec.mjs:941:3 ΓÇ║ QR Pages (Public) ΓÇ║ QR Daily Check ΓÇö α╣éα╕½α╕Ñα╕öα╕¬α╕│α╣Çα╕úα╣çα╕ê (1.4s)
  Γ£ô   59 [e2e-chromium] ΓÇ║ tests\e2e\app.spec.mjs:952:3 ΓÇ║ Static Pages ΓÇ║ User Guide ΓÇö α╣éα╕½α╕Ñα╕öα╕¬α╕│α╣Çα╕úα╣çα╕ê (1.5s)
  Γ£ô   60 [e2e-chromium] ΓÇ║ tests\e2e\app.spec.mjs:958:3 ΓÇ║ Static Pages ΓÇ║ PDPA Policy ΓÇö α╣éα╕½α╕Ñα╕öα╕¬α╕│α╣Çα╕úα╣çα╕ê (1.4s)
  Γ£ô   61 [e2e-chromium] ΓÇ║ tests\e2e\app.spec.mjs:964:3 ΓÇ║ Static Pages ΓÇ║ About ΓÇö α╣éα╕½α╕Ñα╕öα╕¬α╕│α╣Çα╕úα╣çα╕ê (1.6s)
  Γ£ô   62 [e2e-chromium] ΓÇ║ tests\e2e\app.spec.mjs:970:3 ΓÇ║ Static Pages ΓÇ║ Glossary ΓÇö α╣éα╕½α╕Ñα╕öα╕¬α╕│α╣Çα╕úα╣çα╕ê (1.6s)
  Γ£ô   63 [e2e-chromium] ΓÇ║ tests\e2e\app.spec.mjs:981:3 ΓÇ║ Navigation Flow ΓÇ║ Login ΓåÆ Dashboard ΓåÆ Navigate sidebar ΓåÆ Logout (6.8s)
  Γ£ô   64 [e2e-chromium] ΓÇ║ tests\e2e\app.spec.mjs:1057:5 ΓÇ║ Auth Guard ΓÇ║ /dashboard.html ΓÇö redirect α╣äα╕¢ login α╕ûα╣ëα╕▓α╕óα╕▒α╕çα╣äα╕íα╣ê login (1.1s)
  Γ£ô   65 [e2e-chromium] ΓÇ║ tests\e2e\app.spec.mjs:1057:5 ΓÇ║ Auth Guard ΓÇ║ /queue-manage.html ΓÇö redirect α╣äα╕¢ login α╕ûα╣ëα╕▓α╕óα╕▒α╕çα╣äα╕íα╣ê login (1.0s)
  Γ£ô   66 [e2e-chromium] ΓÇ║ tests\e2e\app.spec.mjs:1057:5 ΓÇ║ Auth Guard ΓÇ║ /vehicles.html ΓÇö redirect α╣äα╕¢ login α╕ûα╣ëα╕▓α╕óα╕▒α╕çα╣äα╕íα╣ê login (1.1s)
  Γ£ô   67 [e2e-chromium] ΓÇ║ tests\e2e\app.spec.mjs:1057:5 ΓÇ║ Auth Guard ΓÇ║ /drivers.html ΓÇö redirect α╣äα╕¢ login α╕ûα╣ëα╕▓α╕óα╕▒α╕çα╣äα╕íα╣ê login (1.0s)
  Γ£ô   68 [e2e-chromium] ΓÇ║ tests\e2e\app.spec.mjs:1057:5 ΓÇ║ Auth Guard ΓÇ║ /fuel-record.html ΓÇö redirect α╣äα╕¢ login α╕ûα╣ëα╕▓α╕óα╕▒α╕çα╣äα╕íα╣ê login (1.0s)
  Γ£ô   69 [e2e-chromium] ΓÇ║ tests\e2e\app.spec.mjs:1057:5 ΓÇ║ Auth Guard ΓÇ║ /repair.html ΓÇö redirect α╣äα╕¢ login α╕ûα╣ëα╕▓α╕óα╕▒α╕çα╣äα╕íα╣ê login (1.2s)
  Γ£ô   70 [e2e-chromium] ΓÇ║ tests\e2e\app.spec.mjs:1057:5 ΓÇ║ Auth Guard ΓÇ║ /reports.html ΓÇö redirect α╣äα╕¢ login α╕ûα╣ëα╕▓α╕óα╕▒α╕çα╣äα╕íα╣ê login (1.2s)
  Γ£ô   71 [e2e-chromium] ΓÇ║ tests\e2e\app.spec.mjs:1057:5 ΓÇ║ Auth Guard ΓÇ║ /user-management.html ΓÇö redirect α╣äα╕¢ login α╕ûα╣ëα╕▓α╕óα╕▒α╕çα╣äα╕íα╣ê login (982ms)
  Γ£ô   72 [e2e-chromium] ΓÇ║ tests\e2e\app.spec.mjs:1057:5 ΓÇ║ Auth Guard ΓÇ║ /audit-log.html ΓÇö redirect α╣äα╕¢ login α╕ûα╣ëα╕▓α╕óα╕▒α╕çα╣äα╕íα╣ê login (1.2s)
  Γ£ô   73 [e2e-chromium] ΓÇ║ tests\e2e\app.spec.mjs:1057:5 ΓÇ║ Auth Guard ΓÇ║ /backup-recovery.html ΓÇö redirect α╣äα╕¢ login α╕ûα╣ëα╕▓α╕óα╕▒α╕çα╣äα╕íα╣ê login (1.2s)
  Γ£ô   74 [e2e-chromium] ΓÇ║ tests\e2e\app.spec.mjs:1057:5 ΓÇ║ Auth Guard ΓÇ║ /profile.html ΓÇö redirect α╣äα╕¢ login α╕ûα╣ëα╕▓α╕óα╕▒α╕çα╣äα╕íα╣ê login (998ms)
  Γ£ô   75 [e2e-chromium] ΓÇ║ tests\e2e\app.spec.mjs:1057:5 ΓÇ║ Auth Guard ΓÇ║ /notifications.html ΓÇö redirect α╣äα╕¢ login α╕ûα╣ëα╕▓α╕óα╕▒α╕çα╣äα╕íα╣ê login (970ms)
  Γ£ô   76 [e2e-chromium] ΓÇ║ tests\e2e\app.spec.mjs:1057:5 ΓÇ║ Auth Guard ΓÇ║ /admin-settings.html ΓÇö redirect α╣äα╕¢ login α╕ûα╣ëα╕▓α╕óα╕▒α╕çα╣äα╕íα╣ê login (1.3s)
  Γ£ô   77 [e2e-chromium] ΓÇ║ tests\e2e\app.spec.mjs:1072:3 ΓÇ║ Responsive Mobile View ΓÇ║ Login α╕½α╕Öα╣ëα╕▓α╕íα╕╖α╕¡α╕ûα╕╖α╕¡ ΓÇö α╕ƒα╕¡α╕úα╣îα╕íα╣üα╕¬α╕öα╕çα╕ûα╕╣α╕üα╕òα╣ëα╕¡α╕ç (1.4s)
  Γ£ô   78 [e2e-chromium] ΓÇ║ tests\e2e\app.spec.mjs:1079:3 ΓÇ║ Responsive Mobile View ΓÇ║ Dashboard α╕½α╕Öα╣ëα╕▓α╕íα╕╖α╕¡α╕ûα╕╖α╕¡ ΓÇö α╕íα╕╡ hamburger menu (1.5s)
  Γ£ô   79 [e2e-chromium] ΓÇ║ tests\e2e\app.spec.mjs:1109:5 ΓÇ║ Console Error Check ΓÇ║ Dashboard ΓÇö α╣äα╕íα╣êα╕íα╕╡ JS error α╕úα╣ëα╕▓α╕óα╣üα╕úα╕ç (3.6s)
  Γ£ô   80 [e2e-chromium] ΓÇ║ tests\e2e\app.spec.mjs:1109:5 ΓÇ║ Console Error Check ΓÇ║ Vehicles ΓÇö α╣äα╕íα╣êα╕íα╕╡ JS error α╕úα╣ëα╕▓α╕óα╣üα╕úα╕ç (3.6s)
  Γ£ô   81 [e2e-chromium] ΓÇ║ tests\e2e\app.spec.mjs:1109:5 ΓÇ║ Console Error Check ΓÇ║ Drivers ΓÇö α╣äα╕íα╣êα╕íα╕╡ JS error α╕úα╣ëα╕▓α╕óα╣üα╕úα╕ç (3.5s)
  Γ£ô   82 [e2e-chromium] ΓÇ║ tests\e2e\app.spec.mjs:1109:5 ΓÇ║ Console Error Check ΓÇ║ Queue ΓÇö α╣äα╕íα╣êα╕íα╕╡ JS error α╕úα╣ëα╕▓α╕óα╣üα╕úα╕ç (3.4s)
  Γ£ô   83 [e2e-chromium] ΓÇ║ tests\e2e\app.spec.mjs:1109:5 ΓÇ║ Console Error Check ΓÇ║ Fuel ΓÇö α╣äα╕íα╣êα╕íα╕╡ JS error α╕úα╣ëα╕▓α╕óα╣üα╕úα╕ç (3.7s)
  Γ£ô   84 [e2e-chromium] ΓÇ║ tests\e2e\app.spec.mjs:1109:5 ΓÇ║ Console Error Check ΓÇ║ Repair ΓÇö α╣äα╕íα╣êα╕íα╕╡ JS error α╕úα╣ëα╕▓α╕óα╣üα╕úα╕ç (3.6s)
  Γ£ô   85 [e2e-chromium] ΓÇ║ tests\e2e\app.spec.mjs:1109:5 ΓÇ║ Console Error Check ΓÇ║ Reports ΓÇö α╣äα╕íα╣êα╕íα╕╡ JS error α╕úα╣ëα╕▓α╕óα╣üα╕úα╕ç (3.7s)
  Γ£ô   86 [e2e-chromium] ΓÇ║ tests\e2e\backup.spec.mjs:42:3 ΓÇ║ Backup & Recovery API ΓÇ║ Bootstrap: login as admin (3.0s)
  Γ£ô   87 [e2e-chromium] ΓÇ║ tests\e2e\backup.spec.mjs:57:3 ΓÇ║ Backup & Recovery API ΓÇ║ Bootstrap: α╕¬α╕úα╣ëα╕▓α╕ç viewer user (8ms)
  Γ£ô   88 [e2e-chromium] ΓÇ║ tests\e2e\backup.spec.mjs:75:3 ΓÇ║ Backup & Recovery API ΓÇ║ POST /api/backup ΓåÆ α╕¬α╕úα╣ëα╕▓α╕ç backup (21ms)
  Γ£ô   89 [e2e-chromium] ΓÇ║ tests\e2e\backup.spec.mjs:84:3 ΓÇ║ Backup & Recovery API ΓÇ║ GET /api/backup ΓåÆ list backups (α╕òα╣ëα╕¡α╕çα╣äα╕öα╣ë array) (6ms)
  Γ£ô   90 [e2e-chromium] ΓÇ║ tests\e2e\backup.spec.mjs:92:3 ΓÇ║ Backup & Recovery API ΓÇ║ GET /api/backup ΓåÆ list α╣äα╕íα╣êα╣Çα╕üα╕┤α╕Ö 50 α╕úα╕▓α╕óα╕üα╕▓α╕ú (6ms)
  Γ£ô   91 [e2e-chromium] ΓÇ║ tests\e2e\backup.spec.mjs:100:3 ΓÇ║ Backup & Recovery API ΓÇ║ GET /api/backup/:id ΓåÆ α╕öα╕╣ backup metadata (0ms)
  Γ£ô   92 [e2e-chromium] ΓÇ║ tests\e2e\backup.spec.mjs:116:3 ΓÇ║ Backup & Recovery API ΓÇ║ POST /api/backup/:id/restore ΓåÆ restore backup (0ms)
  Γ£ô   93 [e2e-chromium] ΓÇ║ tests\e2e\backup.spec.mjs:123:3 ΓÇ║ Backup & Recovery API ΓÇ║ POST /api/backup/999999/restore ΓåÆ 404 α╕¬α╕│α╕½α╕úα╕▒α╕Ü non-existent (5ms)
  Γ£ô   94 [e2e-chromium] ΓÇ║ tests\e2e\backup.spec.mjs:131:3 ΓÇ║ Backup & Recovery API ΓÇ║ GET /api/backup α╣äα╕íα╣êα╕íα╕╡ token ΓåÆ 401 (3ms)
  Γ£ô   95 [e2e-chromium] ΓÇ║ tests\e2e\backup.spec.mjs:136:3 ΓÇ║ Backup & Recovery API ΓÇ║ POST /api/backup α╣äα╕íα╣êα╕íα╕╡ token ΓåÆ 401 (3ms)
  Γ£ô   96 [e2e-chromium] ΓÇ║ tests\e2e\backup.spec.mjs:141:3 ΓÇ║ Backup & Recovery API ΓÇ║ GET /api/backup α╕öα╣ëα╕ºα╕ó viewer token ΓåÆ 403 (0ms)
  Γ£ô   97 [e2e-chromium] ΓÇ║ tests\e2e\backup.spec.mjs:147:3 ΓÇ║ Backup & Recovery API ΓÇ║ POST /api/backup α╕öα╣ëα╕ºα╕ó viewer token ΓåÆ 403 (0ms)
  Γ£ô   98 [e2e-chromium] ΓÇ║ tests\e2e\check-repair.spec.mjs:136:3 ΓÇ║ 1. Daily Check ΓÇö α╕Üα╕▒α╕Öα╕ùα╕╢α╕üα╕òα╕úα╕ºα╕êα╕¬α╕áα╕▓α╕₧ (Public) ΓÇ║ α╕Üα╕▒α╕Öα╕ùα╕╢α╕üα╕òα╕úα╕ºα╕êα╕¬α╕áα╕▓α╕₧α╣üα╕Üα╕Ü minimal (car_id α╣Çα╕ùα╣êα╕▓α╕Öα╕▒α╣ëα╕Ö) ΓåÆ α╕¬α╕│α╣Çα╕úα╣çα╕ê (7ms)
  Γ£ô   99 [e2e-chromium] ΓÇ║ tests\e2e\check-repair.spec.mjs:143:3 ΓÇ║ 1. Daily Check ΓÇö α╕Üα╕▒α╕Öα╕ùα╕╢α╕üα╕òα╕úα╕ºα╕êα╕¬α╕áα╕▓α╕₧ (Public) ΓÇ║ α╕Üα╕▒α╕Öα╕ùα╕╢α╕üα╕òα╕úα╕ºα╕êα╕¬α╕áα╕▓α╕₧α╕₧α╕úα╣ëα╕¡α╕íα╕úα╕▓α╕óα╕Ñα╕░α╣Çα╕¡α╕╡α╕óα╕öα╕äα╕úα╕Üα╕ùα╕╕α╕ü field ΓåÆ α╕¬α╕│α╣Çα╕úα╣çα╕ê (6ms)
  Γ£ô  100 [e2e-chromium] ΓÇ║ tests\e2e\check-repair.spec.mjs:163:3 ΓÇ║ 1. Daily Check ΓÇö α╕Üα╕▒α╕Öα╕ùα╕╢α╕üα╕òα╕úα╕ºα╕êα╕¬α╕áα╕▓α╕₧ (Public) ΓÇ║ α╕Üα╕▒α╕Öα╕ùα╕╢α╕üα╕öα╣ëα╕ºα╕ó license_plate α╣üα╕ùα╕Ö UUID ΓåÆ α╕¬α╕│α╣Çα╕úα╣çα╕ê (11ms)
  Γ£ô  101 [e2e-chromium] ΓÇ║ tests\e2e\check-repair.spec.mjs:172:3 ΓÇ║ 1. Daily Check ΓÇö α╕Üα╕▒α╕Öα╕ùα╕╢α╕üα╕òα╕úα╕ºα╕êα╕¬α╕áα╕▓α╕₧ (Public) ΓÇ║ α╣äα╕íα╣êα╕òα╣ëα╕¡α╕çα╕íα╕╡ token (PUBLIC endpoint) ΓåÆ α╕¬α╕│α╣Çα╕úα╣çα╕ê (7ms)
  Γ£ô  102 [e2e-chromium] ΓÇ║ tests\e2e\check-repair.spec.mjs:181:3 ΓÇ║ 1. Daily Check ΓÇö α╕Üα╕▒α╕Öα╕ùα╕╢α╕üα╕òα╕úα╕ºα╕êα╕¬α╕áα╕▓α╕₧ (Public) ΓÇ║ α╕Üα╕▒α╕Öα╕ùα╕╢α╕ü check_type: shift_start ΓåÆ α╕¬α╕│α╣Çα╕úα╣çα╕ê (6ms)
  Γ£ô  103 [e2e-chromium] ΓÇ║ tests\e2e\check-repair.spec.mjs:193:3 ΓÇ║ 1. Daily Check ΓÇö α╕Üα╕▒α╕Öα╕ùα╕╢α╕üα╕òα╕úα╕ºα╕êα╕¬α╕áα╕▓α╕₧ (Public) ΓÇ║ α╕Üα╕▒α╕Öα╕ùα╕╢α╕üα╕¬α╕ûα╕▓α╕Öα╕░ warning + issue_description ΓåÆ α╕¬α╕│α╣Çα╕úα╣çα╕ê + α╕¬α╕úα╣ëα╕▓α╕ç alert (9ms)
  Γ£ô  104 [e2e-chromium] ΓÇ║ tests\e2e\check-repair.spec.mjs:207:3 ΓÇ║ 1. Daily Check ΓÇö α╕Üα╕▒α╕Öα╕ùα╕╢α╕üα╕òα╕úα╕ºα╕êα╕¬α╕áα╕▓α╕₧ (Public) ΓÇ║ issues_found: true ΓåÆ override α╣Çα╕¢α╣çα╕Ö critical + α╕¬α╕úα╣ëα╕▓α╕ç alert (9ms)
  Γ£ô  105 [e2e-chromium] ΓÇ║ tests\e2e\check-repair.spec.mjs:223:3 ΓÇ║ 1. Daily Check ΓÇö α╕Üα╕▒α╕Öα╕ùα╕╢α╕üα╕òα╕úα╕ºα╕êα╕¬α╕áα╕▓α╕₧ (Public) ΓÇ║ overall_status α╣äα╕íα╣êα╕ûα╕╣α╕üα╕òα╣ëα╕¡α╕ç ΓåÆ normalize α╣Çα╕¢α╣çα╕Ö ok (6ms)
  Γ£ô  106 [e2e-chromium] ΓÇ║ tests\e2e\check-repair.spec.mjs:233:3 ΓÇ║ 1. Daily Check ΓÇö α╕Üα╕▒α╕Öα╕ùα╕╢α╕üα╕òα╕úα╕ºα╕êα╕¬α╕áα╕▓α╕₧ (Public) ΓÇ║ α╣äα╕íα╣êα╕¬α╣êα╕ç car_id ΓåÆ error (4ms)
  Γ£ô  107 [e2e-chromium] ΓÇ║ tests\e2e\check-repair.spec.mjs:238:3 ΓÇ║ 1. Daily Check ΓÇö α╕Üα╕▒α╕Öα╕ùα╕╢α╕üα╕òα╕úα╕ºα╕êα╕¬α╕áα╕▓α╕₧ (Public) ΓÇ║ car_id α╣äα╕íα╣êα╕íα╕╡α╣âα╕Öα╕úα╕░α╕Üα╕Ü ΓåÆ error (6ms)
  Γ£ô  108 [e2e-chromium] ΓÇ║ tests\e2e\check-repair.spec.mjs:249:3 ΓÇ║ 2. Check Log ΓÇö α╕¢α╕úα╕░α╕ºα╕▒α╕òα╕┤α╕üα╕▓α╕úα╕òα╕úα╕ºα╕êα╕¬α╕áα╕▓α╕₧ ΓÇ║ α╕öα╕╢α╕ç check log α╕ùα╕▒α╣ëα╕çα╕½α╕íα╕ö ΓåÆ success + array (6ms)
  Γ£ô  109 [e2e-chromium] ΓÇ║ tests\e2e\check-repair.spec.mjs:257:3 ΓÇ║ 2. Check Log ΓÇö α╕¢α╕úα╕░α╕ºα╕▒α╕òα╕┤α╕üα╕▓α╕úα╕òα╕úα╕ºα╕êα╕¬α╕áα╕▓α╕₧ ΓÇ║ α╕öα╕╢α╕ç check log α╕üα╕úα╕¡α╕ç car_id ΓåÆ α╣Çα╕ëα╕₧α╕▓α╕░α╕úα╕ûα╕ùα╕╡α╣êα╕úα╕░α╕Üα╕╕ (9ms)
  Γ£ô  110 [e2e-chromium] ΓÇ║ tests\e2e\check-repair.spec.mjs:266:3 ΓÇ║ 2. Check Log ΓÇö α╕¢α╕úα╕░α╕ºα╕▒α╕òα╕┤α╕üα╕▓α╕úα╕òα╕úα╕ºα╕êα╕¬α╕áα╕▓α╕₧ ΓÇ║ check log α╕íα╕╡ overall_status α╕½α╕Ñα╕▓α╕óα╣üα╕Üα╕Üα╕êα╕▓α╕ü test α╕üα╣êα╕¡α╕Öα╕½α╕Öα╣ëα╕▓ (6ms)
  Γ£ô  111 [e2e-chromium] ΓÇ║ tests\e2e\check-repair.spec.mjs:277:3 ΓÇ║ 2. Check Log ΓÇö α╕¢α╕úα╕░α╕ºα╕▒α╕òα╕┤α╕üα╕▓α╕úα╕òα╕úα╕ºα╕êα╕¬α╕áα╕▓α╕₧ ΓÇ║ α╕üα╕úα╕¡α╕ç date_from/date_to ΓåÆ α╕äα╕╖α╕Öα╣Çα╕ëα╕₧α╕▓α╕░α╕èα╣êα╕ºα╕çα╕ùα╕╡α╣êα╕üα╕│α╕½α╕Öα╕ö (7ms)
  Γ£ô  112 [e2e-chromium] ΓÇ║ tests\e2e\check-repair.spec.mjs:287:3 ΓÇ║ 2. Check Log ΓÇö α╕¢α╕úα╕░α╕ºα╕▒α╕òα╕┤α╕üα╕▓α╕úα╕òα╕úα╕ºα╕êα╕¬α╕áα╕▓α╕₧ ΓÇ║ α╣äα╕íα╣êα╕íα╕╡ token ΓåÆ 401 (3ms)
  Γ£ô  113 [e2e-chromium] ΓÇ║ tests\e2e\check-repair.spec.mjs:299:3 ΓÇ║ 3. Inspection Alerts ΓÇö α╣üα╕êα╣ëα╕çα╣Çα╕òα╕╖α╕¡α╕Öα╕òα╕úα╕ºα╕êα╕¬α╕áα╕▓α╕₧ ΓÇ║ α╕öα╕╢α╕ç alerts α╕ùα╕╡α╣êα╕óα╕▒α╕çα╣äα╕íα╣êα╣äα╕öα╣ë resolve ΓåÆ array (6ms)
  Γ£ô  114 [e2e-chromium] ΓÇ║ tests\e2e\check-repair.spec.mjs:306:3 ΓÇ║ 3. Inspection Alerts ΓÇö α╣üα╕êα╣ëα╕çα╣Çα╕òα╕╖α╕¡α╕Öα╕òα╕úα╕ºα╕êα╕¬α╕áα╕▓α╕₧ ΓÇ║ alerts α╕íα╕╡ entry α╕êα╕▓α╕üα╕üα╕▓α╕úα╕òα╕úα╕ºα╕êα╕¬α╕áα╕▓α╕₧α╕ùα╕╡α╣êα╕₧α╕Üα╕¢α╕▒α╕ìα╕½α╕▓ (6ms)
  Γ£ô  115 [e2e-chromium] ΓÇ║ tests\e2e\check-repair.spec.mjs:322:3 ΓÇ║ 3. Inspection Alerts ΓÇö α╣üα╕êα╣ëα╕çα╣Çα╕òα╕╖α╕¡α╕Öα╕òα╕úα╕ºα╕êα╕¬α╕áα╕▓α╕₧ ΓÇ║ resolve alert ΓåÆ α╕¬α╕│α╣Çα╕úα╣çα╕ê (6ms)
  Γ£ô  116 [e2e-chromium] ΓÇ║ tests\e2e\check-repair.spec.mjs:328:3 ΓÇ║ 3. Inspection Alerts ΓÇö α╣üα╕êα╣ëα╕çα╣Çα╕òα╕╖α╕¡α╕Öα╕òα╕úα╕ºα╕êα╕¬α╕áα╕▓α╕₧ ΓÇ║ α╕½α╕Ñα╕▒α╕ç resolve α╣üα╕Ñα╣ëα╕º ΓÇö alert α╣äα╕íα╣êα╕¡α╕óα╕╣α╣êα╣âα╕Ö unresolved list (6ms)
  Γ£ô  117 [e2e-chromium] ΓÇ║ tests\e2e\check-repair.spec.mjs:335:3 ΓÇ║ 3. Inspection Alerts ΓÇö α╣üα╕êα╣ëα╕çα╣Çα╕òα╕╖α╕¡α╕Öα╕òα╕úα╕ºα╕êα╕¬α╕áα╕▓α╕₧ ΓÇ║ α╣äα╕íα╣êα╕íα╕╡ token ΓåÆ 401 (3ms)
  Γ£ô  118 [e2e-chromium] ΓÇ║ tests\e2e\check-repair.spec.mjs:346:3 ΓÇ║ 4. α╣üα╕êα╣ëα╕çα╕ïα╣êα╕¡α╕í ΓÇö α╕¬α╕úα╣ëα╕▓α╕ç Repair Request ΓÇ║ α╕¬α╕úα╣ëα╕▓α╕ç repair request ΓåÆ status: requested (10ms)
  Γ£ô  119 [e2e-chromium] ΓÇ║ tests\e2e\check-repair.spec.mjs:360:3 ΓÇ║ 4. α╣üα╕êα╣ëα╕çα╕ïα╣êα╕¡α╕í ΓÇö α╕¬α╕úα╣ëα╕▓α╕ç Repair Request ΓÇ║ GET /api/repair/log ΓåÆ α╕úα╕▓α╕óα╕üα╕▓α╕úα╕íα╕╡ repair α╕ùα╕╡α╣êα╣Çα╕₧α╕┤α╣êα╕çα╕¬α╕úα╣ëα╕▓α╕ç (9ms)
  Γ£ô  120 [e2e-chromium] ΓÇ║ tests\e2e\check-repair.spec.mjs:368:3 ΓÇ║ 4. α╣üα╕êα╣ëα╕çα╕ïα╣êα╕¡α╕í ΓÇö α╕¬α╕úα╣ëα╕▓α╕ç Repair Request ΓÇ║ GET /api/repair/log/:id ΓåÆ details α╕ûα╕╣α╕üα╕òα╣ëα╕¡α╕ç (9ms)
  Γ£ô  121 [e2e-chromium] ΓÇ║ tests\e2e\check-repair.spec.mjs:379:3 ΓÇ║ 4. α╣üα╕êα╣ëα╕çα╕ïα╣êα╕¡α╕í ΓÇö α╕¬α╕úα╣ëα╕▓α╕ç Repair Request ΓÇ║ POST α╣äα╕íα╣êα╕¬α╣êα╕ç car_id ΓåÆ error (5ms)
  Γ£ô  122 [e2e-chromium] ΓÇ║ tests\e2e\check-repair.spec.mjs:387:3 ΓÇ║ 4. α╣üα╕êα╣ëα╕çα╕ïα╣êα╕¡α╕í ΓÇö α╕¬α╕úα╣ëα╕▓α╕ç Repair Request ΓÇ║ POST α╣äα╕íα╣êα╕íα╕╡ token ΓåÆ 401 (3ms)
  Γ£ô  123 [e2e-chromium] ΓÇ║ tests\e2e\check-repair.spec.mjs:402:3 ΓÇ║ 5. Repair Workflow α╕¬α╕íα╕Üα╕╣α╕úα╕ôα╣î ΓÇ║ α╕¡α╕Öα╕╕α╕íα╕▒α╕òα╕┤α╣üα╕êα╣ëα╕çα╕ïα╣êα╕¡α╕í (approve) ΓåÆ status: approved (18ms)
  Γ£ô  124 [e2e-chromium] ΓÇ║ tests\e2e\check-repair.spec.mjs:410:3 ΓÇ║ 5. Repair Workflow α╕¬α╕íα╕Üα╕╣α╕úα╕ôα╣î ΓÇ║ α╕Ñα╕¡α╕ç approve α╕ïα╣ëα╕│ (α╣äα╕íα╣êα╣âα╕èα╣ê requested) ΓåÆ error (6ms)
  Γ£ô  125 [e2e-chromium] ΓÇ║ tests\e2e\check-repair.spec.mjs:416:3 ΓÇ║ 5. Repair Workflow α╕¬α╕íα╕Üα╕╣α╕úα╕ôα╣î ΓÇ║ α╕Üα╕▒α╕Öα╕ùα╕╢α╕üα╕òα╕úα╕ºα╕êα╕¬α╕áα╕▓α╕₧+α╣âα╕Üα╣Çα╕¬α╕Öα╕¡α╕úα╕▓α╕äα╕▓ (inspect) ΓåÆ status: inspected (18ms)
  Γ£ô  126 [e2e-chromium] ΓÇ║ tests\e2e\check-repair.spec.mjs:429:3 ΓÇ║ 5. Repair Workflow α╕¬α╕íα╕Üα╕╣α╕úα╕ôα╣î ΓÇ║ α╕ùα╕│α╕Üα╕▒α╕Öα╕ùα╕╢α╕üα╕éα╣ëα╕¡α╕äα╕ºα╕▓α╕í (document) ΓåÆ status: documented (17ms)
  Γ£ô  127 [e2e-chromium] ΓÇ║ tests\e2e\check-repair.spec.mjs:439:3 ΓÇ║ 5. Repair Workflow α╕¬α╕íα╕Üα╕╣α╕úα╕ôα╣î ΓÇ║ α╣Çα╕úα╕┤α╣êα╕íα╕ïα╣êα╕¡α╕í (start-repair) ΓåÆ status: repairing + α╕úα╕û under_repair (26ms)
  Γ£ô  128 [e2e-chromium] ΓÇ║ tests\e2e\check-repair.spec.mjs:454:3 ΓÇ║ 5. Repair Workflow α╕¬α╕íα╕Üα╕╣α╕úα╕ôα╣î ΓÇ║ α╕Üα╕▒α╕Öα╕ùα╕╢α╕üα╕ïα╣êα╕¡α╕íα╣Çα╕¬α╕úα╣çα╕ê (complete) ΓåÆ status: completed + α╕úα╕ûα╕üα╕Ñα╕▒α╕Ü active (29ms)
  Γ£ô  129 [e2e-chromium] ΓÇ║ tests\e2e\check-repair.spec.mjs:479:3 ΓÇ║ 6. Repair Reject Flow ΓÇ║ α╕¬α╕úα╣ëα╕▓α╕ç repair request α╕¬α╕│α╕½α╕úα╕▒α╕Üα╕ùα╕öα╕¬α╕¡α╕Ü reject (12ms)
  Γ£ô  130 [e2e-chromium] ΓÇ║ tests\e2e\check-repair.spec.mjs:491:3 ΓÇ║ 6. Repair Reject Flow ΓÇ║ α╕¢α╕Åα╕┤α╣Çα╕¬α╕ÿα╣üα╕êα╣ëα╕çα╕ïα╣êα╕¡α╕í (reject) α╕₧α╕úα╣ëα╕¡α╕í reason ΓåÆ status: rejected (16ms)
  Γ£ô  131 [e2e-chromium] ΓÇ║ tests\e2e\check-repair.spec.mjs:502:3 ΓÇ║ 6. Repair Reject Flow ΓÇ║ α╕Ñα╕¡α╕ç approve α╕½α╕Ñα╕▒α╕ç reject α╣üα╕Ñα╣ëα╕º ΓåÆ error (α╣äα╕íα╣êα╣âα╕èα╣ê requested) (6ms)
  Γ£ô  132 [e2e-chromium] ΓÇ║ tests\e2e\check-repair.spec.mjs:508:3 ΓÇ║ 6. Repair Reject Flow ΓÇ║ reject α╣éα╕öα╕óα╣äα╕íα╣êα╕¬α╣êα╕ç reason ΓåÆ α╕¬α╕│α╣Çα╕úα╣çα╕ê (reason α╣Çα╕¢α╣çα╕Ö optional) (20ms)
  Γ£ô  133 [e2e-chromium] ΓÇ║ tests\e2e\check-repair.spec.mjs:526:3 ΓÇ║ 7. Repair Update & Delete ΓÇ║ α╕¬α╕úα╣ëα╕▓α╕ç repair request α╕¬α╕│α╕½α╕úα╕▒α╕Ü update/delete (11ms)
  Γ£ô  134 [e2e-chromium] ΓÇ║ tests\e2e\check-repair.spec.mjs:540:3 ΓÇ║ 7. Repair Update & Delete ΓÇ║ PUT α╕¡α╕▒α╕¢α╣Çα╕öα╕ò garage_name α╣üα╕Ñα╕░ notes ΓåÆ α╕¬α╕│α╣Çα╕úα╣çα╕ê + α╕éα╣ëα╕¡α╕íα╕╣α╕Ñα╣Çα╕¢α╕Ñα╕╡α╣êα╕óα╕Ö (17ms)
  Γ£ô  135 [e2e-chromium] ΓÇ║ tests\e2e\check-repair.spec.mjs:552:3 ΓÇ║ 7. Repair Update & Delete ΓÇ║ DELETE repair ΓåÆ α╕¬α╕│α╣Çα╕úα╣çα╕ê + record α╕½α╕▓α╕óα╣äα╕¢ (23ms)
  Γ£ô  136 [e2e-chromium] ΓÇ║ tests\e2e\check-repair.spec.mjs:561:3 ΓÇ║ 7. Repair Update & Delete ΓÇ║ DELETE α╣äα╕íα╣êα╕íα╕╡ token ΓåÆ 401 (3ms)
  Γ£ô  137 [e2e-chromium] ΓÇ║ tests\e2e\check-repair.spec.mjs:572:3 ΓÇ║ 8. Repair α╕₧α╕úα╣ëα╕¡α╕í items_detail (α╕úα╕▓α╕óα╕üα╕▓α╕úα╕¡α╕░α╣äα╕½α╕Ñα╣ê) ΓÇ║ α╕¬α╕úα╣ëα╕▓α╕ç repair α╕₧α╕úα╣ëα╕¡α╕í items_detail ΓåÆ α╕¬α╕│α╣Çα╕úα╣çα╕ê (19ms)
  Γ£ô  138 [e2e-chromium] ΓÇ║ tests\e2e\check-repair.spec.mjs:601:3 ΓÇ║ 8. Repair α╕₧α╕úα╣ëα╕¡α╕í items_detail (α╕úα╕▓α╕óα╕üα╕▓α╕úα╕¡α╕░α╣äα╕½α╕Ñα╣ê) ΓÇ║ GET /api/repair/log/:id ΓåÆ α╕íα╕╡ items_detail α╣âα╕Ö response (8ms)
  Γ£ô  139 [e2e-chromium] ΓÇ║ tests\e2e\check-repair.spec.mjs:612:3 ΓÇ║ 8. Repair α╕₧α╕úα╣ëα╕¡α╕í items_detail (α╕úα╕▓α╕óα╕üα╕▓α╕úα╕¡α╕░α╣äα╕½α╕Ñα╣ê) ΓÇ║ GET /api/repair/log/:id/items ΓåÆ α╕úα╕▓α╕óα╕üα╕▓α╕úα╕¡α╕░α╣äα╕½α╕Ñα╣êα╕ûα╕╣α╕üα╕òα╣ëα╕¡α╕ç (7ms)
  Γ£ô  140 [e2e-chromium] ΓÇ║ tests\e2e\check-repair.spec.mjs:623:3 ΓÇ║ 8. Repair α╕₧α╕úα╣ëα╕¡α╕í items_detail (α╕úα╕▓α╕óα╕üα╕▓α╕úα╕¡α╕░α╣äα╕½α╕Ñα╣ê) ΓÇ║ PUT α╕¡α╕▒α╕¢α╣Çα╕öα╕ò items_detail ΓåÆ α╕úα╕▓α╕óα╕üα╕▓α╕úα╣Çα╕üα╣êα╕▓α╕ûα╕╣α╕üα╣üα╕ùα╕Öα╕ùα╕╡α╣ê (16ms)
  Γ£ô  141 [e2e-chromium] ΓÇ║ tests\e2e\check-repair.spec.mjs:649:3 ΓÇ║ 9. Repair ΓÇö α╕üα╕úα╕¡α╕çα╕úα╕▓α╕óα╕üα╕▓α╕ú ΓÇ║ GET ?car_id= ΓåÆ α╣Çα╕ëα╕₧α╕▓α╕░α╕úα╕ûα╕ùα╕╡α╣êα╕úα╕░α╕Üα╕╕ (7ms)
  Γ£ô  142 [e2e-chromium] ΓÇ║ tests\e2e\check-repair.spec.mjs:660:3 ΓÇ║ 9. Repair ΓÇö α╕üα╕úα╕¡α╕çα╕úα╕▓α╕óα╕üα╕▓α╕ú ΓÇ║ GET ?status=completed ΓåÆ α╣Çα╕ëα╕₧α╕▓α╕░α╕ùα╕╡α╣ê completed (6ms)
  Γ£ô  143 [e2e-chromium] ΓÇ║ tests\e2e\check-repair.spec.mjs:667:3 ΓÇ║ 9. Repair ΓÇö α╕üα╕úα╕¡α╕çα╕úα╕▓α╕óα╕üα╕▓α╕ú ΓÇ║ GET ?status=requested ΓåÆ α╣Çα╕ëα╕₧α╕▓α╕░α╕ùα╕╡α╣ê requested (6ms)
  Γ£ô  144 [e2e-chromium] ΓÇ║ tests\e2e\check-repair.spec.mjs:681:3 ΓÇ║ 10. Scheduled Repairs ΓÇö α╕üα╕│α╕½α╕Öα╕öα╕üα╕▓α╕úα╕ïα╣êα╕¡α╕í ΓÇ║ α╕¬α╕úα╣ëα╕▓α╕ç scheduled repair ΓåÆ α╕¬α╕│α╣Çα╕úα╣çα╕ê (23ms)
  Γ£ô  145 [e2e-chromium] ΓÇ║ tests\e2e\check-repair.spec.mjs:694:3 ΓÇ║ 10. Scheduled Repairs ΓÇö α╕üα╕│α╕½α╕Öα╕öα╕üα╕▓α╕úα╕ïα╣êα╕¡α╕í ΓÇ║ GET /api/repair/scheduled ΓåÆ α╕úα╕▓α╕óα╕üα╕▓α╕úα╕íα╕╡ entry α╕ùα╕╡α╣êα╕¬α╕úα╣ëα╕▓α╕ç (6ms)
  Γ£ô  146 [e2e-chromium] ΓÇ║ tests\e2e\check-repair.spec.mjs:702:3 ΓÇ║ 10. Scheduled Repairs ΓÇö α╕üα╕│α╕½α╕Öα╕öα╕üα╕▓α╕úα╕ïα╣êα╕¡α╕í ΓÇ║ GET ?status=pending ΓåÆ α╣Çα╕ëα╕₧α╕▓α╕░ pending (6ms)
  Γ£ô  147 [e2e-chromium] ΓÇ║ tests\e2e\check-repair.spec.mjs:709:3 ΓÇ║ 10. Scheduled Repairs ΓÇö α╕üα╕│α╕½α╕Öα╕öα╕üα╕▓α╕úα╕ïα╣êα╕¡α╕í ΓÇ║ PUT α╕¡α╕▒α╕¢α╣Çα╕öα╕ò status ΓåÆ α╕¬α╕│α╣Çα╕úα╣çα╕ê (5ms)
  Γ£ô  148 [e2e-chromium] ΓÇ║ tests\e2e\check-repair.spec.mjs:717:3 ΓÇ║ 10. Scheduled Repairs ΓÇö α╕üα╕│α╕½α╕Öα╕öα╕üα╕▓α╕úα╕ïα╣êα╕¡α╕í ΓÇ║ POST α╣äα╕íα╣êα╕íα╕╡ car_id ΓåÆ error (5ms)
  Γ£ô  149 [e2e-chromium] ΓÇ║ tests\e2e\check-repair.spec.mjs:726:3 ΓÇ║ 10. Scheduled Repairs ΓÇö α╕üα╕│α╕½α╕Öα╕öα╕üα╕▓α╕úα╕ïα╣êα╕¡α╕í ΓÇ║ α╣äα╕íα╣êα╕íα╕╡ token ΓåÆ 401 (3ms)
  Γ£ô  150 [e2e-chromium] ΓÇ║ tests\e2e\check-repair.spec.mjs:736:3 ΓÇ║ 11. Repair & Check Permissions ΓÇ║ POST /api/repair/log α╣äα╕íα╣êα╕íα╕╡ token ΓåÆ 401 (3ms)
  Γ£ô  151 [e2e-chromium] ΓÇ║ tests\e2e\check-repair.spec.mjs:746:3 ΓÇ║ 11. Repair & Check Permissions ΓÇ║ GET /api/repair/log α╣äα╕íα╣êα╕íα╕╡ token ΓåÆ 401 (3ms)
  Γ£ô  152 [e2e-chromium] ΓÇ║ tests\e2e\check-repair.spec.mjs:751:3 ΓÇ║ 11. Repair & Check Permissions ΓÇ║ GET /api/check/log α╣äα╕íα╣êα╕íα╕╡ token ΓåÆ 401 (3ms)
  Γ£ô  153 [e2e-chromium] ΓÇ║ tests\e2e\check-repair.spec.mjs:756:3 ΓÇ║ 11. Repair & Check Permissions ΓÇ║ GET /api/check/alerts α╣äα╕íα╣êα╕íα╕╡ token ΓåÆ 401 (2ms)
  Γ£ô  154 [e2e-chromium] ΓÇ║ tests\e2e\check-repair.spec.mjs:761:3 ΓÇ║ 11. Repair & Check Permissions ΓÇ║ POST /api/check/daily α╣äα╕íα╣êα╕íα╕╡ token ΓåÆ α╕¬α╕│α╣Çα╕úα╣çα╕ê (PUBLIC endpoint) (7ms)
  Γ£ô  155 [e2e-chromium] ΓÇ║ tests\e2e\check-repair.spec.mjs:775:3 ΓÇ║ 12. UI Tests ΓÇö α╣éα╕½α╕Ñα╕öα╕½α╕Öα╣ëα╕▓α╣Çα╕ºα╣çα╕Ü ΓÇ║ repair.html α╣éα╕½α╕Ñα╕öα╕¬α╕│α╣Çα╕úα╣çα╕ê α╣äα╕íα╣ê 5xx (1.2s)
  Γ£ô  156 [e2e-chromium] ΓÇ║ tests\e2e\check-repair.spec.mjs:781:3 ΓÇ║ 12. UI Tests ΓÇö α╣éα╕½α╕Ñα╕öα╕½α╕Öα╣ëα╕▓α╣Çα╕ºα╣çα╕Ü ΓÇ║ qr-daily-check.html α╣éα╕½α╕Ñα╕öα╕¬α╕│α╣Çα╕úα╣çα╕ê α╣äα╕íα╣ê 5xx (901ms)
  Γ£ô  157 [e2e-chromium] ΓÇ║ tests\e2e\check-repair.spec.mjs:787:3 ΓÇ║ 12. UI Tests ΓÇö α╣éα╕½α╕Ñα╕öα╕½α╕Öα╣ëα╕▓α╣Çα╕ºα╣çα╕Ü ΓÇ║ qr-daily-check.html α╕íα╕╡α╣Çα╕Öα╕╖α╣ëα╕¡α╕½α╕▓α╕½α╕Öα╣ëα╕▓ (body α╣äα╕íα╣êα╕ºα╣êα╕▓α╕ç) (906ms)
  Γ£ô  158 [e2e-chromium] ΓÇ║ tests\e2e\check-repair.spec.mjs:793:3 ΓÇ║ 12. UI Tests ΓÇö α╣éα╕½α╕Ñα╕öα╕½α╕Öα╣ëα╕▓α╣Çα╕ºα╣çα╕Ü ΓÇ║ repair.html α╕íα╕╡α╣Çα╕Öα╕╖α╣ëα╕¡α╕½α╕▓α╕½α╕Öα╣ëα╕▓ (body α╣äα╕íα╣êα╕ºα╣êα╕▓α╕ç) (1.2s)
  Γ£ô  159 [e2e-chromium] ΓÇ║ tests\e2e\driver.spec.mjs:219:3 ΓÇ║ 1. Authentication ΓÇö α╣Çα╕éα╣ëα╕▓α╕¬α╕╣α╣êα╕úα╕░α╕Üα╕Üα╣üα╕Ñα╕░α╕òα╕úα╕ºα╕êα╕¬α╕¡α╕Üα╕òα╕▒α╕ºα╕òα╕Ö ΓÇ║ login α╕öα╣ëα╕ºα╕ó email+password α╣äα╕öα╣ë token (1.6s)
  Γ£ô  160 [e2e-chromium] ΓÇ║ tests\e2e\driver.spec.mjs:230:3 ΓÇ║ 1. Authentication ΓÇö α╣Çα╕éα╣ëα╕▓α╕¬α╕╣α╣êα╕úα╕░α╕Üα╕Üα╣üα╕Ñα╕░α╕òα╕úα╕ºα╕êα╕¬α╕¡α╕Üα╕òα╕▒α╕ºα╕òα╕Ö ΓÇ║ GET /api/auth/me ΓÇö α╕öα╕╣α╕éα╣ëα╕¡α╕íα╕╣α╕Ñα╕òα╕▒α╕ºα╣Çα╕¡α╕çα╣äα╕öα╣ë (13ms)
  Γ£ô  161 [e2e-chromium] ΓÇ║ tests\e2e\driver.spec.mjs:237:3 ΓÇ║ 1. Authentication ΓÇö α╣Çα╕éα╣ëα╕▓α╕¬α╕╣α╣êα╕úα╕░α╕Üα╕Üα╣üα╕Ñα╕░α╕òα╕úα╕ºα╕êα╕¬α╕¡α╕Üα╕òα╕▒α╕ºα╕òα╕Ö ΓÇ║ driver_id α╕ûα╕╣α╕ü link α╕üα╕▒α╕Ü user record (9ms)
  Γ£ô  162 [e2e-chromium] ΓÇ║ tests\e2e\driver.spec.mjs:242:3 ΓÇ║ 1. Authentication ΓÇö α╣Çα╕éα╣ëα╕▓α╕¬α╕╣α╣êα╕úα╕░α╕Üα╕Üα╣üα╕Ñα╕░α╕òα╕úα╕ºα╕êα╕¬α╕¡α╕Üα╕òα╕▒α╕ºα╕òα╕Ö ΓÇ║ logout α╣äα╕öα╣ëα╕¢α╕üα╕òα╕┤ (3.0s)
  Γ£ô  163 [e2e-chromium] ΓÇ║ tests\e2e\driver.spec.mjs:257:3 ΓÇ║ 1. Authentication ΓÇö α╣Çα╕éα╣ëα╕▓α╕¬α╕╣α╣êα╕úα╕░α╕Üα╕Üα╣üα╕Ñα╕░α╕òα╕úα╕ºα╕êα╕¬α╕¡α╕Üα╕òα╕▒α╕ºα╕òα╕Ö ΓÇ║ login α╕öα╣ëα╕ºα╕óα╕úα╕½α╕▒α╕¬α╕£α╣êα╕▓α╕Öα╕£α╕┤α╕ö ΓåÆ 401 (3.1s)
  Γ£ô  164 [e2e-chromium] ΓÇ║ tests\e2e\driver.spec.mjs:272:3 ΓÇ║ 2. α╕éα╕¡α╣âα╕èα╣ëα╕úα╕û ΓÇö Vehicle Requests ΓÇ║ α╕¬α╕úα╣ëα╕▓α╕çα╕äα╕│α╕éα╕¡α╣âα╕èα╣ëα╕úα╕ûα╣äα╕öα╣ë (17ms)
  Γ£ô  165 [e2e-chromium] ΓÇ║ tests\e2e\driver.spec.mjs:288:3 ΓÇ║ 2. α╕éα╕¡α╣âα╕èα╣ëα╕úα╕û ΓÇö Vehicle Requests ΓÇ║ α╕öα╕╣α╕úα╕▓α╕óα╕üα╕▓α╕úα╕äα╕│α╕éα╕¡α╣âα╕èα╣ëα╕úα╕ûα╣äα╕öα╣ë (12ms)
  Γ£ô  166 [e2e-chromium] ΓÇ║ tests\e2e\driver.spec.mjs:294:3 ΓÇ║ 2. α╕éα╕¡α╣âα╕èα╣ëα╕úα╕û ΓÇö Vehicle Requests ΓÇ║ α╕öα╕╣α╕äα╕│α╕éα╕¡α╕éα╕¡α╕çα╕òα╕▒α╕ºα╣Çα╕¡α╕çα╕òα╕▓α╕í requester_id α╣äα╕öα╣ë (12ms)
  Γ£ô  167 [e2e-chromium] ΓÇ║ tests\e2e\driver.spec.mjs:305:3 ΓÇ║ 2. α╕éα╕¡α╣âα╕èα╣ëα╕úα╕û ΓÇö Vehicle Requests ΓÇ║ α╕öα╕╣α╕úα╕▓α╕óα╕Ñα╕░α╣Çα╕¡α╕╡α╕óα╕öα╕äα╕│α╕éα╕¡α╣Çα╕öα╕╡α╣êα╕óα╕ºα╣äα╕öα╣ë (10ms)
  Γ£ô  168 [e2e-chromium] ΓÇ║ tests\e2e\driver.spec.mjs:313:3 ΓÇ║ 2. α╕éα╕¡α╣âα╕èα╣ëα╕úα╕û ΓÇö Vehicle Requests ΓÇ║ α╣üα╕üα╣ëα╣äα╕éα╕äα╕│α╕éα╕¡ pending α╕éα╕¡α╕çα╕òα╕▒α╕ºα╣Çα╕¡α╕çα╣äα╕öα╣ë (11ms)
  Γ£ô  169 [e2e-chromium] ΓÇ║ tests\e2e\driver.spec.mjs:322:3 ΓÇ║ 2. α╕éα╕¡α╣âα╕èα╣ëα╕úα╕û ΓÇö Vehicle Requests ΓÇ║ α╕óα╕üα╣Çα╕Ñα╕┤α╕üα╕äα╕│α╕éα╕¡α╕éα╕¡α╕çα╕òα╕▒α╕ºα╣Çα╕¡α╕çα╣äα╕öα╣ë (24ms)
  Γ£ô  170 [e2e-chromium] ΓÇ║ tests\e2e\driver.spec.mjs:337:3 ΓÇ║ 2. α╕éα╕¡α╣âα╕èα╣ëα╕úα╕û ΓÇö Vehicle Requests ΓÇ║ α╕¬α╕úα╣ëα╕▓α╕çα╕äα╕│α╕éα╕¡α╣éα╕öα╕óα╣äα╕íα╣êα╕úα╕░α╕Üα╕╕ destination ΓåÆ error (6ms)
  Γ£ô  171 [e2e-chromium] ΓÇ║ tests\e2e\driver.spec.mjs:349:3 ΓÇ║ 3. α╣üα╕êα╣ëα╕çα╕ïα╣êα╕¡α╕í ΓÇö Repair Reporting ΓÇ║ α╕₧α╕Öα╕▒α╕üα╕çα╕▓α╕Öα╕éα╕▒α╕Üα╕úα╕ûα╣üα╕êα╣ëα╕çα╕ïα╣êα╕¡α╕íα╣äα╕öα╣ë (POST /api/repair/log) (14ms)
  Γ£ÿ  172 [e2e-chromium] ΓÇ║ tests\e2e\driver.spec.mjs:364:3 ΓÇ║ 3. α╣üα╕êα╣ëα╕çα╕ïα╣êα╕¡α╕í ΓÇö Repair Reporting ΓÇ║ driver α╣äα╕íα╣êα╕¬α╕▓α╕íα╕▓α╕úα╕ûα╕öα╕╣α╕úα╕▓α╕óα╕üα╕▓α╕úα╕ïα╣êα╕¡α╕íα╕ùα╕▒α╣ëα╕çα╕½α╕íα╕öα╣äα╕öα╣ë (GET /api/repair/log ΓåÆ 403) (11ms)
  -  173 [e2e-chromium] ΓÇ║ tests\e2e\driver.spec.mjs:371:3 ΓÇ║ 3. α╣üα╕êα╣ëα╕çα╕ïα╣êα╕¡α╕í ΓÇö Repair Reporting ΓÇ║ driver α╣äα╕íα╣êα╕¬α╕▓α╕íα╕▓α╕úα╕ûα╣üα╕üα╣ëα╣äα╕éα╕¬α╕ûα╕▓α╕Öα╕░α╕ïα╣êα╕¡α╕íα╣äα╕öα╣ë (PUT repair:edit ΓåÆ 403)
  Γ£ô  174 [e2e-chromium] ΓÇ║ tests\e2e\driver.spec.mjs:389:3 ΓÇ║ 4. α╕úα╕▓α╕óα╕çα╕▓α╕Öα╣Çα╕½α╕òα╕╕α╕üα╕▓α╕úα╕ôα╣î ΓÇö Incidents ΓÇ║ α╕¬α╕úα╣ëα╕▓α╕çα╕úα╕▓α╕óα╕çα╕▓α╕Öα╣Çα╕½α╕òα╕╕α╕üα╕▓α╕úα╕ôα╣îα╣äα╕öα╣ë (25ms)
  Γ£ô  175 [e2e-chromium] ΓÇ║ tests\e2e\driver.spec.mjs:405:3 ΓÇ║ 4. α╕úα╕▓α╕óα╕çα╕▓α╕Öα╣Çα╕½α╕òα╕╕α╕üα╕▓α╕úα╕ôα╣î ΓÇö Incidents ΓÇ║ α╕öα╕╣α╕úα╕▓α╕óα╕üα╕▓α╕úα╣Çα╕½α╕òα╕╕α╕üα╕▓α╕úα╕ôα╣îα╣äα╕öα╣ë (11ms)
  Γ£ô  176 [e2e-chromium] ΓÇ║ tests\e2e\driver.spec.mjs:411:3 ΓÇ║ 4. α╕úα╕▓α╕óα╕çα╕▓α╕Öα╣Çα╕½α╕òα╕╕α╕üα╕▓α╕úα╕ôα╣î ΓÇö Incidents ΓÇ║ α╕öα╕╣α╕úα╕▓α╕óα╕Ñα╕░α╣Çα╕¡α╕╡α╕óα╕öα╣Çα╕½α╕òα╕╕α╕üα╕▓α╕úα╕ôα╣îα╕ùα╕╡α╣êα╕¬α╕úα╣ëα╕▓α╕çα╣äα╕öα╣ë (10ms)
  Γ£ô  177 [e2e-chromium] ΓÇ║ tests\e2e\driver.spec.mjs:418:3 ΓÇ║ 4. α╕úα╕▓α╕óα╕çα╕▓α╕Öα╣Çα╕½α╕òα╕╕α╕üα╕▓α╕úα╕ôα╣î ΓÇö Incidents ΓÇ║ α╕¬α╕úα╣ëα╕▓α╕çα╕úα╕▓α╕óα╕çα╕▓α╕Öα╣éα╕öα╕óα╣äα╕íα╣êα╕íα╕╡ car_id ΓåÆ error (6ms)
  Γ£ô  178 [e2e-chromium] ΓÇ║ tests\e2e\driver.spec.mjs:431:3 ΓÇ║ 5. α╕úα╕▓α╕óα╕çα╕▓α╕Öα╕äα╕ºα╕▓α╕íα╣Çα╕½α╕Öα╕╖α╣êα╕¡α╕óα╕Ñα╣ëα╕▓ ΓÇö Fatigue Reporting ΓÇ║ α╕₧α╕Öα╕▒α╕üα╕çα╕▓α╕Öα╕éα╕▒α╕Üα╕úα╕ûα╕úα╕▓α╕óα╕çα╕▓α╕Öα╕äα╕ºα╕▓α╕íα╣Çα╕½α╕Öα╕╖α╣êα╕¡α╕óα╕Ñα╣ëα╕▓α╣äα╕öα╣ë (10ms)
  Γ£ô  179 [e2e-chromium] ΓÇ║ tests\e2e\driver.spec.mjs:440:3 ΓÇ║ 5. α╕úα╕▓α╕óα╕çα╕▓α╕Öα╕äα╕ºα╕▓α╕íα╣Çα╕½α╕Öα╕╖α╣êα╕¡α╕óα╕Ñα╣ëα╕▓ ΓÇö Fatigue Reporting ΓÇ║ driver α╣äα╕íα╣êα╕¬α╕▓α╕íα╕▓α╕úα╕ûα╕öα╕╣α╕úα╕▓α╕óα╕üα╕▓α╕úα╕äα╕ºα╕▓α╕íα╣Çα╕½α╕Öα╕╖α╣êα╕¡α╕óα╕Ñα╣ëα╕▓α╕éα╕¡α╕çα╕ùα╕▒α╣ëα╕çα╕½α╕íα╕öα╣äα╕öα╣ë (drivers:view ΓåÆ 403) (7ms)
  Γ£ô  180 [e2e-chromium] ΓÇ║ tests\e2e\driver.spec.mjs:452:3 ΓÇ║ 6. α╣éα╕¢α╕úα╣äα╕ƒα╕Ñα╣îα╕¬α╣êα╕ºα╕Öα╕òα╕▒α╕º ΓÇö Profile & Account ΓÇ║ α╕öα╕╣α╣éα╕¢α╕úα╣äα╕ƒα╕Ñα╣îα╕òα╕▒α╕ºα╣Çα╕¡α╕çα╣äα╕öα╣ë (GET /api/auth/me) (11ms)
  Γ£ô  181 [e2e-chromium] ΓÇ║ tests\e2e\driver.spec.mjs:458:3 ΓÇ║ 6. α╣éα╕¢α╕úα╣äα╕ƒα╕Ñα╣îα╕¬α╣êα╕ºα╕Öα╕òα╕▒α╕º ΓÇö Profile & Account ΓÇ║ α╣Çα╕¢α╕Ñα╕╡α╣êα╕óα╕Öα╕úα╕½α╕▒α╕¬α╕£α╣êα╕▓α╕Öα╣äα╕öα╣ë (change-password flow) (6.3s)
  Γ£ô  182 [e2e-chromium] ΓÇ║ tests\e2e\driver.spec.mjs:485:3 ΓÇ║ 6. α╣éα╕¢α╕úα╣äα╕ƒα╕Ñα╣îα╕¬α╣êα╕ºα╕Öα╕òα╕▒α╕º ΓÇö Profile & Account ΓÇ║ α╣Çα╕¢α╕Ñα╕╡α╣êα╕óα╕Öα╕úα╕½α╕▒α╕¬α╕£α╣êα╕▓α╕Öα╕öα╣ëα╕ºα╕óα╕úα╕½α╕▒α╕¬α╣Çα╕öα╕┤α╕íα╕£α╕┤α╕ö ΓåÆ error (3.1s)
  Γ£ô  183 [e2e-chromium] ΓÇ║ tests\e2e\driver.spec.mjs:500:3 ΓÇ║ 7. α╕üα╕▓α╕úα╣üα╕êα╣ëα╕çα╣Çα╕òα╕╖α╕¡α╕Ö ΓÇö Notifications ΓÇ║ α╕öα╕╣α╕üα╕▓α╕úα╣üα╕êα╣ëα╕çα╣Çα╕òα╕╖α╕¡α╕Öα╕éα╕¡α╕çα╕òα╕▒α╕ºα╣Çα╕¡α╕çα╣äα╕öα╣ë (8ms)
  Γ£ô  184 [e2e-chromium] ΓÇ║ tests\e2e\driver.spec.mjs:506:3 ΓÇ║ 7. α╕üα╕▓α╕úα╣üα╕êα╣ëα╕çα╣Çα╕òα╕╖α╕¡α╕Ö ΓÇö Notifications ΓÇ║ α╕öα╕╣α╕êα╕│α╕Öα╕ºα╕Öα╣üα╕êα╣ëα╕çα╣Çα╕òα╕╖α╕¡α╕Öα╕ùα╕╡α╣êα╕óα╕▒α╕çα╣äα╕íα╣êα╕¡α╣êα╕▓α╕Öα╣äα╕öα╣ë (7ms)
  Γ£ÿ  185 [e2e-chromium] ΓÇ║ tests\e2e\driver.spec.mjs:516:3 ΓÇ║ 8. α╕éα╕¡α╕Üα╣Çα╕éα╕òα╕¬α╕┤α╕ùα╕ÿα╕┤α╣î ΓÇö Permission Boundaries (API) ΓÇ║ α╣äα╕íα╣êα╕¬α╕▓α╕íα╕▓α╕úα╕ûα╕öα╕╣α╕úα╕▓α╕óα╕üα╕▓α╕úα╕úα╕ûα╕ùα╕▒α╣ëα╕çα╕½α╕íα╕öα╣äα╕öα╣ëα╕ûα╣ëα╕▓α╣äα╕íα╣êα╕íα╕╡α╕¬α╕┤α╕ùα╕ÿα╕┤α╣î (vehicles:view ΓåÆ 403) (8ms)
  Γ£ô  186 [e2e-chromium] ΓÇ║ tests\e2e\driver.spec.mjs:523:3 ΓÇ║ 8. α╕éα╕¡α╕Üα╣Çα╕éα╕òα╕¬α╕┤α╕ùα╕ÿα╕┤α╣î ΓÇö Permission Boundaries (API) ΓÇ║ α╣äα╕íα╣êα╕¬α╕▓α╕íα╕▓α╕úα╕ûα╕¬α╕úα╣ëα╕▓α╕çα╕úα╕ûα╣äα╕öα╣ë (vehicles:create ΓåÆ 403) (9ms)
  Γ£ô  187 [e2e-chromium] ΓÇ║ tests\e2e\driver.spec.mjs:535:3 ΓÇ║ 8. α╕éα╕¡α╕Üα╣Çα╕éα╕òα╕¬α╕┤α╕ùα╕ÿα╕┤α╣î ΓÇö Permission Boundaries (API) ΓÇ║ α╣äα╕íα╣êα╕¬α╕▓α╕íα╕▓α╕úα╕ûα╕öα╕╣α╕úα╕▓α╕óα╕üα╕▓α╕úα╕₧α╕Öα╕▒α╕üα╕çα╕▓α╕Öα╕éα╕▒α╕Üα╕úα╕ûα╕ùα╕▒α╣ëα╕çα╕½α╕íα╕öα╣äα╕öα╣ë (drivers:view ΓåÆ 403) (6ms)
  Γ£ô  188 [e2e-chromium] ΓÇ║ tests\e2e\driver.spec.mjs:542:3 ΓÇ║ 8. α╕éα╕¡α╕Üα╣Çα╕éα╕òα╕¬α╕┤α╕ùα╕ÿα╕┤α╣î ΓÇö Permission Boundaries (API) ΓÇ║ α╣äα╕íα╣êα╕¬α╕▓α╕íα╕▓α╕úα╕ûα╕öα╕╣α╕úα╕▓α╕óα╕üα╕▓α╕úα╕Öα╣ëα╕│α╕íα╕▒α╕Öα╣äα╕öα╣ë (fuel:view ΓåÆ 403) (8ms)
  Γ£ô  189 [e2e-chromium] ΓÇ║ tests\e2e\driver.spec.mjs:549:3 ΓÇ║ 8. α╕éα╕¡α╕Üα╣Çα╕éα╕òα╕¬α╕┤α╕ùα╕ÿα╕┤α╣î ΓÇö Permission Boundaries (API) ΓÇ║ α╣äα╕íα╣êα╕¬α╕▓α╕íα╕▓α╕úα╕ûα╕öα╕╣α╕úα╕▓α╕óα╕üα╕▓α╕úα╕£α╕╣α╣ëα╣âα╕èα╣ëα╕úα╕░α╕Üα╕Üα╣äα╕öα╣ë (admin only ΓåÆ 403) (10ms)
  Γ£ô  190 [e2e-chromium] ΓÇ║ tests\e2e\driver.spec.mjs:556:3 ΓÇ║ 8. α╕éα╕¡α╕Üα╣Çα╕éα╕òα╕¬α╕┤α╕ùα╕ÿα╕┤α╣î ΓÇö Permission Boundaries (API) ΓÇ║ α╣äα╕íα╣êα╕¬α╕▓α╕íα╕▓α╕úα╕ûα╕¡α╕Öα╕╕α╕íα╕▒α╕òα╕┤α╕äα╕│α╕éα╕¡α╕¬α╕íα╕▓α╕èα╕┤α╕üα╣äα╕öα╣ë (admin only ΓåÆ 403) (6ms)
  Γ£ô  191 [e2e-chromium] ΓÇ║ tests\e2e\driver.spec.mjs:563:3 ΓÇ║ 8. α╕éα╕¡α╕Üα╣Çα╕éα╕òα╕¬α╕┤α╕ùα╕ÿα╕┤α╣î ΓÇö Permission Boundaries (API) ΓÇ║ α╣äα╕íα╣êα╕¬α╕▓α╕íα╕▓α╕úα╕ûα╕öα╕╣ audit log α╣äα╕öα╣ë (admin only ΓåÆ 403) (7ms)
  Γ£ô  192 [e2e-chromium] ΓÇ║ tests\e2e\driver.spec.mjs:570:3 ΓÇ║ 8. α╕éα╕¡α╕Üα╣Çα╕éα╕òα╕¬α╕┤α╕ùα╕ÿα╕┤α╣î ΓÇö Permission Boundaries (API) ΓÇ║ α╣äα╕íα╣êα╕¬α╕▓α╕íα╕▓α╕úα╕ûα╕öα╕╣ report/summary α╣äα╕öα╣ëα╕ûα╣ëα╕▓α╣äα╕íα╣êα╕íα╕╡α╕¬α╕┤α╕ùα╕ÿα╕┤α╣î (reports:view ΓåÆ 403) (6ms)
  Γ£ô  193 [e2e-chromium] ΓÇ║ tests\e2e\driver.spec.mjs:577:3 ΓÇ║ 8. α╕éα╕¡α╕Üα╣Çα╕éα╕òα╕¬α╕┤α╕ùα╕ÿα╕┤α╣î ΓÇö Permission Boundaries (API) ΓÇ║ α╣äα╕íα╣êα╕¬α╕▓α╕íα╕▓α╕úα╕ûα╕¬α╕úα╣ëα╕▓α╕çα╕Üα╕▒α╕Öα╕ùα╕╢α╕üα╕Öα╣ëα╕│α╕íα╕▒α╕Öα╣äα╕öα╣ë (fuel:create ΓåÆ 403) (7ms)
  Γ£ô  194 [e2e-chromium] ΓÇ║ tests\e2e\driver.spec.mjs:589:3 ΓÇ║ 8. α╕éα╕¡α╕Üα╣Çα╕éα╕òα╕¬α╕┤α╕ùα╕ÿα╕┤α╣î ΓÇö Permission Boundaries (API) ΓÇ║ α╣Çα╕úα╕╡α╕óα╕ü API α╣éα╕öα╕óα╣äα╕íα╣êα╕íα╕╡ token ΓåÆ 401 (5ms)
  Γ£ô  195 [e2e-chromium] ΓÇ║ tests\e2e\driver.spec.mjs:633:5 ΓÇ║ 9. UI ΓÇö α╕½α╕Öα╣ëα╕▓α╕ùα╕╡α╣êα╕₧α╕Öα╕▒α╕üα╕çα╕▓α╕Öα╕éα╕▒α╕Üα╕úα╕ûα╣Çα╕éα╣ëα╕▓α╣äα╕öα╣ë ΓÇ║ α╣Çα╕éα╣ëα╕▓ Dashboard (/dashboard.html) α╣äα╕öα╣ë ΓÇö α╣äα╕íα╣ê redirect α╣äα╕¢ login (1.5s)
  Γ£ô  196 [e2e-chromium] ΓÇ║ tests\e2e\driver.spec.mjs:633:5 ΓÇ║ 9. UI ΓÇö α╕½α╕Öα╣ëα╕▓α╕ùα╕╡α╣êα╕₧α╕Öα╕▒α╕üα╕çα╕▓α╕Öα╕éα╕▒α╕Üα╕úα╕ûα╣Çα╕éα╣ëα╕▓α╣äα╕öα╣ë ΓÇ║ α╣Çα╕éα╣ëα╕▓ α╕éα╕¡α╣âα╕èα╣ëα╕úα╕û (/vehicle-request.html) α╣äα╕öα╣ë ΓÇö α╣äα╕íα╣ê redirect α╣äα╕¢ login (1.4s)
  Γ£ô  197 [e2e-chromium] ΓÇ║ tests\e2e\driver.spec.mjs:633:5 ΓÇ║ 9. UI ΓÇö α╕½α╕Öα╣ëα╕▓α╕ùα╕╡α╣êα╕₧α╕Öα╕▒α╕üα╕çα╕▓α╕Öα╕éα╕▒α╕Üα╕úα╕ûα╣Çα╕éα╣ëα╕▓α╣äα╕öα╣ë ΓÇ║ α╣Çα╕éα╣ëα╕▓ α╕äα╕┤α╕ºα╣üα╕Ñα╕░α╕¢α╕úα╕░α╕ºα╕▒α╕òα╕┤α╕¬α╣êα╕ºα╕Öα╕òα╕▒α╕º (/driver-history.html) α╣äα╕öα╣ë ΓÇö α╣äα╕íα╣ê redirect α╣äα╕¢ login (1.4s)
  Γ£ô  198 [e2e-chromium] ΓÇ║ tests\e2e\driver.spec.mjs:633:5 ΓÇ║ 9. UI ΓÇö α╕½α╕Öα╣ëα╕▓α╕ùα╕╡α╣êα╕₧α╕Öα╕▒α╕üα╕çα╕▓α╕Öα╕éα╕▒α╕Üα╕úα╕ûα╣Çα╕éα╣ëα╕▓α╣äα╕öα╣ë ΓÇ║ α╣Çα╕éα╣ëα╕▓ α╣üα╕êα╣ëα╕çα╕ïα╣êα╕¡α╕í (/repair.html) α╣äα╕öα╣ë ΓÇö α╣äα╕íα╣ê redirect α╣äα╕¢ login (1.5s)
  Γ£ô  199 [e2e-chromium] ΓÇ║ tests\e2e\driver.spec.mjs:633:5 ΓÇ║ 9. UI ΓÇö α╕½α╕Öα╣ëα╕▓α╕ùα╕╡α╣êα╕₧α╕Öα╕▒α╕üα╕çα╕▓α╕Öα╕éα╕▒α╕Üα╕úα╕ûα╣Çα╕éα╣ëα╕▓α╣äα╕öα╣ë ΓÇ║ α╣Çα╕éα╣ëα╕▓ α╕úα╕▓α╕óα╕çα╕▓α╕Öα╣Çα╕½α╕òα╕╕α╕üα╕▓α╕úα╕ôα╣î (/incident.html) α╣äα╕öα╣ë ΓÇö α╣äα╕íα╣ê redirect α╣äα╕¢ login (1.5s)
  Γ£ô  200 [e2e-chromium] ΓÇ║ tests\e2e\driver.spec.mjs:633:5 ΓÇ║ 9. UI ΓÇö α╕½α╕Öα╣ëα╕▓α╕ùα╕╡α╣êα╕₧α╕Öα╕▒α╕üα╕çα╕▓α╕Öα╕éα╕▒α╕Üα╕úα╕ûα╣Çα╕éα╣ëα╕▓α╣äα╕öα╣ë ΓÇ║ α╣Çα╕éα╣ëα╕▓ α╕¬α╣üα╕üα╕Ö QR Code (/qr-scan.html) α╣äα╕öα╣ë ΓÇö α╣äα╕íα╣ê redirect α╣äα╕¢ login (1.3s)
  Γ£ô  201 [e2e-chromium] ΓÇ║ tests\e2e\driver.spec.mjs:633:5 ΓÇ║ 9. UI ΓÇö α╕½α╕Öα╣ëα╕▓α╕ùα╕╡α╣êα╕₧α╕Öα╕▒α╕üα╕çα╕▓α╕Öα╕éα╕▒α╕Üα╕úα╕ûα╣Çα╕éα╣ëα╕▓α╣äα╕öα╣ë ΓÇ║ α╣Çα╕éα╣ëα╕▓ α╣éα╕¢α╕úα╣äα╕ƒα╕Ñα╣î (/profile.html) α╣äα╕öα╣ë ΓÇö α╣äα╕íα╣ê redirect α╣äα╕¢ login (1.3s)
  Γ£ô  202 [e2e-chromium] ΓÇ║ tests\e2e\driver.spec.mjs:633:5 ΓÇ║ 9. UI ΓÇö α╕½α╕Öα╣ëα╕▓α╕ùα╕╡α╣êα╕₧α╕Öα╕▒α╕üα╕çα╕▓α╕Öα╕éα╕▒α╕Üα╕úα╕ûα╣Çα╕éα╣ëα╕▓α╣äα╕öα╣ë ΓÇ║ α╣Çα╕éα╣ëα╕▓ α╕üα╕▓α╕úα╣üα╕êα╣ëα╕çα╣Çα╕òα╕╖α╕¡α╕Ö (/notifications.html) α╣äα╕öα╣ë ΓÇö α╣äα╕íα╣ê redirect α╣äα╕¢ login (1.3s)
  Γ£ô  203 [e2e-chromium] ΓÇ║ tests\e2e\driver.spec.mjs:633:5 ΓÇ║ 9. UI ΓÇö α╕½α╕Öα╣ëα╕▓α╕ùα╕╡α╣êα╕₧α╕Öα╕▒α╕üα╕çα╕▓α╕Öα╕éα╕▒α╕Üα╕úα╕ûα╣Çα╕éα╣ëα╕▓α╣äα╕öα╣ë ΓÇ║ α╣Çα╕éα╣ëα╕▓ α╣Çα╕¢α╕Ñα╕╡α╣êα╕óα╕Öα╕úα╕½α╕▒α╕¬α╕£α╣êα╕▓α╕Ö (/change-password.html) α╣äα╕öα╣ë ΓÇö α╣äα╕íα╣ê redirect α╣äα╕¢ login (1.4s)
  Γ£ô  204 [e2e-chromium] ΓÇ║ tests\e2e\driver.spec.mjs:633:5 ΓÇ║ 9. UI ΓÇö α╕½α╕Öα╣ëα╕▓α╕ùα╕╡α╣êα╕₧α╕Öα╕▒α╕üα╕çα╕▓α╕Öα╕éα╕▒α╕Üα╕úα╕ûα╣Çα╕éα╣ëα╕▓α╣äα╕öα╣ë ΓÇ║ α╣Çα╕éα╣ëα╕▓ α╕äα╕╣α╣êα╕íα╕╖α╕¡α╕üα╕▓α╕úα╣âα╕èα╣ëα╕çα╕▓α╕Ö (/user-guide.html) α╣äα╕öα╣ë ΓÇö α╣äα╕íα╣ê redirect α╣äα╕¢ login (1.4s)
  Γ£ô  205 [e2e-chromium] ΓÇ║ tests\e2e\driver.spec.mjs:633:5 ΓÇ║ 9. UI ΓÇö α╕½α╕Öα╣ëα╕▓α╕ùα╕╡α╣êα╕₧α╕Öα╕▒α╕üα╕çα╕▓α╕Öα╕éα╕▒α╕Üα╕úα╕ûα╣Çα╕éα╣ëα╕▓α╣äα╕öα╣ë ΓÇ║ α╣Çα╕éα╣ëα╕▓ α╣Çα╕üα╕╡α╣êα╕óα╕ºα╕üα╕▒α╕Üα╣éα╕¢α╕úα╣üα╕üα╕úα╕í (/about.html) α╣äα╕öα╣ë ΓÇö α╣äα╕íα╣ê redirect α╣äα╕¢ login (1.5s)
  Γ£ô  206 [e2e-chromium] ΓÇ║ tests\e2e\driver.spec.mjs:671:5 ΓÇ║ 10. UI ΓÇö α╕½α╕Öα╣ëα╕▓α╕ùα╕╡α╣êα╕₧α╕Öα╕▒α╕üα╕çα╕▓α╕Öα╕éα╕▒α╕Üα╕úα╕ûα╣Çα╕éα╣ëα╕▓α╣äα╕íα╣êα╣äα╕öα╣ë (α╕òα╣ëα╕¡α╕çα╕ûα╕╣α╕üα╕êα╕│α╕üα╕▒α╕ö) ΓÇ║ α╕êα╕▒α╕öα╕üα╕▓α╕úα╕£α╕╣α╣ëα╣âα╕èα╣ë (/user-management.html) ΓÇö α╕ûα╕╣α╕ü redirect α╕½α╕úα╕╖α╕¡α╣üα╕¬α╕öα╕çα╕éα╣ëα╕¡α╕£α╕┤α╕öα╕₧α╕Ñα╕▓α╕ö α╣äα╕íα╣êα╣âα╕èα╣êα╕½α╕Öα╣ëα╕▓α╕¢α╕üα╕òα╕┤ (1.3s)
  Γ£ô  207 [e2e-chromium] ΓÇ║ tests\e2e\driver.spec.mjs:671:5 ΓÇ║ 10. UI ΓÇö α╕½α╕Öα╣ëα╕▓α╕ùα╕╡α╣êα╕₧α╕Öα╕▒α╕üα╕çα╕▓α╕Öα╕éα╕▒α╕Üα╕úα╕ûα╣Çα╕éα╣ëα╕▓α╣äα╕íα╣êα╣äα╕öα╣ë (α╕òα╣ëα╕¡α╕çα╕ûα╕╣α╕üα╕êα╕│α╕üα╕▒α╕ö) ΓÇ║ α╕òα╕▒α╣ëα╕çα╕äα╣êα╕▓α╕úα╕░α╕Üα╕Ü (/admin-settings.html) ΓÇö α╕ûα╕╣α╕ü redirect α╕½α╕úα╕╖α╕¡α╣üα╕¬α╕öα╕çα╕éα╣ëα╕¡α╕£α╕┤α╕öα╕₧α╕Ñα╕▓α╕ö α╣äα╕íα╣êα╣âα╕èα╣êα╕½α╕Öα╣ëα╕▓α╕¢α╕üα╕òα╕┤ (1.4s)
  Γ£ô  208 [e2e-chromium] ΓÇ║ tests\e2e\driver.spec.mjs:671:5 ΓÇ║ 10. UI ΓÇö α╕½α╕Öα╣ëα╕▓α╕ùα╕╡α╣êα╕₧α╕Öα╕▒α╕üα╕çα╕▓α╕Öα╕éα╕▒α╕Üα╕úα╕ûα╣Çα╕éα╣ëα╕▓α╣äα╕íα╣êα╣äα╕öα╣ë (α╕òα╣ëα╕¡α╕çα╕ûα╕╣α╕üα╕êα╕│α╕üα╕▒α╕ö) ΓÇ║ α╕Üα╕▒α╕Öα╕ùα╕╢α╕üα╕üα╕┤α╕êα╕üα╕úα╕úα╕í (/audit-log.html) ΓÇö α╕ûα╕╣α╕ü redirect α╕½α╕úα╕╖α╕¡α╣üα╕¬α╕öα╕çα╕éα╣ëα╕¡α╕£α╕┤α╕öα╕₧α╕Ñα╕▓α╕ö α╣äα╕íα╣êα╣âα╕èα╣êα╕½α╕Öα╣ëα╕▓α╕¢α╕üα╕òα╕┤ (1.4s)
  Γ£ô  209 [e2e-chromium] ΓÇ║ tests\e2e\driver.spec.mjs:671:5 ΓÇ║ 10. UI ΓÇö α╕½α╕Öα╣ëα╕▓α╕ùα╕╡α╣êα╕₧α╕Öα╕▒α╕üα╕çα╕▓α╕Öα╕éα╕▒α╕Üα╕úα╕ûα╣Çα╕éα╣ëα╕▓α╣äα╕íα╣êα╣äα╕öα╣ë (α╕òα╣ëα╕¡α╕çα╕ûα╕╣α╕üα╕êα╕│α╕üα╕▒α╕ö) ΓÇ║ α╕¬α╕│α╕úα╕¡α╕ç/α╕üα╕╣α╣ëα╕äα╕╖α╕Ö (/backup-recovery.html) ΓÇö α╕ûα╕╣α╕ü redirect α╕½α╕úα╕╖α╕¡α╣üα╕¬α╕öα╕çα╕éα╣ëα╕¡α╕£α╕┤α╕öα╕₧α╕Ñα╕▓α╕ö α╣äα╕íα╣êα╣âα╕èα╣êα╕½α╕Öα╣ëα╕▓α╕¢α╕üα╕òα╕┤ (1.7s)
  Γ£ô  210 [e2e-chromium] ΓÇ║ tests\e2e\driver.spec.mjs:671:5 ΓÇ║ 10. UI ΓÇö α╕½α╕Öα╣ëα╕▓α╕ùα╕╡α╣êα╕₧α╕Öα╕▒α╕üα╕çα╕▓α╕Öα╕éα╕▒α╕Üα╕úα╕ûα╣Çα╕éα╣ëα╕▓α╣äα╕íα╣êα╣äα╕öα╣ë (α╕òα╣ëα╕¡α╕çα╕ûα╕╣α╕üα╕êα╕│α╕üα╕▒α╕ö) ΓÇ║ α╕êα╕▒α╕öα╕üα╕▓α╕úα╕₧α╕Öα╕▒α╕üα╕çα╕▓α╕Öα╕éα╕▒α╕Üα╕úα╕û (/drivers.html) ΓÇö α╕ûα╕╣α╕ü redirect α╕½α╕úα╕╖α╕¡α╣üα╕¬α╕öα╕çα╕éα╣ëα╕¡α╕£α╕┤α╕öα╕₧α╕Ñα╕▓α╕ö α╣äα╕íα╣êα╣âα╕èα╣êα╕½α╕Öα╣ëα╕▓α╕¢α╕üα╕òα╕┤ (1.4s)
  Γ£ô  211 [e2e-chromium] ΓÇ║ tests\e2e\driver.spec.mjs:695:3 ΓÇ║ 11. UI Sidebar ΓÇö α╣Çα╕íα╕Öα╕╣ Navigation α╕éα╕¡α╕çα╕₧α╕Öα╕▒α╕üα╕çα╕▓α╕Öα╕éα╕▒α╕Üα╕úα╕û ΓÇ║ sidebar α╣üα╕¬α╕öα╕ç "α╕äα╕┤α╕ºα╣üα╕Ñα╕░α╕¢α╕úα╕░α╕ºα╕▒α╕òα╕┤α╕¬α╣êα╕ºα╕Öα╕òα╕▒α╕º" α╣Çα╕íα╕╖α╣êα╕¡α╕íα╕╡ driver_id (1.4s)
  Γ£ÿ  212 [e2e-chromium] ΓÇ║ tests\e2e\driver.spec.mjs:716:3 ΓÇ║ 11. UI Sidebar ΓÇö α╣Çα╕íα╕Öα╕╣ Navigation α╕éα╕¡α╕çα╕₧α╕Öα╕▒α╕üα╕çα╕▓α╕Öα╕éα╕▒α╕Üα╕úα╕û ΓÇ║ sidebar α╣üα╕¬α╕öα╕ç "α╕éα╕¡α╣âα╕èα╣ëα╕úα╕û" α╣Çα╕¬α╕íα╕¡ (6.6s)
  Γ£ô  213 [e2e-chromium] ΓÇ║ tests\e2e\driver.spec.mjs:736:3 ΓÇ║ 11. UI Sidebar ΓÇö α╣Çα╕íα╕Öα╕╣ Navigation α╕éα╕¡α╕çα╕₧α╕Öα╕▒α╕üα╕çα╕▓α╕Öα╕éα╕▒α╕Üα╕úα╕û ΓÇ║ sidebar α╣äα╕íα╣êα╣üα╕¬α╕öα╕çα╣Çα╕íα╕Öα╕╣ "α╕êα╕▒α╕öα╕üα╕▓α╕úα╕£α╕╣α╣ëα╣âα╕èα╣ë" α╣âα╕½α╣ëα╕₧α╕Öα╕▒α╕üα╕çα╕▓α╕Öα╕éα╕▒α╕Üα╕úα╕û (1.5s)
  Γ£ô  214 [e2e-chromium] ΓÇ║ tests\e2e\driver.spec.mjs:755:3 ΓÇ║ 11. UI Sidebar ΓÇö α╣Çα╕íα╕Öα╕╣ Navigation α╕éα╕¡α╕çα╕₧α╕Öα╕▒α╕üα╕çα╕▓α╕Öα╕éα╕▒α╕Üα╕úα╕û ΓÇ║ sidebar α╣äα╕íα╣êα╣üα╕¬α╕öα╕çα╣Çα╕íα╕Öα╕╣α╕£α╕╣α╣ëα╕öα╕╣α╣üα╕Ñα╕úα╕░α╕Üα╕Ü (admin section) α╣âα╕½α╣ëα╕₧α╕Öα╕▒α╕üα╕çα╕▓α╕Öα╕éα╕▒α╕Üα╕úα╕û (1.4s)
  Γ£ô  215 [e2e-chromium] ΓÇ║ tests\e2e\driver.spec.mjs:779:3 ΓÇ║ 12. QR Code ΓÇö α╕üα╕▓α╕úα╕¬α╣üα╕üα╕Ö QR Code ΓÇ║ α╣Çα╕éα╣ëα╕▓α╕½α╕Öα╣ëα╕▓ qr-scan.html α╣äα╕öα╣ëα╣éα╕öα╕óα╣äα╕íα╣êα╕òα╣ëα╕¡α╕ç login (1.3s)
  Γ£ô  216 [e2e-chromium] ΓÇ║ tests\e2e\driver.spec.mjs:787:3 ΓÇ║ 12. QR Code ΓÇö α╕üα╕▓α╕úα╕¬α╣üα╕üα╕Ö QR Code ΓÇ║ α╣Çα╕éα╣ëα╕▓α╕½α╕Öα╣ëα╕▓ qr-daily-check.html α╣äα╕öα╣ë (1.3s)
  Γ£ô  217 [e2e-chromium] ΓÇ║ tests\e2e\driver.spec.mjs:793:3 ΓÇ║ 12. QR Code ΓÇö α╕üα╕▓α╕úα╕¬α╣üα╕üα╕Ö QR Code ΓÇ║ α╣Çα╕éα╣ëα╕▓α╕½α╕Öα╣ëα╕▓ qr-fuel-record.html α╣äα╕öα╣ë (1.3s)
  Γ£ô  218 [e2e-chromium] ΓÇ║ tests\e2e\driver.spec.mjs:799:3 ΓÇ║ 12. QR Code ΓÇö α╕üα╕▓α╕úα╕¬α╣üα╕üα╕Ö QR Code ΓÇ║ α╣Çα╕éα╣ëα╕▓α╕½α╕Öα╣ëα╕▓ qr-usage-record.html α╣äα╕öα╣ë (1.4s)
  Γ£ô  219 [e2e-chromium] ΓÇ║ tests\e2e\driver.spec.mjs:810:3 ΓÇ║ 13. α╕¢α╕úα╕░α╕ºα╕▒α╕òα╕┤α╕¬α╣êα╕ºα╕Öα╕òα╕▒α╕º ΓÇö Driver History Page ΓÇ║ driver-history.html α╣éα╕½α╕Ñα╕öα╣äα╕öα╣ëα╣Çα╕íα╕╖α╣êα╕¡α╕íα╕╡ driver_id (1.4s)
  Γ£ô  220 [e2e-chromium] ΓÇ║ tests\e2e\driver.spec.mjs:828:3 ΓÇ║ 13. α╕¢α╕úα╕░α╕ºα╕▒α╕òα╕┤α╕¬α╣êα╕ºα╕Öα╕òα╕▒α╕º ΓÇö Driver History Page ΓÇ║ driver α╕ùα╕╡α╣êα╣äα╕íα╣êα╕íα╕╡ driver_id α╕óα╕▒α╕çα╣Çα╕éα╣ëα╕▓ vehicle-request.html α╣äα╕öα╣ë (1.5s)
  Γ£ô  221 [e2e-chromium] ΓÇ║ tests\e2e\files-ocr.spec.mjs:48:3 ΓÇ║ Files & OCR API ΓÇ║ Bootstrap: login (3.1s)
  Γ£ô  222 [e2e-chromium] ΓÇ║ tests\e2e\files-ocr.spec.mjs:66:3 ΓÇ║ Files & OCR API ΓÇ║ POST /api/files/upload ΓåÆ α╕¡α╕▒α╕¢α╣éα╕½α╕Ñα╕ö PNG α╣äα╕öα╣ë (8ms)
  Γ£ô  223 [e2e-chromium] ΓÇ║ tests\e2e\files-ocr.spec.mjs:80:3 ΓÇ║ Files & OCR API ΓÇ║ POST /api/files/upload ΓåÆ α╕¡α╕▒α╕¢α╣éα╕½α╕Ñα╕ö JPEG α╣äα╕öα╣ë (7ms)
  Γ£ô  224 [e2e-chromium] ΓÇ║ tests\e2e\files-ocr.spec.mjs:89:3 ΓÇ║ Files & OCR API ΓÇ║ POST /api/files/upload α╣äα╕íα╣êα╕íα╕╡ base64 ΓåÆ 400 (5ms)
  Γ£ô  225 [e2e-chromium] ΓÇ║ tests\e2e\files-ocr.spec.mjs:96:3 ΓÇ║ Files & OCR API ΓÇ║ POST /api/files/upload α╣äα╕íα╣êα╕íα╕╡ mime ΓåÆ 400 (11ms)
  Γ£ô  226 [e2e-chromium] ΓÇ║ tests\e2e\files-ocr.spec.mjs:103:3 ΓÇ║ Files & OCR API ΓÇ║ POST /api/files/upload α╣äα╕íα╣êα╕íα╕╡ token ΓåÆ 401 (5ms)
  Γ£ô  227 [e2e-chromium] ΓÇ║ tests\e2e\files-ocr.spec.mjs:114:3 ΓÇ║ Files & OCR API ΓÇ║ GET /api/files/:key ΓåÆ α╕öα╕▓α╕ºα╕Öα╣îα╣éα╕½α╕Ñα╕öα╣äα╕ƒα╕Ñα╣î (α╕ûα╣ëα╕▓ upload α╕¬α╕│α╣Çα╕úα╣çα╕ê) (0ms)
  Γ£ô  228 [e2e-chromium] ΓÇ║ tests\e2e\files-ocr.spec.mjs:120:3 ΓÇ║ Files & OCR API ΓÇ║ GET /api/files/nonexistent-key ΓåÆ 404 (6ms)
  Γ£ô  229 [e2e-chromium] ΓÇ║ tests\e2e\files-ocr.spec.mjs:138:5 ΓÇ║ Files & OCR API ΓÇ║ POST /api/ocr/extract doc_type=fuel_receipt ΓåÆ α╣äα╕íα╣ê crash (500) (8ms)
  Γ£ô  230 [e2e-chromium] ΓÇ║ tests\e2e\files-ocr.spec.mjs:138:5 ΓÇ║ Files & OCR API ΓÇ║ POST /api/ocr/extract doc_type=pump_meter ΓåÆ α╣äα╕íα╣ê crash (500) (9ms)
  Γ£ô  231 [e2e-chromium] ΓÇ║ tests\e2e\files-ocr.spec.mjs:138:5 ΓÇ║ Files & OCR API ΓÇ║ POST /api/ocr/extract doc_type=vehicle_registration ΓåÆ α╣äα╕íα╣ê crash (500) (7ms)
  Γ£ô  232 [e2e-chromium] ΓÇ║ tests\e2e\files-ocr.spec.mjs:138:5 ΓÇ║ Files & OCR API ΓÇ║ POST /api/ocr/extract doc_type=insurance_doc ΓåÆ α╣äα╕íα╣ê crash (500) (7ms)
  Γ£ô  233 [e2e-chromium] ΓÇ║ tests\e2e\files-ocr.spec.mjs:138:5 ΓÇ║ Files & OCR API ΓÇ║ POST /api/ocr/extract doc_type=tax_doc ΓåÆ α╣äα╕íα╣ê crash (500) (8ms)
  Γ£ô  234 [e2e-chromium] ΓÇ║ tests\e2e\files-ocr.spec.mjs:138:5 ΓÇ║ Files & OCR API ΓÇ║ POST /api/ocr/extract doc_type=repair_doc ΓåÆ α╣äα╕íα╣ê crash (500) (7ms)
  Γ£ô  235 [e2e-chromium] ΓÇ║ tests\e2e\files-ocr.spec.mjs:150:3 ΓÇ║ Files & OCR API ΓÇ║ POST /api/ocr/extract α╣äα╕íα╣êα╕íα╕╡ doc_type ΓåÆ 400 (7ms)
  Γ£ô  236 [e2e-chromium] ΓÇ║ tests\e2e\files-ocr.spec.mjs:157:3 ΓÇ║ Files & OCR API ΓÇ║ POST /api/ocr/extract α╣äα╕íα╣êα╕íα╕╡ base64 ΓåÆ 400 (5ms)
  Γ£ô  237 [e2e-chromium] ΓÇ║ tests\e2e\files-ocr.spec.mjs:164:3 ΓÇ║ Files & OCR API ΓÇ║ POST /api/ocr/extract α╣äα╕íα╣êα╕íα╕╡ token ΓåÆ 401 (3ms)
  Γ£ô  238 [e2e-chromium] ΓÇ║ tests\e2e\files-ocr.spec.mjs:172:3 ΓÇ║ Files & OCR API ΓÇ║ POST /api/ocr/extract doc_type=invalid ΓåÆ 400 (6ms)
  Γ£ô  239 [e2e-chromium] ΓÇ║ tests\e2e\fuel.spec.mjs:156:3 ΓÇ║ 1. Public ΓÇö α╕¢α╕úα╕░α╣Çα╕áα╕ùα╕Öα╣ëα╕│α╕íα╕▒α╕Ö (GET /api/fuel/types) ΓÇ║ α╕öα╕╢α╕çα╕úα╕▓α╕óα╕üα╕▓α╕úα╕¢α╕úα╕░α╣Çα╕áα╕ùα╕Öα╣ëα╕│α╕íα╕▒α╕Ö ΓåÆ α╕¬α╕│α╣Çα╕úα╣çα╕ê + α╕íα╕╡α╕éα╣ëα╕¡α╕íα╕╣α╕Ñ (20ms)
  Γ£ô  240 [e2e-chromium] ΓÇ║ tests\e2e\fuel.spec.mjs:164:3 ΓÇ║ 1. Public ΓÇö α╕¢α╕úα╕░α╣Çα╕áα╕ùα╕Öα╣ëα╕│α╕íα╕▒α╕Ö (GET /api/fuel/types) ΓÇ║ α╣üα╕òα╣êα╕Ñα╕░ fuel type α╕íα╕╡ id α╣üα╕Ñα╕░ name (10ms)
  Γ£ô  241 [e2e-chromium] ΓÇ║ tests\e2e\fuel.spec.mjs:173:3 ΓÇ║ 1. Public ΓÇö α╕¢α╕úα╕░α╣Çα╕áα╕ùα╕Öα╣ëα╕│α╕íα╕▒α╕Ö (GET /api/fuel/types) ΓÇ║ α╣äα╕íα╣êα╕òα╣ëα╕¡α╕çα╕íα╕╡ token (PUBLIC endpoint) (6ms)
  Γ£ô  242 [e2e-chromium] ΓÇ║ tests\e2e\fuel.spec.mjs:184:3 ΓÇ║ 2. Validation ΓÇö POST /api/fuel/record ΓÇ║ α╣äα╕íα╣êα╕¬α╣êα╕ç car_id ΓåÆ error (7ms)
  Γ£ô  243 [e2e-chromium] ΓÇ║ tests\e2e\fuel.spec.mjs:195:3 ΓÇ║ 2. Validation ΓÇö POST /api/fuel/record ΓÇ║ α╣äα╕íα╣êα╕¬α╣êα╕ç receipt_image ΓåÆ error (α╕Üα╕▒α╕çα╕äα╕▒α╕Üα╣üα╕Öα╕Üα╣âα╕Üα╣Çα╕¬α╕úα╣çα╕ê) (5ms)
  Γ£ô  244 [e2e-chromium] ΓÇ║ tests\e2e\fuel.spec.mjs:207:3 ΓÇ║ 2. Validation ΓÇö POST /api/fuel/record ΓÇ║ α╣äα╕íα╣êα╕¬α╣êα╕ç mileage_after ΓåÆ error (α╕Üα╕▒α╕çα╕äα╕▒α╕Üα╕üα╕úα╕¡α╕üα╣äα╕íα╕Ñα╣î) (6ms)
  Γ£ô  245 [e2e-chromium] ΓÇ║ tests\e2e\fuel.spec.mjs:219:3 ΓÇ║ 2. Validation ΓÇö POST /api/fuel/record ΓÇ║ mileage_after = 0 ΓåÆ error (5ms)
  Γ£ô  246 [e2e-chromium] ΓÇ║ tests\e2e\fuel.spec.mjs:231:3 ΓÇ║ 2. Validation ΓÇö POST /api/fuel/record ΓÇ║ α╣äα╕íα╣êα╕¬α╣êα╕ç purpose ΓåÆ error (6ms)
  Γ£ô  247 [e2e-chromium] ΓÇ║ tests\e2e\fuel.spec.mjs:243:3 ΓÇ║ 2. Validation ΓÇö POST /api/fuel/record ΓÇ║ purpose: other α╣üα╕òα╣êα╣äα╕íα╣êα╕íα╕╡ purpose_detail ΓåÆ error (8ms)
  Γ£ô  248 [e2e-chromium] ΓÇ║ tests\e2e\fuel.spec.mjs:256:3 ΓÇ║ 2. Validation ΓÇö POST /api/fuel/record ΓÇ║ α╣äα╕íα╣êα╕¬α╣êα╕ç driver_id α╣üα╕Ñα╕░ driver_name_manual ΓåÆ error (6ms)
  Γ£ô  249 [e2e-chromium] ΓÇ║ tests\e2e\fuel.spec.mjs:274:3 ΓÇ║ 3. α╕Üα╕▒α╕Öα╕ùα╕╢α╕üα╕Öα╣ëα╕│α╕íα╕▒α╕Ö ΓÇö α╕Üα╕úα╕┤α╕Üα╕ùα╕₧α╕Öα╕▒α╕üα╕çα╕▓α╕Öα╕éα╕▒α╕Üα╕úα╕û (QR, α╣äα╕íα╣êα╕íα╕╡ token) ΓÇ║ α╕Üα╕▒α╕Öα╕ùα╕╢α╕üα╕Öα╣ëα╕│α╕íα╕▒α╕Ö minimal α╕öα╣ëα╕ºα╕ó driver_id (QR scan) ΓåÆ α╕¬α╕│α╣Çα╕úα╣çα╕ê (17ms)
  Γ£ô  250 [e2e-chromium] ΓÇ║ tests\e2e\fuel.spec.mjs:291:3 ΓÇ║ 3. α╕Üα╕▒α╕Öα╕ùα╕╢α╕üα╕Öα╣ëα╕│α╕íα╕▒α╕Ö ΓÇö α╕Üα╕úα╕┤α╕Üα╕ùα╕₧α╕Öα╕▒α╕üα╕çα╕▓α╕Öα╕éα╕▒α╕Üα╕úα╕û (QR, α╣äα╕íα╣êα╕íα╕╡ token) ΓÇ║ document_number α╕íα╕╡α╕úα╕╣α╕¢α╣üα╕Üα╕Ü FUL-{BE}-{MM}-{NNN} (0ms)
  Γ£ô  251 [e2e-chromium] ΓÇ║ tests\e2e\fuel.spec.mjs:295:3 ΓÇ║ 3. α╕Üα╕▒α╕Öα╕ùα╕╢α╕üα╕Öα╣ëα╕│α╕íα╕▒α╕Ö ΓÇö α╕Üα╕úα╕┤α╕Üα╕ùα╕₧α╕Öα╕▒α╕üα╕çα╕▓α╕Öα╕éα╕▒α╕Üα╕úα╕û (QR, α╣äα╕íα╣êα╕íα╕╡ token) ΓÇ║ α╕Üα╕▒α╕Öα╕ùα╕╢α╕üα╕Öα╣ëα╕│α╕íα╕▒α╕Ö α╕öα╣ëα╕ºα╕ó driver_name_manual (α╣äα╕íα╣êα╕íα╕╡α╣âα╕Öα╕úα╕░α╕Üα╕Ü) ΓåÆ α╕¬α╕│α╣Çα╕úα╣çα╕ê (14ms)
  Γ£ô  252 [e2e-chromium] ΓÇ║ tests\e2e\fuel.spec.mjs:316:3 ΓÇ║ 3. α╕Üα╕▒α╕Öα╕ùα╕╢α╕üα╕Öα╣ëα╕│α╕íα╕▒α╕Ö ΓÇö α╕Üα╕úα╕┤α╕Üα╕ùα╕₧α╕Öα╕▒α╕üα╕çα╕▓α╕Öα╕éα╕▒α╕Üα╕úα╕û (QR, α╣äα╕íα╣êα╕íα╕╡ token) ΓÇ║ α╣äα╕íα╣êα╕òα╣ëα╕¡α╕çα╕íα╕╡ Authorization header (PUBLIC) ΓåÆ α╕¬α╕│α╣Çα╕úα╣çα╕ê (14ms)
  Γ£ô  253 [e2e-chromium] ΓÇ║ tests\e2e\fuel.spec.mjs:336:3 ΓÇ║ 3. α╕Üα╕▒α╕Öα╕ùα╕╢α╕üα╕Öα╣ëα╕│α╕íα╕▒α╕Ö ΓÇö α╕Üα╕úα╕┤α╕Üα╕ùα╕₧α╕Öα╕▒α╕üα╕çα╕▓α╕Öα╕éα╕▒α╕Üα╕úα╕û (QR, α╣äα╕íα╣êα╕íα╕╡ token) ΓÇ║ α╣Çα╕òα╕┤α╕íα╕Öα╣ëα╕│α╕íα╕▒α╕Öα╕äα╕úα╕▒α╣ëα╕çα╕ùα╕╡α╣ê 2 α╣äα╕íα╕Ñα╣î > α╕äα╕úα╕▒α╣ëα╕çα╣üα╕úα╕ü ΓåÆ α╕¬α╕│α╣Çα╕úα╣çα╕ê (14ms)
  Γ£ô  254 [e2e-chromium] ΓÇ║ tests\e2e\fuel.spec.mjs:354:3 ΓÇ║ 3. α╕Üα╕▒α╕Öα╕ùα╕╢α╕üα╕Öα╣ëα╕│α╕íα╕▒α╕Ö ΓÇö α╕Üα╕úα╕┤α╕Üα╕ùα╕₧α╕Öα╕▒α╕üα╕çα╕▓α╕Öα╕éα╕▒α╕Üα╕úα╕û (QR, α╣äα╕íα╣êα╕íα╕╡ token) ΓÇ║ purpose: other + purpose_detail ΓåÆ α╕¬α╕│α╣Çα╕úα╣çα╕ê (14ms)
  Γ£ô  255 [e2e-chromium] ΓÇ║ tests\e2e\fuel.spec.mjs:378:3 ΓÇ║ 4. α╕Üα╕▒α╕Öα╕ùα╕╢α╕üα╕Öα╣ëα╕│α╕íα╕▒α╕Ö ΓÇö α╕Üα╕úα╕┤α╕Üα╕ùα╕äα╕ôα╕░α╕ùα╕│α╕çα╕▓α╕Ö (Admin/Staff, α╕íα╕╡ token) ΓÇ║ α╕Üα╕▒α╕Öα╕ùα╕╢α╕üα╕Öα╣ëα╕│α╕íα╕▒α╕Öα╕₧α╕úα╣ëα╕¡α╕íα╕éα╣ëα╕¡α╕íα╕╣α╕Ñα╕äα╕úα╕Üα╕ùα╕╕α╕ü field ΓåÆ α╕¬α╕│α╣Çα╕úα╣çα╕ê (13ms)
  Γ£ô  256 [e2e-chromium] ΓÇ║ tests\e2e\fuel.spec.mjs:407:3 ΓÇ║ 4. α╕Üα╕▒α╕Öα╕ùα╕╢α╕üα╕Öα╣ëα╕│α╕íα╕▒α╕Ö ΓÇö α╕Üα╕úα╕┤α╕Üα╕ùα╕äα╕ôα╕░α╕ùα╕│α╕çα╕▓α╕Ö (Admin/Staff, α╕íα╕╡ token) ΓÇ║ GET /api/fuel/log/:id ΓåÆ α╕éα╣ëα╕¡α╕íα╕╣α╕Ñα╕äα╕úα╕Üα╕ûα╣ëα╕ºα╕Ö (7ms)
  Γ£ô  257 [e2e-chromium] ΓÇ║ tests\e2e\fuel.spec.mjs:419:3 ΓÇ║ 4. α╕Üα╕▒α╕Öα╕ùα╕╢α╕üα╕Öα╣ëα╕│α╕íα╕▒α╕Ö ΓÇö α╕Üα╕úα╕┤α╕Üα╕ùα╕äα╕ôα╕░α╕ùα╕│α╕çα╕▓α╕Ö (Admin/Staff, α╕íα╕╡ token) ΓÇ║ α╕úα╕░α╕Üα╕Üα╕äα╕│α╕Öα╕ºα╕ô fuel_consumption_rate α╕¡α╕▒α╕òα╣éα╕Öα╕íα╕▒α╕òα╕┤ (6ms)
  Γ£ô  258 [e2e-chromium] ΓÇ║ tests\e2e\fuel.spec.mjs:427:3 ΓÇ║ 4. α╕Üα╕▒α╕Öα╕ùα╕╢α╕üα╕Öα╣ëα╕│α╕íα╕▒α╕Ö ΓÇö α╕Üα╕úα╕┤α╕Üα╕ùα╕äα╕ôα╕░α╕ùα╕│α╕çα╕▓α╕Ö (Admin/Staff, α╕íα╕╡ token) ΓÇ║ α╕Üα╕▒α╕Öα╕ùα╕╢α╕üα╕Öα╣ëα╕│α╕íα╕▒α╕Öα╕öα╣ëα╕ºα╕ó expense_type: private ΓåÆ α╕¬α╕│α╣Çα╕úα╣çα╕ê (16ms)
  Γ£ô  259 [e2e-chromium] ΓÇ║ tests\e2e\fuel.spec.mjs:447:3 ΓÇ║ 4. α╕Üα╕▒α╕Öα╕ùα╕╢α╕üα╕Öα╣ëα╕│α╕íα╕▒α╕Ö ΓÇö α╕Üα╕úα╕┤α╕Üα╕ùα╕äα╕ôα╕░α╕ùα╕│α╕çα╕▓α╕Ö (Admin/Staff, α╕íα╕╡ token) ΓÇ║ α╕¡α╕▒α╕¢α╣Çα╕öα╕òα╣äα╕íα╕Ñα╣îα╕úα╕ûα╕¡α╕▒α╕òα╣éα╕Öα╕íα╕▒α╕òα╕┤α╕½α╕Ñα╕▒α╕çα╣Çα╕òα╕┤α╕íα╕Öα╣ëα╕│α╕íα╕▒α╕Ö (8ms)
  Γ£ô  260 [e2e-chromium] ΓÇ║ tests\e2e\fuel.spec.mjs:459:3 ΓÇ║ 5. Anomaly Detection ΓÇö α╕òα╕úα╕ºα╕êα╕êα╕▒α╕Üα╕äα╕ºα╕▓α╕íα╕£α╕┤α╕öα╕¢α╕üα╕òα╕┤ ΓÇ║ α╕¡α╕▒α╕òα╕úα╕▓α╕¬α╕┤α╣ëα╕Öα╣Çα╕¢α╕Ñα╕╖α╕¡α╕çα╕òα╣êα╕│α╕£α╕┤α╕öα╕¢α╕üα╕òα╕┤ (< 2 α╕üα╕í./α╕Ñ.) ΓåÆ anomaly_flag = 1 (27ms)
  Γ£ô  261 [e2e-chromium] ΓÇ║ tests\e2e\fuel.spec.mjs:478:3 ΓÇ║ 5. Anomaly Detection ΓÇö α╕òα╕úα╕ºα╕êα╕êα╕▒α╕Üα╕äα╕ºα╕▓α╕íα╕£α╕┤α╕öα╕¢α╕üα╕òα╕┤ ΓÇ║ α╣Çα╕òα╕┤α╕íα╕Öα╣ëα╕│α╕íα╕▒α╕Öα╕¢α╕üα╕òα╕┤ ΓåÆ anomaly_flag = 0 (17ms)
  Γ£ô  262 [e2e-chromium] ΓÇ║ tests\e2e\fuel.spec.mjs:495:3 ΓÇ║ 5. Anomaly Detection ΓÇö α╕òα╕úα╕ºα╕êα╕êα╕▒α╕Üα╕äα╕ºα╕▓α╕íα╕£α╕┤α╕öα╕¢α╕üα╕òα╕┤ ΓÇ║ α╣Çα╕òα╕┤α╕íα╕Öα╣ëα╕│α╕íα╕▒α╕Ö 3 α╕äα╕úα╕▒α╣ëα╕çα╣âα╕Öα╕ºα╕▒α╕Öα╣Çα╕öα╕╡α╕óα╕º (α╕úα╕ûα╣Çα╕öα╕┤α╕í) ΓåÆ anomaly_flag = 1 α╕äα╕úα╕▒α╣ëα╕çα╕¬α╕╕α╕öα╕ùα╣ëα╕▓α╕ó (27ms)
  Γ£ô  263 [e2e-chromium] ΓÇ║ tests\e2e\fuel.spec.mjs:531:3 ΓÇ║ 6. GET /api/fuel/log ΓÇö α╕¢α╕úα╕░α╕ºα╕▒α╕òα╕┤α╕üα╕▓α╕úα╣Çα╕òα╕┤α╕íα╕Öα╣ëα╕│α╕íα╕▒α╕Ö ΓÇ║ α╕öα╕╢α╕çα╕úα╕▓α╕óα╕üα╕▓α╕úα╕ùα╕▒α╣ëα╕çα╕½α╕íα╕ö ΓåÆ success + array (7ms)
  Γ£ô  264 [e2e-chromium] ΓÇ║ tests\e2e\fuel.spec.mjs:539:3 ΓÇ║ 6. GET /api/fuel/log ΓÇö α╕¢α╕úα╕░α╕ºα╕▒α╕òα╕┤α╕üα╕▓α╕úα╣Çα╕òα╕┤α╕íα╕Öα╣ëα╕│α╕íα╕▒α╕Ö ΓÇ║ α╕üα╕úα╕¡α╕ç car_id ΓåÆ α╣Çα╕ëα╕₧α╕▓α╕░α╕úα╕ûα╕ùα╕╡α╣êα╕úα╕░α╕Üα╕╕ (9ms)
  Γ£ô  265 [e2e-chromium] ΓÇ║ tests\e2e\fuel.spec.mjs:548:3 ΓÇ║ 6. GET /api/fuel/log ΓÇö α╕¢α╕úα╕░α╕ºα╕▒α╕òα╕┤α╕üα╕▓α╕úα╣Çα╕òα╕┤α╕íα╕Öα╣ëα╕│α╕íα╕▒α╕Ö ΓÇ║ α╕üα╕úα╕¡α╕ç date_from/date_to ΓåÆ α╣Çα╕ëα╕₧α╕▓α╕░α╕èα╣êα╕ºα╕çα╕ºα╕▒α╕Öα╕ùα╕╡α╣ê (11ms)
  Γ£ô  266 [e2e-chromium] ΓÇ║ tests\e2e\fuel.spec.mjs:559:3 ΓÇ║ 6. GET /api/fuel/log ΓÇö α╕¢α╕úα╕░α╕ºα╕▒α╕òα╕┤α╕üα╕▓α╕úα╣Çα╕òα╕┤α╕íα╕Öα╣ëα╕│α╕íα╕▒α╕Ö ΓÇ║ GET /api/fuel/log/:id ΓåÆ details α╕ûα╕╣α╕üα╕òα╣ëα╕¡α╕ç (7ms)
  Γ£ô  267 [e2e-chromium] ΓÇ║ tests\e2e\fuel.spec.mjs:570:3 ΓÇ║ 6. GET /api/fuel/log ΓÇö α╕¢α╕úα╕░α╕ºα╕▒α╕òα╕┤α╕üα╕▓α╕úα╣Çα╕òα╕┤α╕íα╕Öα╣ëα╕│α╕íα╕▒α╕Ö ΓÇ║ α╣äα╕íα╣êα╕íα╕╡ token ΓåÆ 401 (3ms)
  Γ£ô  268 [e2e-chromium] ΓÇ║ tests\e2e\fuel.spec.mjs:580:3 ΓÇ║ 7. PUT /api/fuel/log/:id ΓÇö α╣üα╕üα╣ëα╣äα╕éα╕Üα╕▒α╕Öα╕ùα╕╢α╕ü ΓÇ║ α╕¡α╕▒α╕¢α╣Çα╕öα╕ò gas_station_name α╣üα╕Ñα╕░ notes ΓåÆ α╕¬α╕│α╣Çα╕úα╣çα╕ê (8ms)
  Γ£ô  269 [e2e-chromium] ΓÇ║ tests\e2e\fuel.spec.mjs:589:3 ΓÇ║ 7. PUT /api/fuel/log/:id ΓÇö α╣üα╕üα╣ëα╣äα╕éα╕Üα╕▒α╕Öα╕ùα╕╢α╕ü ΓÇ║ α╕òα╕úα╕ºα╕ê GET α╕½α╕Ñα╕▒α╕ç PUT ΓåÆ α╕éα╣ëα╕¡α╕íα╕╣α╕Ñα╣Çα╕¢α╕Ñα╕╡α╣êα╕óα╕Öα╣üα╕Ñα╣ëα╕º (8ms)
  Γ£ô  270 [e2e-chromium] ΓÇ║ tests\e2e\fuel.spec.mjs:596:3 ΓÇ║ 7. PUT /api/fuel/log/:id ΓÇö α╣üα╕üα╣ëα╣äα╕éα╕Üα╕▒α╕Öα╕ùα╕╢α╕ü ΓÇ║ PUT α╣äα╕íα╣êα╕íα╕╡ token ΓåÆ 401 (3ms)
  Γ£ô  271 [e2e-chromium] ΓÇ║ tests\e2e\fuel.spec.mjs:607:3 ΓÇ║ 8. DELETE /api/fuel/log/:id ΓÇö Soft Delete ΓÇ║ α╕Ñα╕Üα╕úα╕▓α╕óα╕üα╕▓α╕úα╕Öα╣ëα╕│α╕íα╕▒α╕Ö (Soft Delete) ΓåÆ α╕¬α╕│α╣Çα╕úα╣çα╕ê (8ms)
  Γ£ô  272 [e2e-chromium] ΓÇ║ tests\e2e\fuel.spec.mjs:614:3 ΓÇ║ 8. DELETE /api/fuel/log/:id ΓÇö Soft Delete ΓÇ║ α╕½α╕Ñα╕▒α╕ç delete ΓÇö GET /:id ΓåÆ α╣äα╕íα╣êα╕₧α╕Ü (soft deleted) (6ms)
  Γ£ô  273 [e2e-chromium] ΓÇ║ tests\e2e\fuel.spec.mjs:620:3 ΓÇ║ 8. DELETE /api/fuel/log/:id ΓÇö Soft Delete ΓÇ║ DELETE α╣äα╕íα╣êα╕íα╕╡ token ΓåÆ 401 (3ms)
  Γ£ô  274 [e2e-chromium] ΓÇ║ tests\e2e\fuel.spec.mjs:630:3 ΓÇ║ 9. GET /api/fuel/summary ΓÇö α╕¬α╕úα╕╕α╕¢α╕üα╕▓α╕úα╣âα╕èα╣ëα╕Öα╣ëα╕│α╕íα╕▒α╕Ö ΓÇ║ α╕öα╕╢α╕ç summary α╕ùα╕▒α╣ëα╕çα╕½α╕íα╕ö ΓåÆ count > 0 (6ms)
  Γ£ô  275 [e2e-chromium] ΓÇ║ tests\e2e\fuel.spec.mjs:639:3 ΓÇ║ 9. GET /api/fuel/summary ΓÇö α╕¬α╕úα╕╕α╕¢α╕üα╕▓α╕úα╣âα╕èα╣ëα╕Öα╣ëα╕│α╕íα╕▒α╕Ö ΓÇ║ summary α╕üα╕úα╕¡α╕ç car_id ΓåÆ α╣Çα╕ëα╕₧α╕▓α╕░α╕úα╕ûα╕Öα╕▒α╣ëα╕Ö (10ms)
  Γ£ô  276 [e2e-chromium] ΓÇ║ tests\e2e\fuel.spec.mjs:646:3 ΓÇ║ 9. GET /api/fuel/summary ΓÇö α╕¬α╕úα╕╕α╕¢α╕üα╕▓α╕úα╣âα╕èα╣ëα╕Öα╣ëα╕│α╕íα╕▒α╕Ö ΓÇ║ summary α╕üα╕úα╕¡α╕ç month ΓåÆ α╣Çα╕ëα╕₧α╕▓α╕░α╣Çα╕öα╕╖α╕¡α╕Öα╕Öα╕▒α╣ëα╕Ö (7ms)
  Γ£ô  277 [e2e-chromium] ΓÇ║ tests\e2e\fuel.spec.mjs:661:3 ΓÇ║ 10. Fuel Requests ΓÇö α╕äα╕│α╕éα╕¡α╣Çα╕Üα╕┤α╕üα╕Öα╣ëα╕│α╕íα╕▒α╕Ö ΓÇ║ α╕¬α╕úα╣ëα╕▓α╕çα╕äα╕│α╕éα╕¡α╣Çα╕Üα╕┤α╕üα╕Öα╣ëα╕│α╕íα╕▒α╕Ö ΓåÆ α╕¬α╕│α╣Çα╕úα╣çα╕ê + status: pending (10ms)
  Γ£ô  278 [e2e-chromium] ΓÇ║ tests\e2e\fuel.spec.mjs:674:3 ΓÇ║ 10. Fuel Requests ΓÇö α╕äα╕│α╕éα╕¡α╣Çα╕Üα╕┤α╕üα╕Öα╣ëα╕│α╕íα╕▒α╕Ö ΓÇ║ GET /api/fuel/requests ΓåÆ α╕íα╕╡α╕úα╕▓α╕óα╕üα╕▓α╕úα╕ùα╕╡α╣êα╣Çα╕₧α╕┤α╣êα╕çα╕¬α╕úα╣ëα╕▓α╕ç (9ms)
  Γ£ô  279 [e2e-chromium] ΓÇ║ tests\e2e\fuel.spec.mjs:682:3 ΓÇ║ 10. Fuel Requests ΓÇö α╕äα╕│α╕éα╕¡α╣Çα╕Üα╕┤α╕üα╕Öα╣ëα╕│α╕íα╕▒α╕Ö ΓÇ║ GET ?status=pending ΓåÆ α╣Çα╕ëα╕₧α╕▓α╕░ pending (9ms)
  Γ£ô  280 [e2e-chromium] ΓÇ║ tests\e2e\fuel.spec.mjs:689:3 ΓÇ║ 10. Fuel Requests ΓÇö α╕äα╕│α╕éα╕¡α╣Çα╕Üα╕┤α╕üα╕Öα╣ëα╕│α╕íα╕▒α╕Ö ΓÇ║ α╕¡α╕Öα╕╕α╕íα╕▒α╕òα╕┤α╕äα╕│α╕éα╕¡ (approve) ΓåÆ α╕¬α╕│α╣Çα╕úα╣çα╕ê (8ms)
  Γ£ô  281 [e2e-chromium] ΓÇ║ tests\e2e\fuel.spec.mjs:695:3 ΓÇ║ 10. Fuel Requests ΓÇö α╕äα╕│α╕éα╕¡α╣Çα╕Üα╕┤α╕üα╕Öα╣ëα╕│α╕íα╕▒α╕Ö ΓÇ║ α╕¬α╕úα╣ëα╕▓α╕çα╕äα╕│α╕éα╕¡α╣âα╕½α╕íα╣êα╣üα╕Ñα╣ëα╕º reject ΓåÆ α╕¬α╕│α╣Çα╕úα╣çα╕ê (17ms)
  Γ£ô  282 [e2e-chromium] ΓÇ║ tests\e2e\fuel.spec.mjs:707:3 ΓÇ║ 10. Fuel Requests ΓÇö α╕äα╕│α╕éα╕¡α╣Çα╕Üα╕┤α╕üα╕Öα╣ëα╕│α╕íα╕▒α╕Ö ΓÇ║ POST α╣äα╕íα╣êα╕¬α╣êα╕ç car_id ΓåÆ error (4ms)
  Γ£ô  283 [e2e-chromium] ΓÇ║ tests\e2e\fuel.spec.mjs:724:3 ΓÇ║ 11. Fuel Invoices ΓÇö α╣âα╕Üα╣Çα╕Üα╕┤α╕üα╕êα╕▓α╕üα╕¢α╕▒α╣èα╕í + Reconcile ΓÇ║ α╕¬α╕úα╣ëα╕▓α╕çα╣âα╕Üα╣Çα╕Üα╕┤α╕üα╕êα╕▓α╕üα╕¢α╕▒α╣èα╕í ΓåÆ α╕¬α╕│α╣Çα╕úα╣çα╕ê (8ms)
  Γ£ô  284 [e2e-chromium] ΓÇ║ tests\e2e\fuel.spec.mjs:743:3 ΓÇ║ 11. Fuel Invoices ΓÇö α╣âα╕Üα╣Çα╕Üα╕┤α╕üα╕êα╕▓α╕üα╕¢α╕▒α╣èα╕í + Reconcile ΓÇ║ GET /api/fuel/invoices ΓåÆ α╕íα╕╡α╣âα╕Üα╣Çα╕Üα╕┤α╕üα╕ùα╕╡α╣êα╕¬α╕úα╣ëα╕▓α╕ç (7ms)
  Γ£ô  285 [e2e-chromium] ΓÇ║ tests\e2e\fuel.spec.mjs:751:3 ΓÇ║ 11. Fuel Invoices ΓÇö α╣âα╕Üα╣Çα╕Üα╕┤α╕üα╕êα╕▓α╕üα╕¢α╕▒α╣èα╕í + Reconcile ΓÇ║ GET /api/fuel/invoices/:id ΓåÆ α╕íα╕╡ items (7ms)
  Γ£ô  286 [e2e-chromium] ΓÇ║ tests\e2e\fuel.spec.mjs:760:3 ΓÇ║ 11. Fuel Invoices ΓÇö α╣âα╕Üα╣Çα╕Üα╕┤α╕üα╕êα╕▓α╕üα╕¢α╕▒α╣èα╕í + Reconcile ΓÇ║ GET reconcile ΓåÆ α╕íα╕╡ comparison + status (11ms)
  Γ£ô  287 [e2e-chromium] ΓÇ║ tests\e2e\fuel.spec.mjs:769:3 ΓÇ║ 11. Fuel Invoices ΓÇö α╣âα╕Üα╣Çα╕Üα╕┤α╕üα╕êα╕▓α╕üα╕¢α╕▒α╣èα╕í + Reconcile ΓÇ║ PUT resolve ΓåÆ α╕¬α╕│α╣Çα╕úα╣çα╕ê + status: resolved (12ms)
  Γ£ô  288 [e2e-chromium] ΓÇ║ tests\e2e\fuel.spec.mjs:784:3 ΓÇ║ 12. Permissions ΓÇ║ POST /api/fuel/record α╣äα╕íα╣êα╕íα╕╡ token ΓåÆ α╕¬α╕│α╣Çα╕úα╣çα╕ê (PUBLIC) (14ms)
  Γ£ô  289 [e2e-chromium] ΓÇ║ tests\e2e\fuel.spec.mjs:803:3 ΓÇ║ 12. Permissions ΓÇ║ GET /api/fuel/log α╣äα╕íα╣êα╕íα╕╡ token ΓåÆ 401 (2ms)
  Γ£ô  290 [e2e-chromium] ΓÇ║ tests\e2e\fuel.spec.mjs:808:3 ΓÇ║ 12. Permissions ΓÇ║ PUT /api/fuel/log/:id α╣äα╕íα╣êα╕íα╕╡ token ΓåÆ 401 (3ms)
  Γ£ô  291 [e2e-chromium] ΓÇ║ tests\e2e\fuel.spec.mjs:817:3 ΓÇ║ 12. Permissions ΓÇ║ GET /api/fuel/summary α╣äα╕íα╣êα╕íα╕╡ token ΓåÆ 401 (3ms)
  Γ£ô  292 [e2e-chromium] ΓÇ║ tests\e2e\fuel.spec.mjs:822:3 ΓÇ║ 12. Permissions ΓÇ║ GET /api/fuel/invoices α╣äα╕íα╣êα╕íα╕╡ token ΓåÆ 401 (2ms)
  Γ£ô  293 [e2e-chromium] ΓÇ║ tests\e2e\fuel.spec.mjs:832:3 ΓÇ║ 13. UI Tests ΓÇö α╣éα╕½α╕Ñα╕öα╕½α╕Öα╣ëα╕▓α╣Çα╕ºα╣çα╕Ü ΓÇ║ qr-fuel-record.html α╣éα╕½α╕Ñα╕öα╕¬α╕│α╣Çα╕úα╣çα╕ê α╣äα╕íα╣ê 5xx (823ms)
  Γ£ô  294 [e2e-chromium] ΓÇ║ tests\e2e\fuel.spec.mjs:838:3 ΓÇ║ 13. UI Tests ΓÇö α╣éα╕½α╕Ñα╕öα╕½α╕Öα╣ëα╕▓α╣Çα╕ºα╣çα╕Ü ΓÇ║ fuel-record.html α╣éα╕½α╕Ñα╕öα╕¬α╕│α╣Çα╕úα╣çα╕ê α╣äα╕íα╣ê 5xx (906ms)
  Γ£ô  295 [e2e-chromium] ΓÇ║ tests\e2e\fuel.spec.mjs:843:3 ΓÇ║ 13. UI Tests ΓÇö α╣éα╕½α╕Ñα╕öα╕½α╕Öα╣ëα╕▓α╣Çα╕ºα╣çα╕Ü ΓÇ║ fuel-ledger.html α╣éα╕½α╕Ñα╕öα╕¬α╕│α╣Çα╕úα╣çα╕ê α╣äα╕íα╣ê 5xx (950ms)
  Γ£ô  296 [e2e-chromium] ΓÇ║ tests\e2e\fuel.spec.mjs:848:3 ΓÇ║ 13. UI Tests ΓÇö α╣éα╕½α╕Ñα╕öα╕½α╕Öα╣ëα╕▓α╣Çα╕ºα╣çα╕Ü ΓÇ║ qr-fuel-record.html α╕íα╕╡α╣Çα╕Öα╕╖α╣ëα╕¡α╕½α╕▓ (body α╣äα╕íα╣êα╕ºα╣êα╕▓α╕ç) (813ms)
  Γ£ÿ  297 [e2e-chromium] ΓÇ║ tests\e2e\maintenance.spec.mjs:58:3 ΓÇ║ Maintenance API ΓÇ║ Bootstrap: login α╣äα╕öα╣ëα╕úα╕▒α╕Ü admin token (1.5s)
  -  298 [e2e-chromium] ΓÇ║ tests\e2e\maintenance.spec.mjs:74:3 ΓÇ║ Maintenance API ΓÇ║ Bootstrap: α╕¬α╕úα╣ëα╕▓α╕ç test vehicle
  -  299 [e2e-chromium] ΓÇ║ tests\e2e\maintenance.spec.mjs:88:3 ΓÇ║ Maintenance API ΓÇ║ GET /api/maintenance/settings ΓåÆ list (α╕¡α╕▓α╕êα╕ºα╣êα╕▓α╕ç)
  -  300 [e2e-chromium] ΓÇ║ tests\e2e\maintenance.spec.mjs:94:3 ΓÇ║ Maintenance API ΓÇ║ POST /api/maintenance/settings ΓåÆ α╕¬α╕úα╣ëα╕▓α╕ç setting α╣âα╕½α╕íα╣ê
  -  301 [e2e-chromium] ΓÇ║ tests\e2e\maintenance.spec.mjs:106:3 ΓÇ║ Maintenance API ΓÇ║ GET /api/maintenance/settings ΓÇö α╕íα╕╡ setting α╕ùα╕╡α╣êα╕¬α╕úα╣ëα╕▓α╕ç
  -  302 [e2e-chromium] ΓÇ║ tests\e2e\maintenance.spec.mjs:114:3 ΓÇ║ Maintenance API ΓÇ║ PUT /api/maintenance/settings/:id ΓåÆ α╣üα╕üα╣ëα╣äα╕é
  -  303 [e2e-chromium] ΓÇ║ tests\e2e\maintenance.spec.mjs:124:3 ΓÇ║ Maintenance API ΓÇ║ PUT bulk settings ΓåÆ update α╕½α╕Ñα╕▓α╕ó setting α╕₧α╕úα╣ëα╕¡α╕íα╕üα╕▒α╕Ö
  -  304 [e2e-chromium] ΓÇ║ tests\e2e\maintenance.spec.mjs:135:3 ΓÇ║ Maintenance API ΓÇ║ GET /api/maintenance/status ΓåÆ dashboard status
  -  305 [e2e-chromium] ΓÇ║ tests\e2e\maintenance.spec.mjs:142:3 ΓÇ║ Maintenance API ΓÇ║ GET /api/maintenance/vehicle/:carId ΓåÆ vehicle maintenance status
  -  306 [e2e-chromium] ΓÇ║ tests\e2e\maintenance.spec.mjs:150:3 ΓÇ║ Maintenance API ΓÇ║ PUT /api/maintenance/vehicle/:carId/bulk ΓåÆ override
  -  307 [e2e-chromium] ΓÇ║ tests\e2e\maintenance.spec.mjs:160:3 ΓÇ║ Maintenance API ΓÇ║ GET /api/maintenance/profiles ΓåÆ list profiles
  -  308 [e2e-chromium] ΓÇ║ tests\e2e\maintenance.spec.mjs:169:3 ΓÇ║ Maintenance API ΓÇ║ GET /api/maintenance/profiles/brands ΓåÆ brands list
  -  309 [e2e-chromium] ΓÇ║ tests\e2e\maintenance.spec.mjs:177:3 ΓÇ║ Maintenance API ΓÇ║ GET /api/maintenance/alerts ΓåÆ alerts list
  -  310 [e2e-chromium] ΓÇ║ tests\e2e\maintenance.spec.mjs:185:3 ΓÇ║ Maintenance API ΓÇ║ GET /api/maintenance/alerts?status=active ΓåÆ filter active
  -  311 [e2e-chromium] ΓÇ║ tests\e2e\maintenance.spec.mjs:193:3 ΓÇ║ Maintenance API ΓÇ║ GET /api/maintenance/settings α╣äα╕íα╣êα╕íα╕╡ token ΓåÆ 401
  -  312 [e2e-chromium] ΓÇ║ tests\e2e\maintenance.spec.mjs:198:3 ΓÇ║ Maintenance API ΓÇ║ POST /api/maintenance/settings α╣äα╕íα╣êα╕íα╕╡ token ΓåÆ 401
  -  313 [e2e-chromium] ΓÇ║ tests\e2e\maintenance.spec.mjs:206:3 ΓÇ║ Maintenance API ΓÇ║ α╕¬α╕úα╣ëα╕▓α╕ç setting priority: low
  -  314 [e2e-chromium] ΓÇ║ tests\e2e\maintenance.spec.mjs:215:3 ΓÇ║ Maintenance API ΓÇ║ α╕¬α╕úα╣ëα╕▓α╕ç setting priority: critical
  -  315 [e2e-chromium] ΓÇ║ tests\e2e\maintenance.spec.mjs:227:3 ΓÇ║ Maintenance API ΓÇ║ DELETE /api/maintenance/settings/:id ΓåÆ α╕Ñα╕Üα╣äα╕öα╣ë
  -  316 [e2e-chromium] ΓÇ║ tests\e2e\maintenance.spec.mjs:232:3 ΓÇ║ Maintenance API ΓÇ║ GET /api/maintenance/settings ΓÇö α╣äα╕íα╣êα╕íα╕╡ deleted item
  Γ£ô  317 [e2e-chromium] ΓÇ║ tests\e2e\qr-scan.spec.mjs:192:3 ΓÇ║ 1. Public QR ΓÇö α╕éα╣ëα╕¡α╕íα╕╣α╕Ñα╕úα╕û (qr-info) ΓÇ║ α╕öα╕╢α╕çα╕éα╣ëα╕¡α╕íα╕╣α╕Ñα╕úα╕ûα╕öα╣ëα╕ºα╕ó car_id α╕¬α╕│α╣Çα╕úα╣çα╕ê (10ms)
  Γ£ô  318 [e2e-chromium] ΓÇ║ tests\e2e\qr-scan.spec.mjs:202:3 ΓÇ║ 1. Public QR ΓÇö α╕éα╣ëα╕¡α╕íα╕╣α╕Ñα╕úα╕û (qr-info) ΓÇ║ α╕öα╕╢α╕çα╕éα╣ëα╕¡α╕íα╕╣α╕Ñα╕úα╕ûα╕öα╣ëα╕ºα╕ó license_plate α╕¬α╕│α╣Çα╕úα╣çα╕ê (8ms)
  Γ£ô  319 [e2e-chromium] ΓÇ║ tests\e2e\qr-scan.spec.mjs:208:3 ΓÇ║ 1. Public QR ΓÇö α╕éα╣ëα╕¡α╕íα╕╣α╕Ñα╕úα╕û (qr-info) ΓÇ║ car_id α╣äα╕íα╣êα╕ûα╕╣α╕üα╕òα╣ëα╕¡α╕ç ΓåÆ α╣äα╕íα╣êα╕₧α╕Ü (6ms)
  Γ£ô  320 [e2e-chromium] ΓÇ║ tests\e2e\qr-scan.spec.mjs:213:3 ΓÇ║ 1. Public QR ΓÇö α╕éα╣ëα╕¡α╕íα╕╣α╕Ñα╕úα╕û (qr-info) ΓÇ║ α╣äα╕íα╣êα╕¬α╣êα╕ç car_id ΓåÆ error (4ms)
  Γ£ô  321 [e2e-chromium] ΓÇ║ tests\e2e\qr-scan.spec.mjs:218:3 ΓÇ║ 1. Public QR ΓÇö α╕éα╣ëα╕¡α╕íα╕╣α╕Ñα╕úα╕û (qr-info) ΓÇ║ α╣äα╕íα╣êα╕òα╣ëα╕¡α╕çα╕íα╕╡ token (PUBLIC endpoint) (5ms)
  Γ£ô  322 [e2e-chromium] ΓÇ║ tests\e2e\qr-scan.spec.mjs:232:3 ΓÇ║ 2. Public QR ΓÇö α╕¬α╕ûα╕▓α╕Öα╕░α╕Ñα╣êα╕▓α╕¬α╕╕α╕öα╕éα╕¡α╕çα╕úα╕û (latest-status) ΓÇ║ α╕úα╕ûα╣âα╕½α╕íα╣êα╕ùα╕╡α╣êα╕óα╕▒α╕çα╣äα╕íα╣êα╕íα╕╡α╕Üα╕▒α╕Öα╕ùα╕╢α╕ü ΓåÆ status: unknown (6ms)
  Γ£ô  323 [e2e-chromium] ΓÇ║ tests\e2e\qr-scan.spec.mjs:241:3 ΓÇ║ 2. Public QR ΓÇö α╕¬α╕ûα╕▓α╕Öα╕░α╕Ñα╣êα╕▓α╕¬α╕╕α╕öα╕éα╕¡α╕çα╕úα╕û (latest-status) ΓÇ║ α╣äα╕íα╣êα╕¬α╣êα╕ç car_id ΓåÆ error (4ms)
  Γ£ô  324 [e2e-chromium] ΓÇ║ tests\e2e\qr-scan.spec.mjs:246:3 ΓÇ║ 2. Public QR ΓÇö α╕¬α╕ûα╕▓α╕Öα╕░α╕Ñα╣êα╕▓α╕¬α╕╕α╕öα╕éα╕¡α╕çα╕úα╕û (latest-status) ΓÇ║ α╣äα╕íα╣êα╕òα╣ëα╕¡α╕çα╕íα╕╡ token (PUBLIC endpoint) (5ms)
  Γ£ô  325 [e2e-chromium] ΓÇ║ tests\e2e\qr-scan.spec.mjs:258:3 ΓÇ║ 3. Validation ΓÇö POST /api/usage/record ΓÇ║ α╣äα╕íα╣êα╕íα╕╡ car_id ΓåÆ error (6ms)
  Γ£ô  326 [e2e-chromium] ΓÇ║ tests\e2e\qr-scan.spec.mjs:267:3 ΓÇ║ 3. Validation ΓÇö POST /api/usage/record ΓÇ║ α╣äα╕íα╣êα╕íα╕╡ record_type ΓåÆ error (3ms)
  Γ£ô  327 [e2e-chromium] ΓÇ║ tests\e2e\qr-scan.spec.mjs:276:3 ΓÇ║ 3. Validation ΓÇö POST /api/usage/record ΓÇ║ α╣äα╕íα╣êα╕íα╕╡ driver_id α╣üα╕Ñα╕░ driver_name_manual ΓåÆ error (3ms)
  Γ£ô  328 [e2e-chromium] ΓÇ║ tests\e2e\qr-scan.spec.mjs:286:3 ΓÇ║ 3. Validation ΓÇö POST /api/usage/record ΓÇ║ record_type α╣äα╕íα╣êα╕ûα╕╣α╕üα╕òα╣ëα╕¡α╕ç ΓåÆ error (4ms)
  Γ£ô  329 [e2e-chromium] ΓÇ║ tests\e2e\qr-scan.spec.mjs:296:3 ΓÇ║ 3. Validation ΓÇö POST /api/usage/record ΓÇ║ α╣Çα╕Ñα╕éα╣äα╕íα╕Ñα╣îα╕òα╕┤α╕öα╕Ñα╕Ü ΓåÆ error (4ms)
  Γ£ô  330 [e2e-chromium] ΓÇ║ tests\e2e\qr-scan.spec.mjs:313:3 ΓÇ║ 4. Flow α╕¬α╕íα╕Üα╕╣α╕úα╕ôα╣î ΓÇö α╕Üα╕▒α╕Öα╕ùα╕╢α╕üα╕¡α╕¡α╕üα╣üα╕Ñα╕░α╕üα╕Ñα╕▒α╕Ü ΓÇ║ α╕¬α╕ûα╕▓α╕Öα╕░α╣Çα╕úα╕┤α╣êα╕íα╕òα╣ëα╕Öα╕éα╕¡α╕çα╕úα╕û ΓåÆ unknown (5ms)
  Γ£ô  331 [e2e-chromium] ΓÇ║ tests\e2e\qr-scan.spec.mjs:320:3 ΓÇ║ 4. Flow α╕¬α╕íα╕Üα╕╣α╕úα╕ôα╣î ΓÇö α╕Üα╕▒α╕Öα╕ùα╕╢α╕üα╕¡α╕¡α╕üα╣üα╕Ñα╕░α╕üα╕Ñα╕▒α╕Ü ΓÇ║ α╕Üα╕▒α╕Öα╕ùα╕╢α╕üα╕¡α╕¡α╕ü (departure) α╕¬α╕íα╕Üα╕╣α╕úα╕ôα╣î ΓÇö α╕¬α╕│α╣Çα╕úα╣çα╕ê α╣äα╕íα╣êα╕íα╕╡ auto_heal (9ms)
  Γ£ô  332 [e2e-chromium] ΓÇ║ tests\e2e\qr-scan.spec.mjs:339:3 ΓÇ║ 4. Flow α╕¬α╕íα╕Üα╕╣α╕úα╕ôα╣î ΓÇö α╕Üα╕▒α╕Öα╕ùα╕╢α╕üα╕¡α╕¡α╕üα╣üα╕Ñα╕░α╕üα╕Ñα╕▒α╕Ü ΓÇ║ α╕¬α╕ûα╕▓α╕Öα╕░α╕½α╕Ñα╕▒α╕çα╕Üα╕▒α╕Öα╕ùα╕╢α╕üα╕¡α╕¡α╕ü ΓåÆ out (7ms)
  Γ£ô  333 [e2e-chromium] ΓÇ║ tests\e2e\qr-scan.spec.mjs:348:3 ΓÇ║ 4. Flow α╕¬α╕íα╕Üα╕╣α╕úα╕ôα╣î ΓÇö α╕Üα╕▒α╕Öα╕ùα╕╢α╕üα╕¡α╕¡α╕üα╣üα╕Ñα╕░α╕üα╕Ñα╕▒α╕Ü ΓÇ║ α╕Üα╕▒α╕Öα╕ùα╕╢α╕üα╕üα╕Ñα╕▒α╕Ü (return) α╕¬α╕íα╕Üα╕╣α╕úα╕ôα╣î ΓÇö α╕¬α╕│α╣Çα╕úα╣çα╕ê α╣äα╕íα╣êα╕íα╕╡ auto_heal (11ms)
  Γ£ô  334 [e2e-chromium] ΓÇ║ tests\e2e\qr-scan.spec.mjs:365:3 ΓÇ║ 4. Flow α╕¬α╕íα╕Üα╕╣α╕úα╕ôα╣î ΓÇö α╕Üα╕▒α╕Öα╕ùα╕╢α╕üα╕¡α╕¡α╕üα╣üα╕Ñα╕░α╕üα╕Ñα╕▒α╕Ü ΓÇ║ α╕¬α╕ûα╕▓α╕Öα╕░α╕½α╕Ñα╕▒α╕çα╕Üα╕▒α╕Öα╕ùα╕╢α╕üα╕üα╕Ñα╕▒α╕Ü ΓåÆ in (6ms)
  Γ£ô  335 [e2e-chromium] ΓÇ║ tests\e2e\qr-scan.spec.mjs:374:3 ΓÇ║ 4. Flow α╕¬α╕íα╕Üα╕╣α╕úα╕ôα╣î ΓÇö α╕Üα╕▒α╕Öα╕ùα╕╢α╕üα╕¡α╕¡α╕üα╣üα╕Ñα╕░α╕üα╕Ñα╕▒α╕Ü ΓÇ║ α╕öα╕╣ usage records α╕£α╣êα╕▓α╕Ö admin ΓåÆ α╕íα╕╡α╕ùα╕▒α╣ëα╕ç departure α╣üα╕Ñα╕░ return (7ms)
  Γ£ô  336 [e2e-chromium] ΓÇ║ tests\e2e\qr-scan.spec.mjs:390:3 ΓÇ║ 4. Flow α╕¬α╕íα╕Üα╕╣α╕úα╕ôα╣î ΓÇö α╕Üα╕▒α╕Öα╕ùα╕╢α╕üα╕¡α╕¡α╕üα╣üα╕Ñα╕░α╕üα╕Ñα╕▒α╕Ü ΓÇ║ α╕Üα╕▒α╕Öα╕ùα╕╢α╕ü record_type: refuel α╕¬α╕│α╣Çα╕úα╣çα╕ê (8ms)
  Γ£ô  337 [e2e-chromium] ΓÇ║ tests\e2e\qr-scan.spec.mjs:404:3 ΓÇ║ 4. Flow α╕¬α╕íα╕Üα╕╣α╕úα╕ôα╣î ΓÇö α╕Üα╕▒α╕Öα╕ùα╕╢α╕üα╕¡α╕¡α╕üα╣üα╕Ñα╕░α╕üα╕Ñα╕▒α╕Ü ΓÇ║ α╕Üα╕▒α╕Öα╕ùα╕╢α╕ü record_type: inspection α╕¬α╕│α╣Çα╕úα╣çα╕ê (8ms)
  Γ£ô  338 [e2e-chromium] ΓÇ║ tests\e2e\qr-scan.spec.mjs:423:3 ΓÇ║ 5. Flow α╕Ñα╕╖α╕íα╕Üα╕▒α╕Öα╕ùα╕╢α╕üα╕üα╕Ñα╕▒α╕Ü ΓÇö Auto-Heal Return ΓÇ║ α╕Üα╕▒α╕Öα╕ùα╕╢α╕üα╕¡α╕¡α╕üα╕äα╕úα╕▒α╣ëα╕çα╕ùα╕╡α╣ê 1 α╕¬α╕│α╣Çα╕úα╣çα╕ê ΓÇö α╣äα╕íα╣êα╕íα╕╡ auto_heal (13ms)
  Γ£ô  339 [e2e-chromium] ΓÇ║ tests\e2e\qr-scan.spec.mjs:438:3 ΓÇ║ 5. Flow α╕Ñα╕╖α╕íα╕Üα╕▒α╕Öα╕ùα╕╢α╕üα╕üα╕Ñα╕▒α╕Ü ΓÇö Auto-Heal Return ΓÇ║ α╕¬α╕ûα╕▓α╕Öα╕░α╕½α╕Ñα╕▒α╕çα╕¡α╕¡α╕üα╕äα╕úα╕▒α╣ëα╕çα╕ùα╕╡α╣ê 1 ΓåÆ out (5ms)
  Γ£ô  340 [e2e-chromium] ΓÇ║ tests\e2e\qr-scan.spec.mjs:444:3 ΓÇ║ 5. Flow α╕Ñα╕╖α╕íα╕Üα╕▒α╕Öα╕ùα╕╢α╕üα╕üα╕Ñα╕▒α╕Ü ΓÇö Auto-Heal Return ΓÇ║ α╕Üα╕▒α╕Öα╕ùα╕╢α╕üα╕¡α╕¡α╕üα╕äα╕úα╕▒α╣ëα╕çα╕ùα╕╡α╣ê 2 (α╕Ñα╕╖α╕íα╕Üα╕▒α╕Öα╕ùα╕╢α╕üα╕üα╕Ñα╕▒α╕Ü) ΓåÆ auto-heal α╕¬α╕úα╣ëα╕▓α╕ç return α╕¡α╕▒α╕òα╣éα╕Öα╕íα╕▒α╕òα╕┤ (25ms)
  Γ£ô  341 [e2e-chromium] ΓÇ║ tests\e2e\qr-scan.spec.mjs:462:3 ΓÇ║ 5. Flow α╕Ñα╕╖α╕íα╕Üα╕▒α╕Öα╕ùα╕╢α╕üα╕üα╕Ñα╕▒α╕Ü ΓÇö Auto-Heal Return ΓÇ║ auto_return record α╕ûα╕╣α╕üα╕¬α╕úα╣ëα╕▓α╕çα╣âα╕Ö DB (10ms)
  Γ£ô  342 [e2e-chromium] ΓÇ║ tests\e2e\qr-scan.spec.mjs:473:3 ΓÇ║ 5. Flow α╕Ñα╕╖α╕íα╕Üα╕▒α╕Öα╕ùα╕╢α╕üα╕üα╕Ñα╕▒α╕Ü ΓÇö Auto-Heal Return ΓÇ║ α╕íα╕╡ record α╕ùα╕▒α╣ëα╕çα╕½α╕íα╕ö 3 α╕úα╕▓α╕óα╕üα╕▓α╕ú (dep1, auto_return, dep2) (10ms)
  Γ£ô  343 [e2e-chromium] ΓÇ║ tests\e2e\qr-scan.spec.mjs:484:3 ΓÇ║ 5. Flow α╕Ñα╕╖α╕íα╕Üα╕▒α╕Öα╕ùα╕╢α╕üα╕üα╕Ñα╕▒α╕Ü ΓÇö Auto-Heal Return ΓÇ║ discipline_score α╕éα╕¡α╕çα╕₧α╕Öα╕▒α╕üα╕çα╕▓α╕Öα╕ûα╕╣α╕üα╕½α╕▒α╕üα╕½α╕Ñα╕▒α╕ç auto-heal (10ms)
  Γ£ô  344 [e2e-chromium] ΓÇ║ tests\e2e\qr-scan.spec.mjs:500:3 ΓÇ║ 6. Flow α╕Ñα╕╖α╕íα╕Üα╕▒α╕Öα╕ùα╕╢α╕üα╕¡α╕¡α╕ü ΓÇö Auto-Heal Departure ΓÇ║ α╕Üα╕▒α╕Öα╕ùα╕╢α╕üα╕üα╕Ñα╕▒α╕Üα╕äα╕úα╕▒α╣ëα╕çα╕ùα╕╡α╣ê 1 (α╣äα╕íα╣êα╕íα╕╡ departure α╕üα╣êα╕¡α╕Ö) α╕¬α╕│α╣Çα╕úα╣çα╕ê ΓÇö α╣äα╕íα╣êα╕íα╕╡ auto_heal (8ms)
  Γ£ô  345 [e2e-chromium] ΓÇ║ tests\e2e\qr-scan.spec.mjs:514:3 ΓÇ║ 6. Flow α╕Ñα╕╖α╕íα╕Üα╕▒α╕Öα╕ùα╕╢α╕üα╕¡α╕¡α╕ü ΓÇö Auto-Heal Departure ΓÇ║ α╕¬α╕ûα╕▓α╕Öα╕░α╕½α╕Ñα╕▒α╕çα╕üα╕Ñα╕▒α╕Üα╕äα╕úα╕▒α╣ëα╕çα╕ùα╕╡α╣ê 1 ΓåÆ in (4ms)
  Γ£ô  346 [e2e-chromium] ΓÇ║ tests\e2e\qr-scan.spec.mjs:520:3 ΓÇ║ 6. Flow α╕Ñα╕╖α╕íα╕Üα╕▒α╕Öα╕ùα╕╢α╕üα╕¡α╕¡α╕ü ΓÇö Auto-Heal Departure ΓÇ║ α╕Üα╕▒α╕Öα╕ùα╕╢α╕üα╕üα╕Ñα╕▒α╕Üα╕äα╕úα╕▒α╣ëα╕çα╕ùα╕╡α╣ê 2 (α╕Ñα╕╖α╕íα╕Üα╕▒α╕Öα╕ùα╕╢α╕üα╕¡α╕¡α╕ü) ΓåÆ auto-heal α╕¬α╕úα╣ëα╕▓α╕ç departure α╕¡α╕▒α╕òα╣éα╕Öα╕íα╕▒α╕òα╕┤ (16ms)
  Γ£ô  347 [e2e-chromium] ΓÇ║ tests\e2e\qr-scan.spec.mjs:537:3 ΓÇ║ 6. Flow α╕Ñα╕╖α╕íα╕Üα╕▒α╕Öα╕ùα╕╢α╕üα╕¡α╕¡α╕ü ΓÇö Auto-Heal Departure ΓÇ║ auto_departure record α╕ûα╕╣α╕üα╕¬α╕úα╣ëα╕▓α╕çα╣âα╕Ö DB (11ms)
  Γ£ô  348 [e2e-chromium] ΓÇ║ tests\e2e\qr-scan.spec.mjs:548:3 ΓÇ║ 6. Flow α╕Ñα╕╖α╕íα╕Üα╕▒α╕Öα╕ùα╕╢α╕üα╕¡α╕¡α╕ü ΓÇö Auto-Heal Departure ΓÇ║ α╕¬α╕ûα╕▓α╕Öα╕░α╕½α╕Ñα╕▒α╕ç auto-heal ΓåÆ in (return α╕Ñα╣êα╕▓α╕¬α╕╕α╕öα╕üα╕ºα╣êα╕▓ auto_departure) (8ms)
  Γ£ô  349 [e2e-chromium] ΓÇ║ tests\e2e\qr-scan.spec.mjs:560:3 ΓÇ║ 7. α╕Üα╕▒α╕Öα╕ùα╕╢α╕üα╕öα╣ëα╕ºα╕ó driver_name_manual ΓÇ║ α╕Üα╕▒α╕Öα╕ùα╕╢α╕üα╕¡α╕¡α╕ü (departure) α╕öα╣ëα╕ºα╕ó driver_name_manual α╕¬α╕│α╣Çα╕úα╣çα╕ê (13ms)
  Γ£ô  350 [e2e-chromium] ΓÇ║ tests\e2e\qr-scan.spec.mjs:574:3 ΓÇ║ 7. α╕Üα╕▒α╕Öα╕ùα╕╢α╕üα╕öα╣ëα╕ºα╕ó driver_name_manual ΓÇ║ α╕Üα╕▒α╕Öα╕ùα╕╢α╕üα╕üα╕Ñα╕▒α╕Ü (return) α╕öα╣ëα╕ºα╕ó driver_name_manual α╕¬α╕│α╣Çα╕úα╣çα╕ê (9ms)
  Γ£ô  351 [e2e-chromium] ΓÇ║ tests\e2e\qr-scan.spec.mjs:586:3 ΓÇ║ 7. α╕Üα╕▒α╕Öα╕ùα╕╢α╕üα╕öα╣ëα╕ºα╕ó driver_name_manual ΓÇ║ α╕öα╕╣ record α╕£α╣êα╕▓α╕Ö admin ΓåÆ α╕íα╕╡ driver_name_manual α╕ûα╕╣α╕üα╕òα╣ëα╕¡α╕ç (7ms)
  Γ£ô  352 [e2e-chromium] ΓÇ║ tests\e2e\qr-scan.spec.mjs:601:3 ΓÇ║ 8. α╕Üα╕▒α╕Öα╕ùα╕╢α╕üα╕₧α╕úα╣ëα╕¡α╕í queue_id (α╣Çα╕èα╕╖α╣êα╕¡α╕íα╣éα╕óα╕çα╕äα╕┤α╕º) ΓÇ║ α╕Üα╕▒α╕Öα╕ùα╕╢α╕üα╕¡α╕¡α╕üα╕₧α╕úα╣ëα╕¡α╕í queue_id ΓåÆ success (8ms)
  Γ£ô  353 [e2e-chromium] ΓÇ║ tests\e2e\qr-scan.spec.mjs:615:3 ΓÇ║ 8. α╕Üα╕▒α╕Öα╕ùα╕╢α╕üα╕₧α╕úα╣ëα╕¡α╕í queue_id (α╣Çα╕èα╕╖α╣êα╕¡α╕íα╣éα╕óα╕çα╕äα╕┤α╕º) ΓÇ║ α╕öα╕╣ record ΓåÆ queue_id α╕òα╕úα╕çα╕üα╕▒α╕Öα╕üα╕▒α╕Üα╕ùα╕╡α╣êα╕Üα╕▒α╕Öα╕ùα╕╢α╕ü (6ms)
  Γ£ô  354 [e2e-chromium] ΓÇ║ tests\e2e\qr-scan.spec.mjs:629:3 ΓÇ║ 9. QR Daily Check ΓÇ║ α╣äα╕íα╣êα╕íα╕╡ car_id ΓåÆ error (3ms)
  Γ£ô  355 [e2e-chromium] ΓÇ║ tests\e2e\qr-scan.spec.mjs:636:3 ΓÇ║ 9. QR Daily Check ΓÇ║ α╕Üα╕▒α╕Öα╕ùα╕╢α╕üα╕òα╕úα╕ºα╕êα╕¬α╕áα╕▓α╕₧α╕úα╕ûα╕¬α╕ûα╕▓α╕Öα╕░ ok α╕¬α╕│α╣Çα╕úα╣çα╕ê (6ms)
  Γ£ô  356 [e2e-chromium] ΓÇ║ tests\e2e\qr-scan.spec.mjs:655:3 ΓÇ║ 9. QR Daily Check ΓÇ║ α╕Üα╕▒α╕Öα╕ùα╕╢α╕üα╕òα╕úα╕ºα╕êα╕¬α╕áα╕▓α╕₧α╕¬α╕ûα╕▓α╕Öα╕░ warning (α╕₧α╕Üα╕¢α╕▒α╕ìα╕½α╕▓) ΓåÆ α╕¬α╕│α╣Çα╕úα╣çα╕ê + α╕¬α╕úα╣ëα╕▓α╕ç alert (8ms)
  Γ£ô  357 [e2e-chromium] ΓÇ║ tests\e2e\qr-scan.spec.mjs:671:3 ΓÇ║ 9. QR Daily Check ΓÇ║ α╕Üα╕▒α╕Öα╕ùα╕╢α╕üα╕òα╕úα╕ºα╕êα╕¬α╕áα╕▓α╕₧α╕¬α╕ûα╕▓α╕Öα╕░ critical ΓåÆ α╕¬α╕│α╣Çα╕úα╣çα╕ê (6ms)
  Γ£ô  358 [e2e-chromium] ΓÇ║ tests\e2e\qr-scan.spec.mjs:687:3 ΓÇ║ 9. QR Daily Check ΓÇ║ α╕äα╣ëα╕Öα╕½α╕▓α╕úα╕ûα╕öα╣ëα╕ºα╕ó license_plate ΓåÆ α╕¬α╕│α╣Çα╕úα╣çα╕ê (6ms)
  Γ£ô  359 [e2e-chromium] ΓÇ║ tests\e2e\qr-scan.spec.mjs:697:3 ΓÇ║ 9. QR Daily Check ΓÇ║ α╕öα╕╣ check log α╕£α╣êα╕▓α╕Ö admin API (6ms)
  Γ£ô  360 [e2e-chromium] ΓÇ║ tests\e2e\qr-scan.spec.mjs:709:3 ΓÇ║ 9. QR Daily Check ΓÇ║ α╕öα╕╣ inspection alerts α╕£α╣êα╕▓α╕Ö admin API (6ms)
  Γ£ô  361 [e2e-chromium] ΓÇ║ tests\e2e\qr-scan.spec.mjs:724:3 ΓÇ║ 10. QR Survey ΓÇ║ α╕öα╕╢α╕ç car-info α╕¬α╕│α╕½α╕úα╕▒α╕Ü survey α╕¬α╕│α╣Çα╕úα╣çα╕ê (PUBLIC) (7ms)
  Γ£ô  362 [e2e-chromium] ΓÇ║ tests\e2e\qr-scan.spec.mjs:732:3 ΓÇ║ 10. QR Survey ΓÇ║ α╕öα╕╢α╕ç car-info α╕öα╣ëα╕ºα╕ó license_plate α╕¬α╕│α╣Çα╕úα╣çα╕ê (6ms)
  Γ£ô  363 [e2e-chromium] ΓÇ║ tests\e2e\qr-scan.spec.mjs:738:3 ΓÇ║ 10. QR Survey ΓÇ║ α╣äα╕íα╣êα╕íα╕╡ car_id ΓåÆ error (9ms)
  Γ£ô  364 [e2e-chromium] ΓÇ║ tests\e2e\qr-scan.spec.mjs:743:3 ΓÇ║ 10. QR Survey ΓÇ║ α╕¬α╣êα╕ç survey α╕äα╕úα╕Üα╕¬α╕íα╕Üα╕╣α╕úα╕ôα╣î ΓåÆ success (6ms)
  Γ£ô  365 [e2e-chromium] ΓÇ║ tests\e2e\qr-scan.spec.mjs:762:3 ΓÇ║ 10. QR Survey ΓÇ║ α╕¬α╣êα╕ç survey α╣Çα╕ëα╕₧α╕▓α╕░ overall_score (optional fields) ΓåÆ success (10ms)
  Γ£ô  366 [e2e-chromium] ΓÇ║ tests\e2e\qr-scan.spec.mjs:771:3 ΓÇ║ 10. QR Survey ΓÇ║ α╕öα╕╣ survey results α╕£α╣êα╕▓α╕Ö admin API (6ms)
  Γ£ô  367 [e2e-chromium] ΓÇ║ tests\e2e\qr-scan.spec.mjs:778:3 ΓÇ║ 10. QR Survey ΓÇ║ α╕öα╕╣ survey summary α╕£α╣êα╕▓α╕Ö admin API (6ms)
  Γ£ô  368 [e2e-chromium] ΓÇ║ tests\e2e\qr-scan.spec.mjs:791:3 ΓÇ║ 11. Usage CRUD (authenticated) ΓÇ║ POST /api/usage ΓåÆ α╕¬α╕úα╣ëα╕▓α╕ç record α╕¬α╕│α╣Çα╕úα╣çα╕ê (α╕òα╣ëα╕¡α╕ç auth) (9ms)
  Γ£ô  369 [e2e-chromium] ΓÇ║ tests\e2e\qr-scan.spec.mjs:806:3 ΓÇ║ 11. Usage CRUD (authenticated) ΓÇ║ GET /api/usage ΓåÆ α╕öα╕╣α╕úα╕▓α╕óα╕üα╕▓α╕úα╕ùα╕▒α╣ëα╕çα╕½α╕íα╕öα╕íα╕╡α╕éα╣ëα╕¡α╕íα╕╣α╕Ñ (6ms)
  Γ£ô  370 [e2e-chromium] ΓÇ║ tests\e2e\qr-scan.spec.mjs:814:3 ΓÇ║ 11. Usage CRUD (authenticated) ΓÇ║ GET /api/usage?car_id=... ΓåÆ filter α╕öα╣ëα╕ºα╕ó car_id α╕ûα╕╣α╕üα╕òα╣ëα╕¡α╕ç (8ms)
  Γ£ô  371 [e2e-chromium] ΓÇ║ tests\e2e\qr-scan.spec.mjs:823:3 ΓÇ║ 11. Usage CRUD (authenticated) ΓÇ║ GET /api/usage?record_type=departure ΓåÆ filter α╕öα╣ëα╕ºα╕ó record_type (9ms)
  Γ£ô  372 [e2e-chromium] ΓÇ║ tests\e2e\qr-scan.spec.mjs:831:3 ΓÇ║ 11. Usage CRUD (authenticated) ΓÇ║ GET /api/usage/:id ΓåÆ α╕öα╕╣α╕úα╕▓α╕óα╕üα╕▓α╕úα╣Çα╕öα╕╡α╕óα╕ºα╕ûα╕╣α╕üα╕òα╣ëα╕¡α╕ç (7ms)
  Γ£ô  373 [e2e-chromium] ΓÇ║ tests\e2e\qr-scan.spec.mjs:841:3 ΓÇ║ 11. Usage CRUD (authenticated) ΓÇ║ PUT /api/usage/:id ΓåÆ α╣üα╕üα╣ëα╣äα╕é notes α╕¬α╕│α╣Çα╕úα╣çα╕ê (10ms)
  Γ£ô  374 [e2e-chromium] ΓÇ║ tests\e2e\qr-scan.spec.mjs:852:3 ΓÇ║ 11. Usage CRUD (authenticated) ΓÇ║ GET /api/usage/summary ΓåÆ α╕¬α╕úα╕╕α╕¢α╕êα╕│α╕Öα╕ºα╕Öα╕Üα╕▒α╕Öα╕ùα╕╢α╕ü (7ms)
  Γ£ô  375 [e2e-chromium] ΓÇ║ tests\e2e\qr-scan.spec.mjs:863:3 ΓÇ║ 11. Usage CRUD (authenticated) ΓÇ║ DELETE /api/usage/:id ΓåÆ α╕Ñα╕Üα╕¬α╕│α╣Çα╕úα╣çα╕ê (16ms)
  Γ£ô  376 [e2e-chromium] ΓÇ║ tests\e2e\qr-scan.spec.mjs:877:3 ΓÇ║ 12. Permission Tests ΓÇ║ POST /api/usage/record α╣äα╕íα╣êα╕íα╕╡ token ΓåÆ success (PUBLIC) (13ms)
  Γ£ô  377 [e2e-chromium] ΓÇ║ tests\e2e\qr-scan.spec.mjs:893:3 ΓÇ║ 12. Permission Tests ΓÇ║ GET /api/usage α╣äα╕íα╣êα╕íα╕╡ token ΓåÆ 401 (3ms)
  Γ£ô  378 [e2e-chromium] ΓÇ║ tests\e2e\qr-scan.spec.mjs:898:3 ΓÇ║ 12. Permission Tests ΓÇ║ GET /api/usage/latest-status α╣äα╕íα╣êα╕íα╕╡ token ΓåÆ success (PUBLIC) (7ms)
  Γ£ô  379 [e2e-chromium] ΓÇ║ tests\e2e\qr-scan.spec.mjs:905:3 ΓÇ║ 12. Permission Tests ΓÇ║ GET /api/check/log α╣äα╕íα╣êα╕íα╕╡ token ΓåÆ 401 (5ms)
  Γ£ô  380 [e2e-chromium] ΓÇ║ tests\e2e\qr-scan.spec.mjs:910:3 ΓÇ║ 12. Permission Tests ΓÇ║ GET /api/survey/results α╣äα╕íα╣êα╕íα╕╡ token ΓåÆ 401 (3ms)
  Γ£ô  381 [e2e-chromium] ΓÇ║ tests\e2e\qr-scan.spec.mjs:915:3 ΓÇ║ 12. Permission Tests ΓÇ║ POST /api/check/daily α╣äα╕íα╣êα╕íα╕╡ token ΓåÆ success (PUBLIC) (11ms)
  Γ£ô  382 [e2e-chromium] ΓÇ║ tests\e2e\qr-scan.spec.mjs:929:3 ΓÇ║ 12. Permission Tests ΓÇ║ POST /api/survey/submit α╣äα╕íα╣êα╕íα╕╡ token ΓåÆ success (PUBLIC) (10ms)
  Γ£ô  383 [e2e-chromium] ΓÇ║ tests\e2e\qr-scan.spec.mjs:944:3 ΓÇ║ 13. UI Tests ΓÇ║ qr-usage-record.html α╣éα╕½α╕Ñα╕öα╣äα╕öα╣ë (1.4s)
  Γ£ô  384 [e2e-chromium] ΓÇ║ tests\e2e\qr-scan.spec.mjs:951:3 ΓÇ║ 13. UI Tests ΓÇ║ qr-daily-check.html α╣éα╕½α╕Ñα╕öα╣äα╕öα╣ë (1.3s)
  Γ£ô  385 [e2e-chromium] ΓÇ║ tests\e2e\qr-scan.spec.mjs:958:3 ΓÇ║ 13. UI Tests ΓÇ║ qr-scan.html α╣éα╕½α╕Ñα╕öα╣äα╕öα╣ë (1.3s)
  Γ£ô  386 [e2e-chromium] ΓÇ║ tests\e2e\qr-scan.spec.mjs:964:3 ΓÇ║ 13. UI Tests ΓÇ║ qr-survey.html α╣éα╕½α╕Ñα╕öα╣äα╕öα╣ë (1.4s)
  Γ£ô  387 [e2e-chromium] ΓÇ║ tests\e2e\qr-scan.spec.mjs:971:3 ΓÇ║ 13. UI Tests ΓÇ║ qr-usage-record.html α╣üα╕¬α╕öα╕çα╕ƒα╕¡α╕úα╣îα╕íα╕Üα╕▒α╕Öα╕ùα╕╢α╕üα╕üα╕▓α╕úα╣âα╕èα╣ëα╕úα╕û (1.4s)
  Γ£ô  388 [e2e-chromium] ΓÇ║ tests\e2e\qr-scan.spec.mjs:984:3 ΓÇ║ 13. UI Tests ΓÇ║ qr-daily-check.html α╣üα╕¬α╕öα╕çα╕ƒα╕¡α╕úα╣îα╕íα╕òα╕úα╕ºα╕êα╕¬α╕áα╕▓α╕₧α╕úα╕û (1.4s)
  Γ£ô  389 [e2e-chromium] ΓÇ║ tests\e2e\queue.spec.mjs:275:3 ΓÇ║ 1. Authentication ΓÇö α╣Çα╕éα╣ëα╕▓α╕¬α╕╣α╣êα╕úα╕░α╕Üα╕Ü ΓÇ║ login α╕öα╣ëα╕ºα╕ó email+password α╣äα╕öα╣ë token (1.6s)
  Γ£ô  390 [e2e-chromium] ΓÇ║ tests\e2e\queue.spec.mjs:285:3 ΓÇ║ 1. Authentication ΓÇö α╣Çα╕éα╣ëα╕▓α╕¬α╕╣α╣êα╕úα╕░α╕Üα╕Ü ΓÇ║ GET /api/auth/me ΓÇö α╕öα╕╣α╕éα╣ëα╕¡α╕íα╕╣α╕Ñα╕òα╕▒α╕ºα╣Çα╕¡α╕çα╣äα╕öα╣ë (7ms)
  Γ£ô  391 [e2e-chromium] ΓÇ║ tests\e2e\queue.spec.mjs:292:3 ΓÇ║ 1. Authentication ΓÇö α╣Çα╕éα╣ëα╕▓α╕¬α╕╣α╣êα╕úα╕░α╕Üα╕Ü ΓÇ║ login α╕úα╕½α╕▒α╕¬α╕£α╣êα╕▓α╕Öα╕£α╕┤α╕ö ΓåÆ 401 / success: false (3.0s)
  Γ£ô  392 [e2e-chromium] ΓÇ║ tests\e2e\queue.spec.mjs:301:3 ΓÇ║ 1. Authentication ΓÇö α╣Çα╕éα╣ëα╕▓α╕¬α╕╣α╣êα╕úα╕░α╕Üα╕Ü ΓÇ║ α╣äα╕íα╣êα╕íα╕╡ token ΓåÆ GET /api/queue α╕òα╣ëα╕¡α╕ç 401 (3ms)
  Γ£ô  393 [e2e-chromium] ΓÇ║ tests\e2e\queue.spec.mjs:311:3 ΓÇ║ 2. GET Queue ΓÇö α╕öα╕╣α╕úα╕▓α╕óα╕üα╕▓α╕úα╕äα╕┤α╕º ΓÇ║ GET /api/queue ΓÇö α╕öα╕╣α╕úα╕▓α╕óα╕üα╕▓α╕úα╕äα╕┤α╕ºα╕ùα╕▒α╣ëα╕çα╕½α╕íα╕öα╣äα╕öα╣ë (6ms)
  Γ£ô  394 [e2e-chromium] ΓÇ║ tests\e2e\queue.spec.mjs:317:3 ΓÇ║ 2. GET Queue ΓÇö α╕öα╕╣α╕úα╕▓α╕óα╕üα╕▓α╕úα╕äα╕┤α╕º ΓÇ║ GET /api/queue?status=scheduled ΓÇö α╕üα╕úα╕¡α╕çα╕òα╕▓α╕íα╕¬α╕ûα╕▓α╕Öα╕░α╣äα╕öα╣ë (7ms)
  Γ£ô  395 [e2e-chromium] ΓÇ║ tests\e2e\queue.spec.mjs:324:3 ΓÇ║ 2. GET Queue ΓÇö α╕öα╕╣α╕úα╕▓α╕óα╕üα╕▓α╕úα╕äα╕┤α╕º ΓÇ║ GET /api/queue?date=YYYY-MM-DD ΓÇö α╕üα╕úα╕¡α╕çα╕òα╕▓α╕íα╕ºα╕▒α╕Öα╕ùα╕╡α╣êα╣äα╕öα╣ë (6ms)
  Γ£ô  396 [e2e-chromium] ΓÇ║ tests\e2e\queue.spec.mjs:331:3 ΓÇ║ 2. GET Queue ΓÇö α╕öα╕╣α╕úα╕▓α╕óα╕üα╕▓α╕úα╕äα╕┤α╕º ΓÇ║ GET /api/queue?date_from&date_to ΓÇö α╕üα╕úα╕¡α╕çα╕èα╣êα╕ºα╕çα╕ºα╕▒α╕Öα╕ùα╕╡α╣êα╣äα╕öα╣ë (6ms)
  Γ£ô  397 [e2e-chromium] ΓÇ║ tests\e2e\queue.spec.mjs:339:3 ΓÇ║ 2. GET Queue ΓÇö α╕öα╕╣α╕úα╕▓α╕óα╕üα╕▓α╕úα╕äα╕┤α╕º ΓÇ║ GET /api/queue?car_id=... ΓÇö α╕üα╕úα╕¡α╕çα╕òα╕▓α╕íα╕úα╕ûα╣äα╕öα╣ë (10ms)
  Γ£ô  398 [e2e-chromium] ΓÇ║ tests\e2e\queue.spec.mjs:347:3 ΓÇ║ 2. GET Queue ΓÇö α╕öα╕╣α╕úα╕▓α╕óα╕üα╕▓α╕úα╕äα╕┤α╕º ΓÇ║ GET /api/queue/rules ΓÇö α╕öα╕╣α╕üα╕Äα╕äα╕┤α╕ºα╣äα╕öα╣ë (12ms)
  Γ£ô  399 [e2e-chromium] ΓÇ║ tests\e2e\queue.spec.mjs:358:3 ΓÇ║ 3. POST /api/queue ΓÇö α╕¬α╕úα╣ëα╕▓α╕çα╕äα╕┤α╕º ΓÇ║ α╕¬α╕úα╣ëα╕▓α╕çα╕äα╕┤α╕ºα╕₧α╕╖α╣ëα╕Öα╕Éα╕▓α╕Ö (minimal required fields) α╕¬α╕│α╣Çα╕úα╣çα╕ê (22ms)
  Γ£ô  400 [e2e-chromium] ΓÇ║ tests\e2e\queue.spec.mjs:375:3 ΓÇ║ 3. POST /api/queue ΓÇö α╕¬α╕úα╣ëα╕▓α╕çα╕äα╕┤α╕º ΓÇ║ α╕¬α╕úα╣ëα╕▓α╕çα╕äα╕┤α╕ºα╕äα╕úα╕Üα╕ƒα╕┤α╕Ñα╕öα╣î (full fields) α╕¬α╕│α╣Çα╕úα╣çα╕ê (19ms)
  Γ£ô  401 [e2e-chromium] ΓÇ║ tests\e2e\queue.spec.mjs:395:3 ΓÇ║ 3. POST /api/queue ΓÇö α╕¬α╕úα╣ëα╕▓α╕çα╕äα╕┤α╕º ΓÇ║ α╕¬α╕úα╣ëα╕▓α╕çα╕äα╕┤α╕ºα╕¬α╕│α╕½α╕úα╕▒α╕Üα╕ùα╕öα╕¬α╕¡α╕Üα╕Ñα╕Ü (15ms)
  Γ£ô  402 [e2e-chromium] ΓÇ║ tests\e2e\queue.spec.mjs:410:3 ΓÇ║ 3. POST /api/queue ΓÇö α╕¬α╕úα╣ëα╕▓α╕çα╕äα╕┤α╕º ΓÇ║ α╕éα╕▓α╕ö car_id ΓåÆ error (5ms)
  Γ£ô  403 [e2e-chromium] ΓÇ║ tests\e2e\queue.spec.mjs:419:3 ΓÇ║ 3. POST /api/queue ΓÇö α╕¬α╕úα╣ëα╕▓α╕çα╕äα╕┤α╕º ΓÇ║ α╕éα╕▓α╕ö date ΓåÆ error (4ms)
  Γ£ô  404 [e2e-chromium] ΓÇ║ tests\e2e\queue.spec.mjs:429:3 ΓÇ║ 3. POST /api/queue ΓÇö α╕¬α╕úα╣ëα╕▓α╕çα╕äα╕┤α╕º ΓÇ║ α╕úα╕ûα╕¡α╕óα╕╣α╣êα╕úα╕░α╕½α╕ºα╣êα╕▓α╕çα╕ïα╣êα╕¡α╕í ΓåÆ α╣äα╕íα╣êα╕¬α╕▓α╕íα╕▓α╕úα╕ûα╕êα╕¡α╕çα╣äα╕öα╣ë (6ms)
  Γ£ô  405 [e2e-chromium] ΓÇ║ tests\e2e\queue.spec.mjs:441:3 ΓÇ║ 3. POST /api/queue ΓÇö α╕¬α╕úα╣ëα╕▓α╕çα╕äα╕┤α╕º ΓÇ║ α╕₧α╕Öα╕▒α╕üα╕çα╕▓α╕Öα╣âα╕Üα╕éα╕▒α╕Üα╕éα╕╡α╣êα╕½α╕íα╕öα╕¡α╕▓α╕óα╕╕ ΓåÆ α╣äα╕íα╣êα╕¬α╕▓α╕íα╕▓α╕úα╕ûα╕êα╕¡α╕çα╣äα╕öα╣ë (7ms)
  Γ£ô  406 [e2e-chromium] ΓÇ║ tests\e2e\queue.spec.mjs:454:3 ΓÇ║ 3. POST /api/queue ΓÇö α╕¬α╕úα╣ëα╕▓α╕çα╕äα╕┤α╕º ΓÇ║ α╕₧α╕Öα╕▒α╕üα╕çα╕▓α╕Ö inactive ΓåÆ α╣äα╕íα╣êα╕¬α╕▓α╕íα╕▓α╕úα╕ûα╕êα╕¡α╕çα╣äα╕öα╣ë (7ms)
  Γ£ô  407 [e2e-chromium] ΓÇ║ tests\e2e\queue.spec.mjs:467:3 ΓÇ║ 3. POST /api/queue ΓÇö α╕¬α╕úα╣ëα╕▓α╕çα╕äα╕┤α╕º ΓÇ║ conflict: α╕úα╕ûα╕ïα╣ëα╕¡α╕Öα╣Çα╕ºα╕Ñα╕▓α╕üα╕▒α╕Ö ΓåÆ 409 (7ms)
  Γ£ô  408 [e2e-chromium] ΓÇ║ tests\e2e\queue.spec.mjs:488:3 ΓÇ║ 4. GET /api/queue/:id ΓÇö α╕öα╕╣α╕äα╕┤α╕ºα╣Çα╕öα╕╡α╣êα╕óα╕º ΓÇ║ α╕öα╕╣α╕úα╕▓α╕óα╕Ñα╕░α╣Çα╕¡α╕╡α╕óα╕öα╕äα╕┤α╕ºα╕òα╕▓α╕í ID α╣äα╕öα╣ë (6ms)
  Γ£ô  409 [e2e-chromium] ΓÇ║ tests\e2e\queue.spec.mjs:496:3 ΓÇ║ 4. GET /api/queue/:id ΓÇö α╕öα╕╣α╕äα╕┤α╕ºα╣Çα╕öα╕╡α╣êα╕óα╕º ΓÇ║ α╕öα╕╣α╕äα╕┤α╕ºα╕ùα╕╡α╣êα╣äα╕íα╣êα╕íα╕╡ ΓåÆ 404 (5ms)
  Γ£ô  410 [e2e-chromium] ΓÇ║ tests\e2e\queue.spec.mjs:501:3 ΓÇ║ 4. GET /api/queue/:id ΓÇö α╕öα╕╣α╕äα╕┤α╕ºα╣Çα╕öα╕╡α╣êα╕óα╕º ΓÇ║ α╕éα╣ëα╕¡α╕íα╕╣α╕Ñα╕ùα╕╡α╣ê return α╕íα╕╡α╕ƒα╕┤α╕Ñα╕öα╣îα╕äα╕úα╕Ü (join α╕éα╣ëα╕¡α╕íα╕╣α╕Ñ) (8ms)
  Γ£ô  411 [e2e-chromium] ΓÇ║ tests\e2e\queue.spec.mjs:522:3 ΓÇ║ 5. PUT /api/queue/:id ΓÇö α╣üα╕üα╣ëα╣äα╕éα╕äα╕┤α╕º ΓÇ║ α╣üα╕üα╣ëα╣äα╕é mission α╣üα╕Ñα╕░ destination α╕éα╕¡α╕çα╕äα╕┤α╕ºα╣äα╕öα╣ë (12ms)
  Γ£ô  412 [e2e-chromium] ΓÇ║ tests\e2e\queue.spec.mjs:536:3 ΓÇ║ 5. PUT /api/queue/:id ΓÇö α╣üα╕üα╣ëα╣äα╕éα╕äα╕┤α╕º ΓÇ║ α╣üα╕üα╣ëα╣äα╕éα╣Çα╕₧α╕┤α╣êα╕í driver α╣üα╕Ñα╕░ backup driver α╣äα╕öα╣ë (7ms)
  Γ£ô  413 [e2e-chromium] ΓÇ║ tests\e2e\queue.spec.mjs:546:3 ΓÇ║ 5. PUT /api/queue/:id ΓÇö α╣üα╕üα╣ëα╣äα╕éα╕äα╕┤α╕º ΓÇ║ α╣üα╕üα╣ëα╣äα╕éα╣Çα╕¢α╕Ñα╕╡α╣êα╕óα╕Öα╕úα╕ûα╣Çα╕¢α╣çα╕Öα╕úα╕ûα╕ùα╕╡α╣êα╕¡α╕óα╕╣α╣êα╕úα╕░α╕½α╕ºα╣êα╕▓α╕çα╕ïα╣êα╕¡α╕í ΓåÆ error (6ms)
  Γ£ô  414 [e2e-chromium] ΓÇ║ tests\e2e\queue.spec.mjs:555:3 ΓÇ║ 5. PUT /api/queue/:id ΓÇö α╣üα╕üα╣ëα╣äα╕éα╕äα╕┤α╕º ΓÇ║ α╣üα╕üα╣ëα╣äα╕éα╣Çα╕¢α╕Ñα╕╡α╣êα╕óα╕Öα╕₧α╕Öα╕▒α╕üα╕çα╕▓α╕Öα╣Çα╕¢α╣çα╕Öα╣âα╕Üα╕éα╕▒α╕Üα╕éα╕╡α╣êα╕½α╕íα╕ö ΓåÆ error (7ms)
  Γ£ô  415 [e2e-chromium] ΓÇ║ tests\e2e\queue.spec.mjs:564:3 ΓÇ║ 5. PUT /api/queue/:id ΓÇö α╣üα╕üα╣ëα╣äα╕éα╕äα╕┤α╕º ΓÇ║ α╣üα╕üα╣ëα╣äα╕éα╣äα╕íα╣êα╕íα╕╡α╕ƒα╕┤α╕Ñα╕öα╣îα╣âα╕öα╣Çα╕Ñα╕ó ΓåÆ error (4ms)
  Γ£ô  416 [e2e-chromium] ΓÇ║ tests\e2e\queue.spec.mjs:570:3 ΓÇ║ 5. PUT /api/queue/:id ΓÇö α╣üα╕üα╣ëα╣äα╕éα╕äα╕┤α╕º ΓÇ║ α╣üα╕üα╣ëα╣äα╕é notes α╣äα╕öα╣ë (11ms)
  Γ£ô  417 [e2e-chromium] ΓÇ║ tests\e2e\queue.spec.mjs:633:3 ΓÇ║ 6. Status Transitions ΓÇö α╕üα╕▓α╕úα╣Çα╕¢α╕Ñα╕╡α╣êα╕óα╕Öα╕¬α╕ûα╕▓α╕Öα╕░α╕äα╕┤α╕º ΓÇ║ PUT /:id/freeze ΓÇö α╕¡α╕▓α╕óα╕▒α╕öα╕äα╕┤α╕ºα╣äα╕öα╣ë (0ms)
node.exe : [2m[WebServer] [22m[31mX [41;31m[[41;97mERROR[41;31m][0m 
[1mAPI Error: Error: D1_ERROR: NOT NULL constraint failed: queue.driver_id: 
SQLITE_CONSTRAINT (extended: SQLITE_CONSTRAINT_NOTNULL)[0m
At line:1 char:1
+ & "C:\Program Files\nodejs/node.exe" "C:\Program Files\nodejs/node_mo ...
+ ~~~~~~~~~~~~~~~~~~~~~~~~~~~~~~~~~~~~~~~~~~~~~~~~~~~~~~~~~~~~~~~~~~~~~
    + CategoryInfo          : NotSpecified: ([2m[WebServer]...NT_NOTNULL)[0m 
   :String) [], RemoteException
    + FullyQualifiedErrorId : NativeCommandError
 
[2m[WebServer] [22m
[2m[WebServer] [22m      at D1DatabaseSessionAlwaysPrimary._sendOrThrow 
(cloudflare-internal:d1-api:139:19)
[2m[WebServer] [22m      at null.<anonymous> (async 
cloudflare-internal:d1-api:353:41)
[2m[WebServer] [22m  [90m    ... 7 lines matching cause stack trace ...[39m
[2m[WebServer] [22m      at async drainBody (file:///D:/AI%20CURSER/ppk-drive
hub/.wrangler/tmp/pages-iBwYRu/functionsWorker-0.11902726787797491.mjs/file:/C:
/Users/krumu/AppData/Local/npm-cache/_npx/32026684e21afda6/node_modules/wrangle
r/templates/middleware/middleware-ensure-req-body-drained.ts:5:10) {
[2m[WebServer] [22m    [cause]: Error: NOT NULL constraint failed: 
queue.driver_id: SQLITE_CONSTRAINT (extended: SQLITE_CONSTRAINT_NOTNULL)
[2m[WebServer] [22m        at D1DatabaseSessionAlwaysPrimary._sendOrThrow 
(cloudflare-internal:d1-api:140:24)
[2m[WebServer] [22m        at null.<anonymous> (async 
cloudflare-internal:d1-api:353:41)
[2m[WebServer] [22m        at async dbRun 
(file:///D:/AI%20CURSER/ppk-drivehub/.wrangler/functions/_helpers.js:79:10)
[2m[WebServer] [22m        at async onRequest (file:///D:/AI%20CURSER/ppk-dri
vehub/.wrangler/functions/api/queue/%255B%255Bpath%255D%255D.js:119:5)
[2m[WebServer] [22m        at async next (file:///D:/AI%20CURSER/ppk-drivehub
/.wrangler/tmp/pages-iBwYRu/functionsWorker-0.11902726787797491.mjs/file:/C:/Us
ers/krumu/AppData/Local/npm-cache/_npx/32026684e21afda6/node_modules/wrangler/t
emplates/pages-template-worker.ts:161:22)
[2m[WebServer] [22m        at async onRequest 
(file:///D:/AI%20CURSER/ppk-drivehub/.wrangler/functions/_middleware.js:131:22)
[2m[WebServer] [22m        at async next (file:///D:/AI%20CURSER/ppk-drivehub
/.wrangler/tmp/pages-iBwYRu/functionsWorker-0.11902726787797491.mjs/file:/C:/Us
ers/krumu/AppData/Local/npm-cache/_npx/32026684e21afda6/node_modules/wrangler/t
emplates/pages-template-worker.ts:161:22)
[2m[WebServer] [22m        at async Object.fetch (file:///D:/AI%20CURSER/ppk-
drivehub/.wrangler/tmp/pages-iBwYRu/functionsWorker-0.11902726787797491.mjs/fil
e:/C:/Users/krumu/AppData/Local/npm-cache/_npx/32026684e21afda6/node_modules/wr
angler/templates/pages-template-worker.ts:180:11)
[2m[WebServer] [22m        at async jsonError (file:///D:/AI%20CURSER/ppk-dri
vehub/.wrangler/tmp/pages-iBwYRu/functionsWorker-0.11902726787797491.mjs/file:/
C:/Users/krumu/AppData/Local/npm-cache/_npx/32026684e21afda6/node_modules/wrang
ler/templates/middleware/middleware-miniflare3-json-error.ts:22:10)
[2m[WebServer] [22m        at async drainBody (file:///D:/AI%20CURSER/ppk-dri
vehub/.wrangler/tmp/pages-iBwYRu/functionsWorker-0.11902726787797491.mjs/file:/
C:/Users/krumu/AppData/Local/npm-cache/_npx/32026684e21afda6/node_modules/wrang
ler/templates/middleware/middleware-ensure-req-body-drained.ts:5:10)
[2m[WebServer] [22m  }
[2m[WebServer] [22m
[2m[WebServer] [22m
  Γ£ô  418 [e2e-chromium] ΓÇ║ tests\e2e\queue.spec.mjs:646:3 ΓÇ║ 6. Status Transitions ΓÇö α╕üα╕▓α╕úα╣Çα╕¢α╕Ñα╕╡α╣êα╕óα╕Öα╕¬α╕ûα╕▓α╕Öα╕░α╕äα╕┤α╕º ΓÇ║ PUT /:id/unfreeze ΓÇö α╕¢α╕Ñα╕öα╕¡α╕▓α╕óα╕▒α╕öα╕äα╕┤α╕ºα╣äα╕öα╣ë (0ms)
  Γ£ô  419 [e2e-chromium] ΓÇ║ tests\e2e\queue.spec.mjs:657:3 ΓÇ║ 6. Status Transitions ΓÇö α╕üα╕▓α╕úα╣Çα╕¢α╕Ñα╕╡α╣êα╕óα╕Öα╕¬α╕ûα╕▓α╕Öα╕░α╕äα╕┤α╕º ΓÇ║ PUT /:id/cancel ΓÇö α╕óα╕üα╣Çα╕Ñα╕┤α╕üα╕äα╕┤α╕ºα╕₧α╕úα╣ëα╕¡α╕íα╣Çα╕½α╕òα╕╕α╕£α╕Ñα╣äα╕öα╣ë (0ms)
[2m[WebServer] [22m[31mX [41;31m[[41;97mERROR[41;31m][0m [1mAPI Error: 
Error: D1_ERROR: NOT NULL constraint failed: queue.driver_id: 
SQLITE_CONSTRAINT (extended: SQLITE_CONSTRAINT_NOTNULL)[0m
[2m[WebServer] [22m
[2m[WebServer] [22m      at D1DatabaseSessionAlwaysPrimary._sendOrThrow 
(cloudflare-internal:d1-api:139:19)
[2m[WebServer] [22m      at null.<anonymous> (async 
cloudflare-internal:d1-api:353:41)
[2m[WebServer] [22m  [90m    ... 7 lines matching cause stack trace ...[39m
[2m[WebServer] [22m      at async drainBody (file:///D:/AI%20CURSER/ppk-drive
hub/.wrangler/tmp/pages-iBwYRu/functionsWorker-0.11902726787797491.mjs/file:/C:
/Users/krumu/AppData/Local/npm-cache/_npx/32026684e21afda6/node_modules/wrangle
r/templates/middleware/middleware-ensure-req-body-drained.ts:5:10) {
[2m[WebServer] [22m    [cause]: Error: NOT NULL constraint failed: 
queue.driver_id: SQLITE_CONSTRAINT (extended: SQLITE_CONSTRAINT_NOTNULL)
[2m[WebServer] [22m        at D1DatabaseSessionAlwaysPrimary._sendOrThrow 
(cloudflare-internal:d1-api:140:24)
[2m[WebServer] [22m        at null.<anonymous> (async 
cloudflare-internal:d1-api:353:41)
[2m[WebServer] [22m        at async dbRun 
(file:///D:/AI%20CURSER/ppk-drivehub/.wrangler/functions/_helpers.js:79:10)
[2m[WebServer] [22m        at async onRequest (file:///D:/AI%20CURSER/ppk-dri
vehub/.wrangler/functions/api/queue/%255B%255Bpath%255D%255D.js:119:5)
[2m[WebServer] [22m        at async next (file:///D:/AI%20CURSER/ppk-drivehub
/.wrangler/tmp/pages-iBwYRu/functionsWorker-0.11902726787797491.mjs/file:/C:/Us
ers/krumu/AppData/Local/npm-cache/_npx/32026684e21afda6/node_modules/wrangler/t
emplates/pages-template-worker.ts:161:22)
[2m[WebServer] [22m        at async onRequest 
(file:///D:/AI%20CURSER/ppk-drivehub/.wrangler/functions/_middleware.js:131:22)
[2m[WebServer] [22m        at async next (file:///D:/AI%20CURSER/ppk-drivehub
/.wrangler/tmp/pages-iBwYRu/functionsWorker-0.11902726787797491.mjs/file:/C:/Us
ers/krumu/AppData/Local/npm-cache/_npx/32026684e21afda6/node_modules/wrangler/t
emplates/pages-template-worker.ts:161:22)
[2m[WebServer] [22m        at async Object.fetch (file:///D:/AI%20CURSER/ppk-
drivehub/.wrangler/tmp/pages-iBwYRu/functionsWorker-0.11902726787797491.mjs/fil
e:/C:/Users/krumu/AppData/Local/npm-cache/_npx/32026684e21afda6/node_modules/wr
angler/templates/pages-template-worker.ts:180:11)
[2m[WebServer] [22m        at async jsonError (file:///D:/AI%20CURSER/ppk-dri
vehub/.wrangler/tmp/pages-iBwYRu/functionsWorker-0.11902726787797491.mjs/file:/
C:/Users/krumu/AppData/Local/npm-cache/_npx/32026684e21afda6/node_modules/wrang
ler/templates/middleware/middleware-miniflare3-json-error.ts:22:10)
[2m[WebServer] [22m        at async drainBody (file:///D:/AI%20CURSER/ppk-dri
vehub/.wrangler/tmp/pages-iBwYRu/functionsWorker-0.11902726787797491.mjs/file:/
C:/Users/krumu/AppData/Local/npm-cache/_npx/32026684e21afda6/node_modules/wrang
ler/templates/middleware/middleware-ensure-req-body-drained.ts:5:10)
[2m[WebServer] [22m  }
[2m[WebServer] [22m
[2m[WebServer] [22m
  Γ£ô  420 [e2e-chromium] ΓÇ║ tests\e2e\queue.spec.mjs:669:3 ΓÇ║ 6. Status Transitions ΓÇö α╕üα╕▓α╕úα╣Çα╕¢α╕Ñα╕╡α╣êα╕óα╕Öα╕¬α╕ûα╕▓α╕Öα╕░α╕äα╕┤α╕º ΓÇ║ PUT /:id/cancel ΓÇö α╕óα╕üα╣Çα╕Ñα╕┤α╕üα╣éα╕öα╕óα╣äα╕íα╣êα╕íα╕╡α╣Çα╕½α╕òα╕╕α╕£α╕Ñα╕üα╣çα╣äα╕öα╣ë (optional) (11ms)
[2m[WebServer] [22m[31mX [41;31m[[41;97mERROR[41;31m][0m [1mAPI Error: 
Error: D1_ERROR: NOT NULL constraint failed: queue.driver_id: 
SQLITE_CONSTRAINT (extended: SQLITE_CONSTRAINT_NOTNULL)[0m
[2m[WebServer] [22m
[2m[WebServer] [22m      at D1DatabaseSessionAlwaysPrimary._sendOrThrow 
(cloudflare-internal:d1-api:139:19)
[2m[WebServer] [22m      at null.<anonymous> (async 
cloudflare-internal:d1-api:353:41)
[2m[WebServer] [22m  [90m    ... 7 lines matching cause stack trace ...[39m
[2m[WebServer] [22m      at async drainBody (file:///D:/AI%20CURSER/ppk-drive
hub/.wrangler/tmp/pages-iBwYRu/functionsWorker-0.11902726787797491.mjs/file:/C:
/Users/krumu/AppData/Local/npm-cache/_npx/32026684e21afda6/node_modules/wrangle
r/templates/middleware/middleware-ensure-req-body-drained.ts:5:10) {
[2m[WebServer] [22m    [cause]: Error: NOT NULL constraint failed: 
queue.driver_id: SQLITE_CONSTRAINT (extended: SQLITE_CONSTRAINT_NOTNULL)
[2m[WebServer] [22m        at D1DatabaseSessionAlwaysPrimary._sendOrThrow 
(cloudflare-internal:d1-api:140:24)
[2m[WebServer] [22m        at null.<anonymous> (async 
cloudflare-internal:d1-api:353:41)
[2m[WebServer] [22m        at async dbRun 
(file:///D:/AI%20CURSER/ppk-drivehub/.wrangler/functions/_helpers.js:79:10)
[2m[WebServer] [22m        at async onRequest (file:///D:/AI%20CURSER/ppk-dri
vehub/.wrangler/functions/api/queue/%255B%255Bpath%255D%255D.js:119:5)
[2m[WebServer] [22m        at async next (file:///D:/AI%20CURSER/ppk-drivehub
/.wrangler/tmp/pages-iBwYRu/functionsWorker-0.11902726787797491.mjs/file:/C:/Us
ers/krumu/AppData/Local/npm-cache/_npx/32026684e21afda6/node_modules/wrangler/t
emplates/pages-template-worker.ts:161:22)
[2m[WebServer] [22m        at async onRequest 
(file:///D:/AI%20CURSER/ppk-drivehub/.wrangler/functions/_middleware.js:131:22)
[2m[WebServer] [22m        at async next (file:///D:/AI%20CURSER/ppk-drivehub
/.wrangler/tmp/pages-iBwYRu/functionsWorker-0.11902726787797491.mjs/file:/C:/Us
ers/krumu/AppData/Local/npm-cache/_npx/32026684e21afda6/node_modules/wrangler/t
emplates/pages-template-worker.ts:161:22)
[2m[WebServer] [22m        at async Object.fetch (file:///D:/AI%20CURSER/ppk-
drivehub/.wrangler/tmp/pages-iBwYRu/functionsWorker-0.11902726787797491.mjs/fil
e:/C:/Users/krumu/AppData/Local/npm-cache/_npx/32026684e21afda6/node_modules/wr
angler/templates/pages-template-worker.ts:180:11)
[2m[WebServer] [22m        at async jsonError (file:///D:/AI%20CURSER/ppk-dri
vehub/.wrangler/tmp/pages-iBwYRu/functionsWorker-0.11902726787797491.mjs/file:/
C:/Users/krumu/AppData/Local/npm-cache/_npx/32026684e21afda6/node_modules/wrang
ler/templates/middleware/middleware-miniflare3-json-error.ts:22:10)
[2m[WebServer] [22m        at async drainBody (file:///D:/AI%20CURSER/ppk-dri
vehub/.wrangler/tmp/pages-iBwYRu/functionsWorker-0.11902726787797491.mjs/file:/
C:/Users/krumu/AppData/Local/npm-cache/_npx/32026684e21afda6/node_modules/wrang
ler/templates/middleware/middleware-ensure-req-body-drained.ts:5:10)
[2m[WebServer] [22m  }
[2m[WebServer] [22m
[2m[WebServer] [22m
  Γ£ô  421 [e2e-chromium] ΓÇ║ tests\e2e\queue.spec.mjs:684:3 ΓÇ║ 6. Status Transitions ΓÇö α╕üα╕▓α╕úα╣Çα╕¢α╕Ñα╕╡α╣êα╕óα╕Öα╕¬α╕ûα╕▓α╕Öα╕░α╕äα╕┤α╕º ΓÇ║ PUT /:id/ongoing ΓÇö α╣Çα╕úα╕┤α╣êα╕íα╕öα╕│α╣Çα╕Öα╕┤α╕Öα╕üα╕▓α╕úα╕äα╕┤α╕ºα╣äα╕öα╣ë (0ms)
[2m[WebServer] [22m[31mX [41;31m[[41;97mERROR[41;31m][0m [1mAPI Error: 
Error: D1_ERROR: NOT NULL constraint failed: queue.driver_id: 
SQLITE_CONSTRAINT (extended: SQLITE_CONSTRAINT_NOTNULL)[0m
[2m[WebServer] [22m
[2m[WebServer] [22m      at D1DatabaseSessionAlwaysPrimary._sendOrThrow 
(cloudflare-internal:d1-api:139:19)
[2m[WebServer] [22m      at null.<anonymous> (async 
cloudflare-internal:d1-api:353:41)
[2m[WebServer] [22m  [90m    ... 7 lines matching cause stack trace ...[39m
[2m[WebServer] [22m      at async drainBody (file:///D:/AI%20CURSER/ppk-drive
hub/.wrangler/tmp/pages-iBwYRu/functionsWorker-0.11902726787797491.mjs/file:/C:
/Users/krumu/AppData/Local/npm-cache/_npx/32026684e21afda6/node_modules/wrangle
r/templates/middleware/middleware-ensure-req-body-drained.ts:5:10) {
[2m[WebServer] [22m    [cause]: Error: NOT NULL constraint failed: 
queue.driver_id: SQLITE_CONSTRAINT (extended: SQLITE_CONSTRAINT_NOTNULL)
[2m[WebServer] [22m        at D1DatabaseSessionAlwaysPrimary._sendOrThrow 
(cloudflare-internal:d1-api:140:24)
[2m[WebServer] [22m        at null.<anonymous> (async 
cloudflare-internal:d1-api:353:41)
[2m[WebServer] [22m        at async dbRun 
(file:///D:/AI%20CURSER/ppk-drivehub/.wrangler/functions/_helpers.js:79:10)
[2m[WebServer] [22m        at async onRequest (file:///D:/AI%20CURSER/ppk-dri
vehub/.wrangler/functions/api/queue/%255B%255Bpath%255D%255D.js:119:5)
[2m[WebServer] [22m        at async next (file:///D:/AI%20CURSER/ppk-drivehub
/.wrangler/tmp/pages-iBwYRu/functionsWorker-0.11902726787797491.mjs/file:/C:/Us
ers/krumu/AppData/Local/npm-cache/_npx/32026684e21afda6/node_modules/wrangler/t
emplates/pages-template-worker.ts:161:22)
[2m[WebServer] [22m        at async onRequest 
(file:///D:/AI%20CURSER/ppk-drivehub/.wrangler/functions/_middleware.js:131:22)
[2m[WebServer] [22m        at async next (file:///D:/AI%20CURSER/ppk-drivehub
/.wrangler/tmp/pages-iBwYRu/functionsWorker-0.11902726787797491.mjs/file:/C:/Us
ers/krumu/AppData/Local/npm-cache/_npx/32026684e21afda6/node_modules/wrangler/t
emplates/pages-template-worker.ts:161:22)
[2m[WebServer] [22m        at async Object.fetch (file:///D:/AI%20CURSER/ppk-
drivehub/.wrangler/tmp/pages-iBwYRu/functionsWorker-0.11902726787797491.mjs/fil
e:/C:/Users/krumu/AppData/Local/npm-cache/_npx/32026684e21afda6/node_modules/wr
angler/templates/pages-template-worker.ts:180:11)
[2m[WebServer] [22m        at async jsonError (file:///D:/AI%20CURSER/ppk-dri
vehub/.wrangler/tmp/pages-iBwYRu/functionsWorker-0.11902726787797491.mjs/file:/
C:/Users/krumu/AppData/Local/npm-cache/_npx/32026684e21afda6/node_modules/wrang
ler/templates/middleware/middleware-miniflare3-json-error.ts:22:10)
[2m[WebServer] [22m        at async drainBody (file:///D:/AI%20CURSER/ppk-dri
vehub/.wrangler/tmp/pages-iBwYRu/functionsWorker-0.11902726787797491.mjs/file:/
C:/Users/krumu/AppData/Local/npm-cache/_npx/32026684e21afda6/node_modules/wrang
ler/templates/middleware/middleware-ensure-req-body-drained.ts:5:10)
[2m[WebServer] [22m  }
[2m[WebServer] [22m
[2m[WebServer] [22m
  Γ£ô  422 [e2e-chromium] ΓÇ║ tests\e2e\queue.spec.mjs:694:3 ΓÇ║ 6. Status Transitions ΓÇö α╕üα╕▓α╕úα╣Çα╕¢α╕Ñα╕╡α╣êα╕óα╕Öα╕¬α╕ûα╕▓α╕Öα╕░α╕äα╕┤α╕º ΓÇ║ PUT /:id/ongoing α╣üα╕Ñα╣ëα╕º /complete ΓÇö α╣Çα╕¬α╕úα╣çα╕êα╕¬α╕íα╕Üα╕╣α╕úα╕ôα╣î (0ms)
  Γ£ô  423 [e2e-chromium] ΓÇ║ tests\e2e\queue.spec.mjs:711:3 ΓÇ║ 7. Trip Evaluation ΓÇö α╕¢α╕úα╕░α╣Çα╕íα╕┤α╕Öα╕üα╕▓α╕úα╣Çα╕öα╕┤α╕Öα╕ùα╕▓α╕ç ΓÇ║ POST /:id/evaluate ΓÇö α╕¢α╕úα╕░α╣Çα╕íα╕┤α╕Öα╕äα╕┤α╕ºα╕ùα╕╡α╣ê completed α╣äα╕öα╣ë (0ms)
  Γ£ô  424 [e2e-chromium] ΓÇ║ tests\e2e\queue.spec.mjs:725:3 ΓÇ║ 7. Trip Evaluation ΓÇö α╕¢α╕úα╕░α╣Çα╕íα╕┤α╕Öα╕üα╕▓α╕úα╣Çα╕öα╕┤α╕Öα╕ùα╕▓α╕ç ΓÇ║ α╕¢α╕úα╕░α╣Çα╕íα╕┤α╕Öα╕ïα╣ëα╕│ (duplicate) ΓåÆ error (0ms)
[2m[WebServer] [22m[31mX [41;31m[[41;97mERROR[41;31m][0m [1mAPI Error: 
Error: D1_ERROR: NOT NULL constraint failed: queue.driver_id: 
SQLITE_CONSTRAINT (extended: SQLITE_CONSTRAINT_NOTNULL)[0m
[2m[WebServer] [22m
[2m[WebServer] [22m      at D1DatabaseSessionAlwaysPrimary._sendOrThrow 
(cloudflare-internal:d1-api:139:19)
[2m[WebServer] [22m      at null.<anonymous> (async 
cloudflare-internal:d1-api:353:41)
[2m[WebServer] [22m  [90m    ... 7 lines matching cause stack trace ...[39m
[2m[WebServer] [22m      at async drainBody (file:///D:/AI%20CURSER/ppk-drive
hub/.wrangler/tmp/pages-iBwYRu/functionsWorker-0.11902726787797491.mjs/file:/C:
/Users/krumu/AppData/Local/npm-cache/_npx/32026684e21afda6/node_modules/wrangle
r/templates/middleware/middleware-ensure-req-body-drained.ts:5:10) {
[2m[WebServer] [22m    [cause]: Error: NOT NULL constraint failed: 
queue.driver_id: SQLITE_CONSTRAINT (extended: SQLITE_CONSTRAINT_NOTNULL)
[2m[WebServer] [22m        at D1DatabaseSessionAlwaysPrimary._sendOrThrow 
(cloudflare-internal:d1-api:140:24)
[2m[WebServer] [22m        at null.<anonymous> (async 
cloudflare-internal:d1-api:353:41)
[2m[WebServer] [22m        at async dbRun 
(file:///D:/AI%20CURSER/ppk-drivehub/.wrangler/functions/_helpers.js:79:10)
[2m[WebServer] [22m        at async onRequest (file:///D:/AI%20CURSER/ppk-dri
vehub/.wrangler/functions/api/queue/%255B%255Bpath%255D%255D.js:119:5)
[2m[WebServer] [22m        at async next (file:///D:/AI%20CURSER/ppk-drivehub
/.wrangler/tmp/pages-iBwYRu/functionsWorker-0.11902726787797491.mjs/file:/C:/Us
ers/krumu/AppData/Local/npm-cache/_npx/32026684e21afda6/node_modules/wrangler/t
emplates/pages-template-worker.ts:161:22)
[2m[WebServer] [22m        at async onRequest 
(file:///D:/AI%20CURSER/ppk-drivehub/.wrangler/functions/_middleware.js:131:22)
[2m[WebServer] [22m        at async next (file:///D:/AI%20CURSER/ppk-drivehub
/.wrangler/tmp/pages-iBwYRu/functionsWorker-0.11902726787797491.mjs/file:/C:/Us
ers/krumu/AppData/Local/npm-cache/_npx/32026684e21afda6/node_modules/wrangler/t
emplates/pages-template-worker.ts:161:22)
[2m[WebServer] [22m        at async Object.fetch (file:///D:/AI%20CURSER/ppk-
drivehub/.wrangler/tmp/pages-iBwYRu/functionsWorker-0.11902726787797491.mjs/fil
e:/C:/Users/krumu/AppData/Local/npm-cache/_npx/32026684e21afda6/node_modules/wr
angler/templates/pages-template-worker.ts:180:11)
[2m[WebServer] [22m        at async jsonError (file:///D:/AI%20CURSER/ppk-dri
vehub/.wrangler/tmp/pages-iBwYRu/functionsWorker-0.11902726787797491.mjs/file:/
C:/Users/krumu/AppData/Local/npm-cache/_npx/32026684e21afda6/node_modules/wrang
ler/templates/middleware/middleware-miniflare3-json-error.ts:22:10)
[2m[WebServer] [22m        at async drainBody (file:///D:/AI%20CURSER/ppk-dri
vehub/.wrangler/tmp/pages-iBwYRu/functionsWorker-0.11902726787797491.mjs/file:/
C:/Users/krumu/AppData/Local/npm-cache/_npx/32026684e21afda6/node_modules/wrang
ler/templates/middleware/middleware-ensure-req-body-drained.ts:5:10)
[2m[WebServer] [22m  }
[2m[WebServer] [22m
[2m[WebServer] [22m
  Γ£ô  425 [e2e-chromium] ΓÇ║ tests\e2e\queue.spec.mjs:734:3 ΓÇ║ 7. Trip Evaluation ΓÇö α╕¢α╕úα╕░α╣Çα╕íα╕┤α╕Öα╕üα╕▓α╕úα╣Çα╕öα╕┤α╕Öα╕ùα╕▓α╕ç ΓÇ║ α╕¢α╕úα╕░α╣Çα╕íα╕┤α╕Öα╕äα╕┤α╕ºα╕ùα╕╡α╣êα╕óα╕▒α╕çα╣äα╕íα╣ê completed ΓåÆ error (7ms)
  Γ£ô  426 [e2e-chromium] ΓÇ║ tests\e2e\queue.spec.mjs:744:3 ΓÇ║ 7. Trip Evaluation ΓÇö α╕¢α╕úα╕░α╣Çα╕íα╕┤α╕Öα╕üα╕▓α╕úα╣Çα╕öα╕┤α╕Öα╕ùα╕▓α╕ç ΓÇ║ GET /:id/evaluation ΓÇö α╕öα╕╣α╕£α╕Ñα╕¢α╕úα╕░α╣Çα╕íα╕┤α╕Öα╣äα╕öα╣ë (0ms)
  Γ£ô  427 [e2e-chromium] ΓÇ║ tests\e2e\queue.spec.mjs:762:3 ΓÇ║ 8. DELETE /api/queue/:id ΓÇö α╕Ñα╕Üα╕äα╕┤α╕º ΓÇ║ α╕Ñα╕Üα╕äα╕┤α╕ºα╕ùα╕╡α╣êα╕íα╕╡α╕¡α╕óα╕╣α╣êα╣äα╕öα╣ë (15ms)
  Γ£ô  428 [e2e-chromium] ΓÇ║ tests\e2e\queue.spec.mjs:772:3 ΓÇ║ 8. DELETE /api/queue/:id ΓÇö α╕Ñα╕Üα╕äα╕┤α╕º ΓÇ║ α╕Ñα╕Üα╕äα╕┤α╕ºα╕ùα╕╡α╣êα╣äα╕íα╣êα╕íα╕╡ ΓåÆ α╣äα╕íα╣ê error (idempotent) (7ms)
  Γ£ô  429 [e2e-chromium] ΓÇ║ tests\e2e\queue.spec.mjs:784:3 ΓÇ║ 9. Permission Boundaries ΓÇö α╕éα╕¡α╕Üα╣Çα╕éα╕òα╕¬α╕┤α╕ùα╕ÿα╕┤α╣î ΓÇ║ queue recorder ΓåÆ GET /api/vehicles α╣äα╕öα╣ë (view) (6ms)
  Γ£ô  430 [e2e-chromium] ΓÇ║ tests\e2e\queue.spec.mjs:789:3 ΓÇ║ 9. Permission Boundaries ΓÇö α╕éα╕¡α╕Üα╣Çα╕éα╕òα╕¬α╕┤α╕ùα╕ÿα╕┤α╣î ΓÇ║ queue recorder ΓåÆ GET /api/drivers α╣äα╕öα╣ë (view) (6ms)
  Γ£ô  431 [e2e-chromium] ΓÇ║ tests\e2e\queue.spec.mjs:794:3 ΓÇ║ 9. Permission Boundaries ΓÇö α╕éα╕¡α╕Üα╣Çα╕éα╕òα╕¬α╕┤α╕ùα╕ÿα╕┤α╣î ΓÇ║ queue recorder ΓåÆ GET /api/reports/dashboard α╣äα╕öα╣ë (view) (12ms)
  Γ£ô  432 [e2e-chromium] ΓÇ║ tests\e2e\queue.spec.mjs:799:3 ΓÇ║ 9. Permission Boundaries ΓÇö α╕éα╕¡α╕Üα╣Çα╕éα╕òα╕¬α╕┤α╕ùα╕ÿα╕┤α╣î ΓÇ║ queue recorder ΓåÆ GET /api/queue α╣äα╕öα╣ë (queue:view) (6ms)
  Γ£ô  433 [e2e-chromium] ΓÇ║ tests\e2e\queue.spec.mjs:805:3 ΓÇ║ 9. Permission Boundaries ΓÇö α╕éα╕¡α╕Üα╣Çα╕éα╕òα╕¬α╕┤α╕ùα╕ÿα╕┤α╣î ΓÇ║ queue recorder ΓåÆ POST /api/vehicles α╣äα╕öα╣ë (vehicle role α╕íα╕╡α╕¬α╕┤α╕ùα╕ÿα╕┤α╣î vehicles:delete) (13ms)
  Γ£ô  434 [e2e-chromium] ΓÇ║ tests\e2e\queue.spec.mjs:816:3 ΓÇ║ 9. Permission Boundaries ΓÇö α╕éα╕¡α╕Üα╣Çα╕éα╕òα╕¬α╕┤α╕ùα╕ÿα╕┤α╣î ΓÇ║ queue recorder ΓåÆ POST /api/fuel/log α╕òα╣ëα╕¡α╕ç 403 (α╣äα╕íα╣êα╕íα╕╡α╕¬α╕┤α╕ùα╕ÿα╕┤α╣î fuel) (7ms)
  Γ£ô  435 [e2e-chromium] ΓÇ║ tests\e2e\queue.spec.mjs:827:3 ΓÇ║ 9. Permission Boundaries ΓÇö α╕éα╕¡α╕Üα╣Çα╕éα╕òα╕¬α╕┤α╕ùα╕ÿα╕┤α╣î ΓÇ║ queue recorder ΓåÆ POST /api/repair/log α╣äα╕öα╣ë (α╕ùα╕╕α╕üα╕äα╕Öα╣üα╕êα╣ëα╕çα╕ïα╣êα╕¡α╕íα╣äα╕öα╣ë α╣äα╕íα╣êα╕òα╣ëα╕¡α╕çα╕íα╕╡α╕¬α╕┤α╕ùα╕ÿα╕┤α╣î repair) (18ms)
  Γ£ô  436 [e2e-chromium] ΓÇ║ tests\e2e\queue.spec.mjs:839:3 ΓÇ║ 9. Permission Boundaries ΓÇö α╕éα╕¡α╕Üα╣Çα╕éα╕òα╕¬α╕┤α╕ùα╕ÿα╕┤α╣î ΓÇ║ queue recorder ΓåÆ GET /api/admin/users α╕òα╣ëα╕¡α╕ç 403 (α╣äα╕íα╣êα╣âα╕èα╣ê admin) (8ms)
  Γ£ô  437 [e2e-chromium] ΓÇ║ tests\e2e\queue.spec.mjs:845:3 ΓÇ║ 9. Permission Boundaries ΓÇö α╕éα╕¡α╕Üα╣Çα╕éα╕òα╕¬α╕┤α╕ùα╕ÿα╕┤α╣î ΓÇ║ queue recorder ΓåÆ GET /api/admin/audit-log α╕òα╣ëα╕¡α╕ç 403 (α╣äα╕íα╣êα╣âα╕èα╣ê admin) (5ms)
  Γ£ô  438 [e2e-chromium] ΓÇ║ tests\e2e\queue.spec.mjs:852:3 ΓÇ║ 9. Permission Boundaries ΓÇö α╕éα╕¡α╕Üα╣Çα╕éα╕òα╕¬α╕┤α╕ùα╕ÿα╕┤α╣î ΓÇ║ queue recorder ΓåÆ GET /api/backup α╕òα╣ëα╕¡α╕ç 403 (α╣äα╕íα╣êα╣âα╕èα╣ê admin) (6ms)
  Γ£ô  439 [e2e-chromium] ΓÇ║ tests\e2e\queue.spec.mjs:876:3 ΓÇ║ 10. UI ΓÇö queue-manage.html ΓÇ║ queue-manage.html α╣éα╕½α╕Ñα╕öα╣äα╕öα╣ëα╣éα╕öα╕óα╣äα╕íα╣ê redirect α╣äα╕¢ login (1.4s)
  Γ£ô  440 [e2e-chromium] ΓÇ║ tests\e2e\queue.spec.mjs:884:3 ΓÇ║ 10. UI ΓÇö queue-manage.html ΓÇ║ α╕½α╕Öα╣ëα╕▓α╣üα╕¬α╕öα╕ç header "α╕êα╕▒α╕öα╕äα╕┤α╕º" (1.3s)
  Γ£ô  441 [e2e-chromium] ΓÇ║ tests\e2e\queue.spec.mjs:893:3 ΓÇ║ 10. UI ΓÇö queue-manage.html ΓÇ║ α╕¢α╕Åα╕┤α╕ùα╕┤α╕Öα╕½α╕úα╕╖α╕¡α╕òα╕▓α╕úα╕▓α╕ç queue α╣üα╕¬α╕öα╕çα╕£α╕Ñα╣äα╕öα╣ë (1.3s)
  Γ£ô  442 [e2e-chromium] ΓÇ║ tests\e2e\queue.spec.mjs:903:3 ΓÇ║ 10. UI ΓÇö queue-manage.html ΓÇ║ α╕¢α╕╕α╣êα╕í "α╕¬α╕úα╣ëα╕▓α╕çα╕äα╕┤α╕ºα╣âα╕½α╕íα╣ê" α╕½α╕úα╕╖α╕¡ "α╣Çα╕₧α╕┤α╣êα╕íα╕äα╕┤α╕º" α╕¢α╕úα╕▓α╕üα╕Å (α╕íα╕╡α╕¬α╕┤α╕ùα╕ÿα╕┤α╣î create) (1.3s)
  Γ£ô  443 [e2e-chromium] ΓÇ║ tests\e2e\queue.spec.mjs:913:3 ΓÇ║ 10. UI ΓÇö queue-manage.html ΓÇ║ α╣Çα╕¢α╕┤α╕ö modal α╕¬α╕úα╣ëα╕▓α╕çα╕äα╕┤α╕ºα╣üα╕Ñα╣ëα╕ºα╣Çα╕Ñα╕╖α╕¡α╕üα╕úα╕ûα╣äα╕öα╣ë (1.5s)
  Γ£ô  444 [e2e-chromium] ΓÇ║ tests\e2e\queue.spec.mjs:926:3 ΓÇ║ 10. UI ΓÇö queue-manage.html ΓÇ║ Sidebar α╣äα╕íα╣êα╣üα╕¬α╕öα╕çα╣Çα╕íα╕Öα╕╣α╕ùα╕╡α╣êα╣äα╕íα╣êα╕íα╕╡α╕¬α╕┤α╕ùα╕ÿα╕┤α╣î (α╣Çα╕èα╣êα╕Ö User Management) (1.3s)
  Γ£ô  445 [e2e-chromium] ΓÇ║ tests\e2e\queue.spec.mjs:937:3 ΓÇ║ 10. UI ΓÇö queue-manage.html ΓÇ║ α╣Çα╕éα╣ëα╕▓α╕½α╕Öα╣ëα╕▓ user-management.html α╣éα╕öα╕óα╕òα╕úα╕ç ΓåÆ redirect α╣äα╕¢ login α╕½α╕úα╕╖α╕¡ unauthorized (1.3s)
[2m[WebServer] [22m[31mX [41;31m[[41;97mERROR[41;31m][0m [1mAPI Error: 
Error: D1_ERROR: NOT NULL constraint failed: queue.driver_id: 
SQLITE_CONSTRAINT (extended: SQLITE_CONSTRAINT_NOTNULL)[0m
[2m[WebServer] [22m
[2m[WebServer] [22m      at D1DatabaseSessionAlwaysPrimary._sendOrThrow 
(cloudflare-internal:d1-api:139:19)
[2m[WebServer] [22m      at null.<anonymous> (async 
cloudflare-internal:d1-api:353:41)
[2m[WebServer] [22m  [90m    ... 7 lines matching cause stack trace ...[39m
[2m[WebServer] [22m      at async drainBody (file:///D:/AI%20CURSER/ppk-drive
hub/.wrangler/tmp/pages-iBwYRu/functionsWorker-0.11902726787797491.mjs/file:/C:
/Users/krumu/AppData/Local/npm-cache/_npx/32026684e21afda6/node_modules/wrangle
r/templates/middleware/middleware-ensure-req-body-drained.ts:5:10) {
[2m[WebServer] [22m    [cause]: Error: NOT NULL constraint failed: 
queue.driver_id: SQLITE_CONSTRAINT (extended: SQLITE_CONSTRAINT_NOTNULL)
[2m[WebServer] [22m        at D1DatabaseSessionAlwaysPrimary._sendOrThrow 
(cloudflare-internal:d1-api:140:24)
[2m[WebServer] [22m        at null.<anonymous> (async 
cloudflare-internal:d1-api:353:41)
[2m[WebServer] [22m        at async dbRun 
(file:///D:/AI%20CURSER/ppk-drivehub/.wrangler/functions/_helpers.js:79:10)
[2m[WebServer] [22m        at async onRequest (file:///D:/AI%20CURSER/ppk-dri
vehub/.wrangler/functions/api/queue/%255B%255Bpath%255D%255D.js:119:5)
[2m[WebServer] [22m        at async next (file:///D:/AI%20CURSER/ppk-drivehub
/.wrangler/tmp/pages-iBwYRu/functionsWorker-0.11902726787797491.mjs/file:/C:/Us
ers/krumu/AppData/Local/npm-cache/_npx/32026684e21afda6/node_modules/wrangler/t
emplates/pages-template-worker.ts:161:22)
[2m[WebServer] [22m        at async onRequest 
(file:///D:/AI%20CURSER/ppk-drivehub/.wrangler/functions/_middleware.js:131:22)
[2m[WebServer] [22m        at async next (file:///D:/AI%20CURSER/ppk-drivehub
/.wrangler/tmp/pages-iBwYRu/functionsWorker-0.11902726787797491.mjs/file:/C:/Us
ers/krumu/AppData/Local/npm-cache/_npx/32026684e21afda6/node_modules/wrangler/t
emplates/pages-template-worker.ts:161:22)
[2m[WebServer] [22m        at async Object.fetch (file:///D:/AI%20CURSER/ppk-
drivehub/.wrangler/tmp/pages-iBwYRu/functionsWorker-0.11902726787797491.mjs/fil
e:/C:/Users/krumu/AppData/Local/npm-cache/_npx/32026684e21afda6/node_modules/wr
angler/templates/pages-template-worker.ts:180:11)
[2m[WebServer] [22m        at async jsonError (file:///D:/AI%20CURSER/ppk-dri
vehub/.wrangler/tmp/pages-iBwYRu/functionsWorker-0.11902726787797491.mjs/file:/
C:/Users/krumu/AppData/Local/npm-cache/_npx/32026684e21afda6/node_modules/wrang
ler/templates/middleware/middleware-miniflare3-json-error.ts:22:10)
[2m[WebServer] [22m        at async drainBody (file:///D:/AI%20CURSER/ppk-dri
vehub/.wrangler/tmp/pages-iBwYRu/functionsWorker-0.11902726787797491.mjs/file:/
C:/Users/krumu/AppData/Local/npm-cache/_npx/32026684e21afda6/node_modules/wrang
ler/templates/middleware/middleware-ensure-req-body-drained.ts:5:10)
[2m[WebServer] [22m  }
[2m[WebServer] [22m
[2m[WebServer] [22m
  Γ£ô  446 [e2e-chromium] ΓÇ║ tests\e2e\queue.spec.mjs:965:3 ΓÇ║ 11. Edge Cases & Data Integrity ΓÇ║ α╕äα╕┤α╕ºα╕ùα╕╡α╣êα╕¬α╕úα╣ëα╕▓α╕çα╕íα╕╡α╕éα╣ëα╕¡α╕íα╕╣α╕Ñ created_by, created_at (12ms)
  Γ£ô  447 [e2e-chromium] ΓÇ║ tests\e2e\queue.spec.mjs:983:3 ΓÇ║ 11. Edge Cases & Data Integrity ΓÇ║ α╕¬α╕úα╣ëα╕▓α╕çα╕äα╕┤α╕ºα╕½α╕Ñα╕▓α╕óα╕äα╕▒α╕Öα╣âα╕Öα╕ºα╕▒α╕Öα╣Çα╕öα╕╡α╕óα╕ºα╕üα╕▒α╕Ö α╣Çα╕ºα╕Ñα╕▓α╣äα╕íα╣êα╕ïα╣ëα╕¡α╕Ö ΓåÆ α╕¬α╕│α╣Çα╕úα╣çα╕êα╕ùα╕▒α╣ëα╕çα╕äα╕╣α╣ê (6ms)
  Γ£ô  448 [e2e-chromium] ΓÇ║ tests\e2e\queue.spec.mjs:1016:3 ΓÇ║ 11. Edge Cases & Data Integrity ΓÇ║ α╕äα╕┤α╕ºα╣Çα╕öα╕┤α╕íα╕üα╕▒α╕Üα╕úα╕ûα╣Çα╕öα╕┤α╕íα╣üα╕òα╣êα╣Çα╕ºα╕Ñα╕▓α╕òα╣êα╕¡α╣Çα╕Öα╕╖α╣êα╕¡α╕ç (α╣äα╕íα╣êα╕ïα╣ëα╕¡α╕Ö) ΓåÆ α╕¬α╕│α╣Çα╕úα╣çα╕ê (40ms)
  Γ£ô  449 [e2e-chromium] ΓÇ║ tests\e2e\queue.spec.mjs:1043:3 ΓÇ║ 11. Edge Cases & Data Integrity ΓÇ║ GET /api/queue filter driver_id ΓÇö α╣üα╕¬α╕öα╕çα╣Çα╕ëα╕₧α╕▓α╕░α╕äα╕┤α╕ºα╕éα╕¡α╕çα╕₧α╕Öα╕▒α╕üα╕çα╕▓α╕Öα╕äα╕Öα╕Öα╕▒α╣ëα╕Ö (7ms)
  Γ£ô  450 [e2e-chromium] ΓÇ║ tests\e2e\queue.spec.mjs:1051:3 ΓÇ║ 11. Edge Cases & Data Integrity ΓÇ║ GET /api/queue?status=cancelled ΓÇö α╕äα╕┤α╕ºα╕ùα╕╡α╣êα╕óα╕üα╣Çα╕Ñα╕┤α╕üα╣äα╕¢α╣üα╕Ñα╣ëα╕ºα╕¢α╕úα╕▓α╕üα╕Å (8ms)
  Γ£ô  451 [e2e-chromium] ΓÇ║ tests\e2e\queue.spec.mjs:1058:3 ΓÇ║ 11. Edge Cases & Data Integrity ΓÇ║ GET /api/queue?status=completed ΓÇö α╕äα╕┤α╕ºα╕ùα╕╡α╣êα╣Çα╕¬α╕úα╣çα╕êα╣üα╕Ñα╣ëα╕ºα╕¢α╕úα╕▓α╕üα╕Å (7ms)
  Γ£ô  452 [e2e-chromium] ΓÇ║ tests\e2e\repair-comprehensive.spec.mjs:166:3 ΓÇ║ 1. Notifications α╕êα╕▓α╕ü Repair Actions ΓÇ║ α╕¬α╕úα╣ëα╕▓α╕ç repair request ΓåÆ GET /api/notifications α╕íα╕╡ entry α╕¢α╕úα╕░α╣Çα╕áα╕ù repair (20ms)
  Γ£ô  453 [e2e-chromium] ΓÇ║ tests\e2e\repair-comprehensive.spec.mjs:189:3 ΓÇ║ 1. Notifications α╕êα╕▓α╕ü Repair Actions ΓÇ║ GET /api/notifications?unread=true ΓåÆ α╕äα╕╖α╕Ö unread_count α╣üα╕Ñα╕░α╕úα╕▓α╕óα╕üα╕▓α╕ú (11ms)
  Γ£ô  454 [e2e-chromium] ΓÇ║ tests\e2e\repair-comprehensive.spec.mjs:200:3 ΓÇ║ 1. Notifications α╕êα╕▓α╕ü Repair Actions ΓÇ║ GET /api/notifications?limit=5 ΓåÆ α╕äα╕╖α╕Öα╣äα╕íα╣êα╣Çα╕üα╕┤α╕Ö 5 α╕úα╕▓α╕óα╕üα╕▓α╕ú (7ms)
  Γ£ô  455 [e2e-chromium] ΓÇ║ tests\e2e\repair-comprehensive.spec.mjs:208:3 ΓÇ║ 1. Notifications α╕êα╕▓α╕ü Repair Actions ΓÇ║ PUT /api/notifications/read-all ΓåÆ α╕¬α╕│α╣Çα╕úα╣çα╕ê (7ms)
  Γ£ô  456 [e2e-chromium] ΓÇ║ tests\e2e\repair-comprehensive.spec.mjs:214:3 ΓÇ║ 1. Notifications α╕êα╕▓α╕ü Repair Actions ΓÇ║ α╕½α╕Ñα╕▒α╕ç read-all ΓåÆ unread_count = 0 (8ms)
  Γ£ô  457 [e2e-chromium] ΓÇ║ tests\e2e\repair-comprehensive.spec.mjs:222:3 ΓÇ║ 1. Notifications α╕êα╕▓α╕ü Repair Actions ΓÇ║ approve repair ΓåÆ notification α╕ûα╕╣α╕üα╕¬α╕úα╣ëα╕▓α╕çα╣âα╕½α╣ëα╕£α╕╣α╣ëα╣üα╕êα╣ëα╕çα╕ïα╣êα╕¡α╕í (24ms)
  Γ£ô  458 [e2e-chromium] ΓÇ║ tests\e2e\repair-comprehensive.spec.mjs:231:3 ΓÇ║ 1. Notifications α╕êα╕▓α╕ü Repair Actions ΓÇ║ α╣äα╕íα╣êα╕íα╕╡ token ΓåÆ GET /api/notifications α╕äα╕╖α╕Ö 401 (4ms)
  Γ£ô  459 [e2e-chromium] ΓÇ║ tests\e2e\repair-comprehensive.spec.mjs:236:3 ΓÇ║ 1. Notifications α╕êα╕▓α╕ü Repair Actions ΓÇ║ α╣äα╕íα╣êα╕íα╕╡ token ΓåÆ PUT /api/notifications/read-all α╕äα╕╖α╕Ö 401 (4ms)
  Γ£ô  460 [e2e-chromium] ΓÇ║ tests\e2e\repair-comprehensive.spec.mjs:249:3 ΓÇ║ 2. Maintenance Sync α╕½α╕Ñα╕▒α╕çα╕ïα╣êα╕¡α╕íα╣Çα╕¬α╕úα╣çα╕ê ΓÇ║ α╕¬α╕úα╣ëα╕▓α╕çα╣üα╕Ñα╕░α╕öα╕│α╣Çα╕Öα╕┤α╕Ö repair workflow α╕êα╕Öα╕ûα╕╢α╕ç complete α╕₧α╕úα╣ëα╕¡α╕íα╕úα╕▓α╕óα╕üα╕▓α╕úα╕Öα╣ëα╕│α╕íα╕▒α╕Öα╣Çα╕äα╕úα╕╖α╣êα╕¡α╕ç (85ms)
  Γ£ô  461 [e2e-chromium] ΓÇ║ tests\e2e\repair-comprehensive.spec.mjs:301:3 ΓÇ║ 2. Maintenance Sync α╕½α╕Ñα╕▒α╕çα╕ïα╣êα╕¡α╕íα╣Çα╕¬α╕úα╣çα╕ê ΓÇ║ GET /api/maintenance/vehicle/:car_id ΓåÆ α╕₧α╕Ü engine_oil last_km α╕¡α╕▒α╕¢α╣Çα╕öα╕òα╣üα╕Ñα╣ëα╕º (10ms)
  Γ£ô  462 [e2e-chromium] ΓÇ║ tests\e2e\repair-comprehensive.spec.mjs:325:3 ΓÇ║ 2. Maintenance Sync α╕½α╕Ñα╕▒α╕çα╕ïα╣êα╕¡α╕íα╣Çα╕¬α╕úα╣çα╕ê ΓÇ║ α╕òα╕úα╕ºα╕êα╕¬α╕¡α╕Üα╕¬α╕ûα╕▓α╕Öα╕░α╕úα╕û SYNC-001 α╕üα╕Ñα╕▒α╕Üα╣Çα╕¢α╣çα╕Ö active α╕½α╕Ñα╕▒α╕çα╕ïα╣êα╕¡α╕íα╣Çα╕¬α╕úα╣çα╕ê (6ms)
  Γ£ô  463 [e2e-chromium] ΓÇ║ tests\e2e\repair-comprehensive.spec.mjs:332:3 ΓÇ║ 2. Maintenance Sync α╕½α╕Ñα╕▒α╕çα╕ïα╣êα╕¡α╕íα╣Çα╕¬α╕úα╣çα╕ê ΓÇ║ complete repair α╣éα╕öα╕óα╕òα╕úα╕ç (POST status=completed) ΓåÆ maintenance sync α╕ùα╕│α╕çα╕▓α╕Ö (14ms)
  Γ£ô  464 [e2e-chromium] ΓÇ║ tests\e2e\repair-comprehensive.spec.mjs:362:3 ΓÇ║ 3. Edge Cases ΓÇö α╕éα╣ëα╕¡α╕íα╕╣α╕Ñα╕£α╕┤α╕öα╕¢α╕üα╕òα╕┤α╕êα╕▓α╕üα╕£α╕╣α╣ëα╣âα╕èα╣ë ΓÇ║ daily check: mileage α╣Çα╕¢α╣çα╕Ö string "abc" ΓåÆ success (normalize α╣Çα╕¢α╣çα╕Ö 0) (7ms)
  Γ£ô  465 [e2e-chromium] ΓÇ║ tests\e2e\repair-comprehensive.spec.mjs:372:3 ΓÇ║ 3. Edge Cases ΓÇö α╕éα╣ëα╕¡α╕íα╕╣α╕Ñα╕£α╕┤α╕öα╕¢α╕üα╕òα╕┤α╕êα╕▓α╕üα╕£α╕╣α╣ëα╣âα╕èα╣ë ΓÇ║ daily check: mileage α╣Çα╕¢α╣çα╕Ö -999 (α╕Ñα╕Ü) ΓåÆ success (α╣äα╕íα╣ê reject) (8ms)
  Γ£ô  466 [e2e-chromium] ΓÇ║ tests\e2e\repair-comprehensive.spec.mjs:382:3 ΓÇ║ 3. Edge Cases ΓÇö α╕éα╣ëα╕¡α╕íα╕╣α╕Ñα╕£α╕┤α╕öα╕¢α╕üα╕òα╕┤α╕êα╕▓α╕üα╕£α╕╣α╣ëα╣âα╕èα╣ë ΓÇ║ daily check: notes α╕óα╕▓α╕ºα╕íα╕▓α╕ü (1000 α╕òα╕▒α╕ºα╕¡α╕▒α╕üα╕⌐α╕ú) ΓåÆ success (7ms)
  Γ£ô  467 [e2e-chromium] ΓÇ║ tests\e2e\repair-comprehensive.spec.mjs:393:3 ΓÇ║ 3. Edge Cases ΓÇö α╕éα╣ëα╕¡α╕íα╕╣α╕Ñα╕£α╕┤α╕öα╕¢α╕üα╕òα╕┤α╕êα╕▓α╕üα╕£α╕╣α╣ëα╣âα╕èα╣ë ΓÇ║ daily check: inspector_name α╕ºα╣êα╕▓α╕ç ΓåÆ success (default α╣Çα╕¢α╣çα╕Ö QR) (8ms)
  Γ£ô  468 [e2e-chromium] ΓÇ║ tests\e2e\repair-comprehensive.spec.mjs:402:3 ΓÇ║ 3. Edge Cases ΓÇö α╕éα╣ëα╕¡α╕íα╕╣α╕Ñα╕£α╕┤α╕öα╕¢α╕üα╕òα╕┤α╕êα╕▓α╕üα╕£α╕╣α╣ëα╣âα╕èα╣ë ΓÇ║ daily check: car_id α╕ºα╣êα╕▓α╕ç "" ΓåÆ error (5ms)
  Γ£ô  469 [e2e-chromium] ΓÇ║ tests\e2e\repair-comprehensive.spec.mjs:407:3 ΓÇ║ 3. Edge Cases ΓÇö α╕éα╣ëα╕¡α╕íα╕╣α╕Ñα╕£α╕┤α╕öα╕¢α╕üα╕òα╕┤α╕êα╕▓α╕üα╕£α╕╣α╣ëα╣âα╕èα╣ë ΓÇ║ daily check: car_id null ΓåÆ error (4ms)
  Γ£ô  470 [e2e-chromium] ΓÇ║ tests\e2e\repair-comprehensive.spec.mjs:412:3 ΓÇ║ 3. Edge Cases ΓÇö α╕éα╣ëα╕¡α╕íα╕╣α╕Ñα╕£α╕┤α╕öα╕¢α╕üα╕òα╕┤α╕êα╕▓α╕üα╕£α╕╣α╣ëα╣âα╕èα╣ë ΓÇ║ daily check: check_type α╣äα╕íα╣êα╕ûα╕╣α╕üα╕òα╣ëα╕¡α╕ç ΓåÆ success (α╣Çα╕üα╣çα╕Üα╕äα╣êα╕▓α╕òα╕▓α╕íα╕ùα╕╡α╣êα╕¬α╣êα╕ç) (7ms)
  Γ£ô  471 [e2e-chromium] ΓÇ║ tests\e2e\repair-comprehensive.spec.mjs:422:3 ΓÇ║ 3. Edge Cases ΓÇö α╕éα╣ëα╕¡α╕íα╕╣α╕Ñα╕£α╕┤α╕öα╕¢α╕üα╕òα╕┤α╕êα╕▓α╕üα╕£α╕╣α╣ëα╣âα╕èα╣ë ΓÇ║ daily check: α╕¬α╣êα╕ç XSS α╣âα╕Ö inspector_name ΓåÆ success (sanitized α╕½α╕úα╕╖α╕¡α╣Çα╕üα╣çα╕Ü escaped) (6ms)
  Γ£ô  472 [e2e-chromium] ΓÇ║ tests\e2e\repair-comprehensive.spec.mjs:433:3 ΓÇ║ 3. Edge Cases ΓÇö α╕éα╣ëα╕¡α╕íα╕╣α╕Ñα╕£α╕┤α╕öα╕¢α╕üα╕òα╕┤α╕êα╕▓α╕üα╕£α╕╣α╣ëα╣âα╕èα╣ë ΓÇ║ daily check: issues_found: false + overall_status: critical ΓåÆ α╕¬α╕úα╣ëα╕▓α╕ç alert α╣Çα╕₧α╕úα╕▓α╕░ critical status (7ms)
  Γ£ô  473 [e2e-chromium] ΓÇ║ tests\e2e\repair-comprehensive.spec.mjs:447:3 ΓÇ║ 3. Edge Cases ΓÇö α╕éα╣ëα╕¡α╕íα╕╣α╕Ñα╕£α╕┤α╕öα╕¢α╕üα╕òα╕┤α╕êα╕▓α╕üα╕£α╕╣α╣ëα╣âα╕èα╣ë ΓÇ║ repair: mileage_at_repair α╣Çα╕¢α╣çα╕Ö string "50000" ΓåÆ success (auto-coerce) (11ms)
  Γ£ô  474 [e2e-chromium] ΓÇ║ tests\e2e\repair-comprehensive.spec.mjs:457:3 ΓÇ║ 3. Edge Cases ΓÇö α╕éα╣ëα╕¡α╕íα╕╣α╕Ñα╕£α╕┤α╕öα╕¢α╕üα╕òα╕┤α╕êα╕▓α╕üα╕£α╕╣α╣ëα╣âα╕èα╣ë ΓÇ║ repair: cost α╣Çα╕¢α╣çα╕Öα╕äα╣êα╕▓α╕Ñα╕Ü ΓåÆ success (α╕úα╕░α╕Üα╕Üα╣Çα╕üα╣çα╕Üα╕òα╕▓α╕íα╕ùα╕╡α╣êα╣äα╕öα╣ëα╕úα╕▒α╕Ü ΓÇö α╕òα╕úα╕ºα╕ê business rule α╕ùα╕╡α╣ê frontend) (9ms)
  Γ£ô  475 [e2e-chromium] ΓÇ║ tests\e2e\repair-comprehensive.spec.mjs:467:3 ΓÇ║ 3. Edge Cases ΓÇö α╕éα╣ëα╕¡α╕íα╕╣α╕Ñα╕£α╕┤α╕öα╕¢α╕üα╕òα╕┤α╕êα╕▓α╕üα╕£α╕╣α╣ëα╣âα╕èα╣ë ΓÇ║ repair: issue_description α╕ºα╣êα╕▓α╕ç ΓåÆ success (α╣äα╕íα╣ê required) (11ms)
  Γ£ô  476 [e2e-chromium] ΓÇ║ tests\e2e\repair-comprehensive.spec.mjs:476:3 ΓÇ║ 3. Edge Cases ΓÇö α╕éα╣ëα╕¡α╕íα╕╣α╕Ñα╕£α╕┤α╕öα╕¢α╕üα╕òα╕┤α╕êα╕▓α╕üα╕£α╕╣α╣ëα╣âα╕èα╣ë ΓÇ║ repair: items_detail α╕ùα╕╡α╣êα╕íα╕╡ description α╕ºα╣êα╕▓α╕ç ΓåÆ α╕ûα╕╣α╕ü filter α╕¡α╕¡α╕ü α╣äα╕íα╣ê error (30ms)
  Γ£ô  477 [e2e-chromium] ΓÇ║ tests\e2e\repair-comprehensive.spec.mjs:492:3 ΓÇ║ 3. Edge Cases ΓÇö α╕éα╣ëα╕¡α╕íα╕╣α╕Ñα╕£α╕┤α╕öα╕¢α╕üα╕òα╕┤α╕êα╕▓α╕üα╕£α╕╣α╣ëα╣âα╕èα╣ë ΓÇ║ repair GET: ID α╣äα╕íα╣êα╕íα╕╡α╣âα╕Öα╕úα╕░α╕Üα╕Ü ΓåÆ 404 / success: false (9ms)
  Γ£ô  478 [e2e-chromium] ΓÇ║ tests\e2e\repair-comprehensive.spec.mjs:498:3 ΓÇ║ 3. Edge Cases ΓÇö α╕éα╣ëα╕¡α╕íα╕╣α╕Ñα╕£α╕┤α╕öα╕¢α╕üα╕òα╕┤α╕êα╕▓α╕üα╕£α╕╣α╣ëα╣âα╕èα╣ë ΓÇ║ repair PUT: ID α╣äα╕íα╣êα╕íα╕╡α╣âα╕Öα╕úα╕░α╕Üα╕Ü ΓåÆ success: false (9ms)
  Γ£ô  479 [e2e-chromium] ΓÇ║ tests\e2e\repair-comprehensive.spec.mjs:508:3 ΓÇ║ 3. Edge Cases ΓÇö α╕éα╣ëα╕¡α╕íα╕╣α╕Ñα╕£α╕┤α╕öα╕¢α╕üα╕òα╕┤α╕êα╕▓α╕üα╕£α╕╣α╣ëα╣âα╕èα╣ë ΓÇ║ repair DELETE: ID α╣äα╕íα╣êα╕íα╕╡α╣âα╕Öα╕úα╕░α╕Üα╕Ü ΓåÆ α╣äα╕íα╣ê 500 (10ms)
  Γ£ô  480 [e2e-chromium] ΓÇ║ tests\e2e\repair-comprehensive.spec.mjs:515:3 ΓÇ║ 3. Edge Cases ΓÇö α╕éα╣ëα╕¡α╕íα╕╣α╕Ñα╕£α╕┤α╕öα╕¢α╕üα╕òα╕┤α╕êα╕▓α╕üα╕£α╕╣α╣ëα╣âα╕èα╣ë ΓÇ║ repair: PUT α╕¡α╕▒α╕¢α╣Çα╕öα╕òα╣éα╕öα╕óα╣äα╕íα╣êα╕¬α╣êα╕ç field α╣âα╕öα╣Çα╕Ñα╕ó ΓåÆ error (α╣äα╕íα╣êα╕íα╕╡α╕éα╣ëα╕¡α╕íα╕╣α╕Ñα╕ùα╕╡α╣êα╕êα╕░α╕¡α╕▒α╕¢α╣Çα╕öα╕ò) (15ms)
  Γ£ô  481 [e2e-chromium] ΓÇ║ tests\e2e\repair-comprehensive.spec.mjs:536:3 ΓÇ║ 4. Driver Role ΓÇö Access Control ΓÇ║ driver α╕¬α╕▓α╕íα╕▓α╕úα╕ûα╣üα╕êα╣ëα╕çα╕ïα╣êα╕¡α╕íα╣äα╕öα╣ë (POST /api/repair/log) (0ms)
  Γ£ô  482 [e2e-chromium] ΓÇ║ tests\e2e\repair-comprehensive.spec.mjs:548:3 ΓÇ║ 4. Driver Role ΓÇö Access Control ΓÇ║ driver GET /api/repair/log ΓåÆ α╣Çα╕½α╣çα╕Öα╣Çα╕ëα╕₧α╕▓α╕░α╕éα╕¡α╕çα╕òα╕▒α╕ºα╣Çα╕¡α╕ç (α╣äα╕íα╣êα╣Çα╕½α╣çα╕Öα╕ùα╕╕α╕üα╕úα╕▓α╕óα╕üα╕▓α╕ú) (0ms)
  Γ£ô  483 [e2e-chromium] ΓÇ║ tests\e2e\repair-comprehensive.spec.mjs:558:3 ΓÇ║ 4. Driver Role ΓÇö Access Control ΓÇ║ driver GET /api/repair/log/:id α╕éα╕¡α╕çα╕òα╕▒α╕ºα╣Çα╕¡α╕ç ΓåÆ α╕¬α╕│α╣Çα╕úα╣çα╕ê (0ms)
  Γ£ô  484 [e2e-chromium] ΓÇ║ tests\e2e\repair-comprehensive.spec.mjs:566:3 ΓÇ║ 4. Driver Role ΓÇö Access Control ΓÇ║ driver α╣äα╕íα╣êα╕¬α╕▓α╕íα╕▓α╕úα╕û approve repair α╣äα╕öα╣ë (403 α╕½α╕úα╕╖α╕¡ success: false) (0ms)
  Γ£ô  485 [e2e-chromium] ΓÇ║ tests\e2e\repair-comprehensive.spec.mjs:572:3 ΓÇ║ 4. Driver Role ΓÇö Access Control ΓÇ║ driver α╣äα╕íα╣êα╕¬α╕▓α╕íα╕▓α╕úα╕û delete repair α╣äα╕öα╣ë (403) (0ms)
  Γ£ô  486 [e2e-chromium] ΓÇ║ tests\e2e\repair-comprehensive.spec.mjs:578:3 ΓÇ║ 4. Driver Role ΓÇö Access Control ΓÇ║ driver α╕¬α╕▓α╕íα╕▓α╕úα╕û GET /api/check/daily (PUBLIC) α╣äα╕öα╣ë (6ms)
  Γ£ô  487 [e2e-chromium] ΓÇ║ tests\e2e\repair-comprehensive.spec.mjs:594:3 ΓÇ║ 5. QR Daily Check ΓÇö Real Usage Simulation ΓÇ║ QR scan: α╕òα╕úα╕ºα╕êα╕üα╣êα╕¡α╕Öα╕éα╕▒α╕Ü (shift_start) α╕öα╣ëα╕ºα╕óα╕éα╣ëα╕¡α╕íα╕╣α╕Ñα╕äα╕úα╕Üα╕ùα╕╕α╕ü checklist (7ms)
  Γ£ô  488 [e2e-chromium] ΓÇ║ tests\e2e\repair-comprehensive.spec.mjs:621:3 ΓÇ║ 5. QR Daily Check ΓÇö Real Usage Simulation ΓÇ║ QR scan: α╕òα╕úα╕ºα╕êα╕½α╕Ñα╕▒α╕çα╕éα╕▒α╕Ü (shift_end) ΓåÆ success (7ms)
  Γ£ô  489 [e2e-chromium] ΓÇ║ tests\e2e\repair-comprehensive.spec.mjs:636:3 ΓÇ║ 5. QR Daily Check ΓÇö Real Usage Simulation ΓÇ║ QR scan: α╕₧α╕Üα╕¢α╕▒α╕ìα╕½α╕▓α╕óα╕▓α╕çα╕¬α╕╢α╕ü (warning) ΓåÆ α╕¬α╕úα╣ëα╕▓α╕ç inspection alert α╕¡α╕▒α╕òα╣éα╕Öα╕íα╕▒α╕òα╕┤ (13ms)
  Γ£ô  490 [e2e-chromium] ΓÇ║ tests\e2e\repair-comprehensive.spec.mjs:660:3 ΓÇ║ 5. QR Daily Check ΓÇö Real Usage Simulation ΓÇ║ QR scan: α╕₧α╕Üα╕¢α╕▒α╕ìα╕½α╕▓α╕ºα╕┤α╕üα╕ñα╕ò (critical) ΓåÆ risk_level: high (15ms)
  Γ£ô  491 [e2e-chromium] ΓÇ║ tests\e2e\repair-comprehensive.spec.mjs:683:3 ΓÇ║ 5. QR Daily Check ΓÇö Real Usage Simulation ΓÇ║ QR scan: α╕¬α╣êα╕çα╕£α╣êα╕▓α╕Ö body α╣äα╕íα╣êα╕íα╕╡ content-type (plain text) ΓåÆ graceful (7ms)
  Γ£ô  492 [e2e-chromium] ΓÇ║ tests\e2e\repair-comprehensive.spec.mjs:697:3 ΓÇ║ 5. QR Daily Check ΓÇö Real Usage Simulation ΓÇ║ QR scan: α╣âα╕èα╣ë GET method α╣üα╕ùα╕Ö POST ΓåÆ 404 α╕½α╕úα╕╖α╕¡ method not allowed (3ms)
  Γ£ô  493 [e2e-chromium] ΓÇ║ tests\e2e\repair-comprehensive.spec.mjs:709:3 ΓÇ║ 5. QR Daily Check ΓÇö Real Usage Simulation ΓÇ║ QR scan: α╕òα╕úα╕ºα╕êα╣éα╕öα╕óα╣âα╕èα╣ë checklist α╣âα╕½α╕íα╣ê (checks_data object) ΓåÆ success (7ms)
  Γ£ô  494 [e2e-chromium] ΓÇ║ tests\e2e\repair-comprehensive.spec.mjs:735:3 ΓÇ║ 6. Insurance Claim Repair Flow ΓÇ║ α╕¬α╕úα╣ëα╕▓α╕ç repair request α╕₧α╕úα╣ëα╕¡α╕í insurance_company + claim_number (11ms)
  Γ£ô  495 [e2e-chromium] ΓÇ║ tests\e2e\repair-comprehensive.spec.mjs:751:3 ΓÇ║ 6. Insurance Claim Repair Flow ΓÇ║ GET /api/repair/log/:id ΓåÆ insurance fields α╕ûα╕╣α╕üα╕òα╣ëα╕¡α╕ç (7ms)
  Γ£ô  496 [e2e-chromium] ΓÇ║ tests\e2e\repair-comprehensive.spec.mjs:759:3 ΓÇ║ 6. Insurance Claim Repair Flow ΓÇ║ complete insurance repair α╕₧α╕úα╣ëα╕¡α╕í claim_number α╣âα╕Ö complete step (57ms)
  Γ£ô  497 [e2e-chromium] ΓÇ║ tests\e2e\repair-comprehensive.spec.mjs:789:3 ΓÇ║ 6. Insurance Claim Repair Flow ΓÇ║ GET /api/repair/log/:id α╕½α╕Ñα╕▒α╕ç complete ΓåÆ α╕äα╕úα╕Üα╕ùα╕╕α╕ü insurance fields (9ms)
  Γ£ô  498 [e2e-chromium] ΓÇ║ tests\e2e\repair-comprehensive.spec.mjs:809:3 ΓÇ║ 7. Scheduled Repair ΓåÆ Complete ΓÇ║ α╕¬α╕úα╣ëα╕▓α╕ç scheduled repair α╕öα╣ëα╕ºα╕ó past date ΓåÆ success (7ms)
  Γ£ô  499 [e2e-chromium] ΓÇ║ tests\e2e\repair-comprehensive.spec.mjs:822:3 ΓÇ║ 7. Scheduled Repair ΓåÆ Complete ΓÇ║ PUT scheduled ΓåÆ status: completed + completed_at α╕ûα╕╣α╕üα╕òα╕▒α╣ëα╕çα╕äα╣êα╕▓ (13ms)
  Γ£ô  500 [e2e-chromium] ΓÇ║ tests\e2e\repair-comprehensive.spec.mjs:839:3 ΓÇ║ 7. Scheduled Repair ΓåÆ Complete ΓÇ║ GET /api/repair/scheduled?status=completed ΓåÆ α╕íα╕╡ entry α╕ùα╕╡α╣êα╣Çα╕₧α╕┤α╣êα╕çα╕¡α╕▒α╕¢α╣Çα╕öα╕ò (6ms)
  Γ£ô  501 [e2e-chromium] ΓÇ║ tests\e2e\repair-comprehensive.spec.mjs:847:3 ΓÇ║ 7. Scheduled Repair ΓåÆ Complete ΓÇ║ PUT scheduled: α╣äα╕íα╣êα╕¬α╣êα╕ç field α╣âα╕öα╣Çα╕Ñα╕ó ΓåÆ error (5ms)
  Γ£ô  502 [e2e-chromium] ΓÇ║ tests\e2e\repair-comprehensive.spec.mjs:853:3 ΓÇ║ 7. Scheduled Repair ΓåÆ Complete ΓÇ║ POST scheduled: scheduled_date α╕ºα╣êα╕▓α╕ç ΓåÆ success (α╣äα╕íα╣êα╕Üα╕▒α╕çα╕äα╕▒α╕Ü) (7ms)
  Γ£ô  503 [e2e-chromium] ΓÇ║ tests\e2e\repair-comprehensive.spec.mjs:862:3 ΓÇ║ 7. Scheduled Repair ΓåÆ Complete ΓÇ║ POST scheduled: α╣äα╕íα╣êα╕íα╕╡ token ΓåÆ 401 (4ms)
  Γ£ô  504 [e2e-chromium] ΓÇ║ tests\e2e\repair-comprehensive.spec.mjs:877:3 ΓÇ║ 8. Advanced Filtering ΓÇ║ GET /api/repair/log?car_id=...&status=requested ΓåÆ filter α╕ùα╕▒α╣ëα╕çα╕¬α╕¡α╕çα╣Çα╕çα╕╖α╣êα╕¡α╕Öα╣äα╕é (19ms)
  Γ£ô  505 [e2e-chromium] ΓÇ║ tests\e2e\repair-comprehensive.spec.mjs:900:3 ΓÇ║ 8. Advanced Filtering ΓÇ║ GET /api/repair/log?status=repairing ΓåÆ α╣Çα╕ëα╕₧α╕▓α╕░α╕ùα╕╡α╣êα╕üα╕│α╕Ñα╕▒α╕çα╕ïα╣êα╕¡α╕í (5ms)
  Γ£ô  506 [e2e-chromium] ΓÇ║ tests\e2e\repair-comprehensive.spec.mjs:907:3 ΓÇ║ 8. Advanced Filtering ΓÇ║ GET /api/repair/log?status=rejected ΓåÆ α╣Çα╕ëα╕₧α╕▓α╕░α╕ùα╕╡α╣êα╕ûα╕╣α╕ü reject (6ms)
  Γ£ô  507 [e2e-chromium] ΓÇ║ tests\e2e\repair-comprehensive.spec.mjs:914:3 ΓÇ║ 8. Advanced Filtering ΓÇ║ GET /api/check/log?date_from=2020-05-01 ΓåÆ α╣Çα╕ëα╕₧α╕▓α╕░α╕òα╕▒α╣ëα╕çα╣üα╕òα╣êα╕ºα╕▒α╕Öα╕ùα╕╡α╣êα╕úα╕░α╕Üα╕╕ (13ms)
  Γ£ô  508 [e2e-chromium] ΓÇ║ tests\e2e\repair-comprehensive.spec.mjs:925:3 ΓÇ║ 8. Advanced Filtering ΓÇ║ GET /api/check/log?date_to=2020-04-30 ΓåÆ α╣Çα╕ëα╕₧α╕▓α╕░α╕üα╣êα╕¡α╕Öα╕ºα╕▒α╕Öα╕ùα╕╡α╣êα╕úα╕░α╕Üα╕╕ (6ms)
  Γ£ô  509 [e2e-chromium] ΓÇ║ tests\e2e\repair-comprehensive.spec.mjs:932:3 ΓÇ║ 8. Advanced Filtering ΓÇ║ GET /api/check/log?car_id=...&date_from=... ΓåÆ α╕üα╕úα╕¡α╕çα╕ùα╕▒α╣ëα╕ç car_id α╣üα╕Ñα╕░ date (22ms)
  Γ£ô  510 [e2e-chromium] ΓÇ║ tests\e2e\repair-comprehensive.spec.mjs:943:3 ΓÇ║ 8. Advanced Filtering ΓÇ║ GET /api/check/alerts?resolved=1 ΓåÆ α╣Çα╕ëα╕₧α╕▓α╕░ alert α╕ùα╕╡α╣ê resolve α╣üα╕Ñα╣ëα╕º (5ms)
  Γ£ô  511 [e2e-chromium] ΓÇ║ tests\e2e\repair-comprehensive.spec.mjs:952:3 ΓÇ║ 8. Advanced Filtering ΓÇ║ GET /api/repair/scheduled?status=pending ΓåÆ α╣Çα╕ëα╕₧α╕▓α╕░ pending (6ms)
  Γ£ô  512 [e2e-chromium] ΓÇ║ tests\e2e\repair-comprehensive.spec.mjs:966:3 ΓÇ║ 9. Skip-Step Errors ΓÇö α╕£α╕╣α╣ëα╣âα╕èα╣ëα╕éα╣ëα╕▓α╕íα╕éα╕▒α╣ëα╕Öα╕òα╕¡α╕Ö ΓÇ║ α╕¬α╕úα╣ëα╕▓α╕ç repair request α╣âα╕½α╕íα╣ê ΓåÆ status: requested (12ms)
  Γ£ô  513 [e2e-chromium] ΓÇ║ tests\e2e\repair-comprehensive.spec.mjs:976:3 ΓÇ║ 9. Skip-Step Errors ΓÇö α╕£α╕╣α╣ëα╣âα╕èα╣ëα╕éα╣ëα╕▓α╕íα╕éα╕▒α╣ëα╕Öα╕òα╕¡α╕Ö ΓÇ║ α╕₧α╕óα╕▓α╕óα╕▓α╕í inspect α╣éα╕öα╕óα╣äα╕íα╣ê approve α╕üα╣êα╕¡α╕Ö ΓåÆ error (6ms)
  Γ£ô  514 [e2e-chromium] ΓÇ║ tests\e2e\repair-comprehensive.spec.mjs:984:3 ΓÇ║ 9. Skip-Step Errors ΓÇö α╕£α╕╣α╣ëα╣âα╕èα╣ëα╕éα╣ëα╕▓α╕íα╕éα╕▒α╣ëα╕Öα╕òα╕¡α╕Ö ΓÇ║ α╕₧α╕óα╕▓α╕óα╕▓α╕í document α╣éα╕öα╕óα╣äα╕íα╣ê inspect α╕üα╣êα╕¡α╕Ö ΓåÆ error (18ms)
  Γ£ô  515 [e2e-chromium] ΓÇ║ tests\e2e\repair-comprehensive.spec.mjs:995:3 ΓÇ║ 9. Skip-Step Errors ΓÇö α╕£α╕╣α╣ëα╣âα╕èα╣ëα╕éα╣ëα╕▓α╕íα╕éα╕▒α╣ëα╕Öα╕òα╕¡α╕Ö ΓÇ║ α╕₧α╕óα╕▓α╕óα╕▓α╕í start-repair α╣éα╕öα╕óα╣äα╕íα╣ê document α╕üα╣êα╕¡α╕Ö ΓåÆ error (16ms)
  Γ£ô  516 [e2e-chromium] ΓÇ║ tests\e2e\repair-comprehensive.spec.mjs:1008:3 ΓÇ║ 9. Skip-Step Errors ΓÇö α╕£α╕╣α╣ëα╣âα╕èα╣ëα╕éα╣ëα╕▓α╕íα╕éα╕▒α╣ëα╕Öα╕òα╕¡α╕Ö ΓÇ║ α╕₧α╕óα╕▓α╕óα╕▓α╕í complete α╣éα╕öα╕óα╣äα╕íα╣ê start-repair α╕üα╣êα╕¡α╕Ö ΓåÆ error (16ms)
  Γ£ô  517 [e2e-chromium] ΓÇ║ tests\e2e\repair-comprehensive.spec.mjs:1022:3 ΓÇ║ 9. Skip-Step Errors ΓÇö α╕£α╕╣α╣ëα╣âα╕èα╣ëα╕éα╣ëα╕▓α╕íα╕éα╕▒α╣ëα╕Öα╕òα╕¡α╕Ö ΓÇ║ approve repair α╕ùα╕╡α╣ê approve α╣äα╕¢α╣üα╕Ñα╣ëα╕º ΓåÆ error (double-approve) (6ms)
  Γ£ô  518 [e2e-chromium] ΓÇ║ tests\e2e\repair-comprehensive.spec.mjs:1029:3 ΓÇ║ 9. Skip-Step Errors ΓÇö α╕£α╕╣α╣ëα╣âα╕èα╣ëα╕éα╣ëα╕▓α╕íα╕éα╕▒α╣ëα╕Öα╕òα╕¡α╕Ö ΓÇ║ reject repair α╕ùα╕╡α╣ê approve α╣äα╕¢α╣üα╕Ñα╣ëα╕º ΓåÆ error (α╣äα╕íα╣êα╣âα╕èα╣ê requested) (6ms)
  Γ£ô  519 [e2e-chromium] ΓÇ║ tests\e2e\repair-comprehensive.spec.mjs:1043:3 ΓÇ║ 10. Check Log ΓÇö Data Completeness ΓÇ║ check_log α╕íα╕╡ license_plate α╣âα╕Ö response (JOIN α╕üα╕▒α╕Ü cars) (6ms)
  Γ£ô  520 [e2e-chromium] ΓÇ║ tests\e2e\repair-comprehensive.spec.mjs:1054:3 ΓÇ║ 10. Check Log ΓÇö Data Completeness ΓÇ║ check_log α╕íα╕╡ checks_data α╕ùα╕╡α╣êα╣Çα╕üα╣çα╕Ü JSON (10ms)
  Γ£ô  521 [e2e-chromium] ΓÇ║ tests\e2e\repair-comprehensive.spec.mjs:1066:3 ΓÇ║ 10. Check Log ΓÇö Data Completeness ΓÇ║ inspection alerts α╕íα╕╡ car info (license_plate) α╣âα╕Ö response (6ms)
  Γ£ô  522 [e2e-chromium] ΓÇ║ tests\e2e\repair-comprehensive.spec.mjs:1080:3 ΓÇ║ 10. Check Log ΓÇö Data Completeness ΓÇ║ repair_log α╕íα╕╡ license_plate α╣âα╕Ö response (JOIN α╕üα╕▒α╕Ü cars) (7ms)
  Γ£ô  523 [e2e-chromium] ΓÇ║ tests\e2e\repair-comprehensive.spec.mjs:1090:3 ΓÇ║ 10. Check Log ΓÇö Data Completeness ΓÇ║ repair_log detail α╕íα╕╡ items_detail array α╣Çα╕¬α╕íα╕¡ (α╣äα╕íα╣ê undefined) (11ms)
  Γ£ô  524 [e2e-chromium] ΓÇ║ tests\e2e\repair-comprehensive.spec.mjs:1106:3 ΓÇ║ 11. Notifications ΓÇö α╕¡α╣êα╕▓α╕Ö/α╕óα╕▒α╕çα╣äα╕íα╣êα╣äα╕öα╣ëα╕¡α╣êα╕▓α╕Ö ΓÇ║ α╕¬α╕úα╣ëα╕▓α╕ç repair α╣âα╕½α╕íα╣ê ΓåÆ unread_count α╣Çα╕₧α╕┤α╣êα╕íα╕éα╕╢α╣ëα╕Ö (21ms)
  Γ£ô  525 [e2e-chromium] ΓÇ║ tests\e2e\repair-comprehensive.spec.mjs:1125:3 ΓÇ║ 11. Notifications ΓÇö α╕¡α╣êα╕▓α╕Ö/α╕óα╕▒α╕çα╣äα╕íα╣êα╣äα╕öα╣ëα╕¡α╣êα╕▓α╕Ö ΓÇ║ GET /api/notifications α╣äα╕íα╣êα╕íα╕╡ filter ΓåÆ α╕äα╕╖α╕Ö array + unread_count (7ms)
  Γ£ô  526 [e2e-chromium] ΓÇ║ tests\e2e\repair-comprehensive.spec.mjs:1135:3 ΓÇ║ 11. Notifications ΓÇö α╕¡α╣êα╕▓α╕Ö/α╕óα╕▒α╕çα╣äα╕íα╣êα╣äα╕öα╣ëα╕¡α╣êα╕▓α╕Ö ΓÇ║ PUT /api/notifications/:id/read ΓåÆ mark individual notification as read (15ms)
  Γ£ô  527 [e2e-chromium] ΓÇ║ tests\e2e\repair-comprehensive.spec.mjs:1147:3 ΓÇ║ 11. Notifications ΓÇö α╕¡α╣êα╕▓α╕Ö/α╕óα╕▒α╕çα╣äα╕íα╣êα╣äα╕öα╣ëα╕¡α╣êα╕▓α╕Ö ΓÇ║ PUT /api/notifications/invalid-id/read ΓåÆ α╕¬α╕│α╣Çα╕úα╣çα╕êα╕½α╕úα╕╖α╕¡α╣äα╕íα╣ê crash (graceful) (6ms)
  Γ£ô  528 [e2e-chromium] ΓÇ║ tests\e2e\repair-comprehensive.spec.mjs:1154:3 ΓÇ║ 11. Notifications ΓÇö α╕¡α╣êα╕▓α╕Ö/α╕óα╕▒α╕çα╣äα╕íα╣êα╣äα╕öα╣ëα╕¡α╣êα╕▓α╕Ö ΓÇ║ GET /api/notifications?limit=1 ΓåÆ α╕äα╕╖α╕Öα╣üα╕äα╣ê 1 notification (9ms)
  Γ£ô  529 [e2e-chromium] ΓÇ║ tests\e2e\reports.spec.mjs:47:3 ΓÇ║ Reports API ΓÇ║ Bootstrap: login (3.0s)
  Γ£ô  530 [e2e-chromium] ΓÇ║ tests\e2e\reports.spec.mjs:62:3 ΓÇ║ Reports API ΓÇ║ Bootstrap: α╕¬α╕úα╣ëα╕▓α╕ç test vehicle (7ms)
  Γ£ô  531 [e2e-chromium] ΓÇ║ tests\e2e\reports.spec.mjs:74:3 ΓÇ║ Reports API ΓÇ║ Bootstrap: α╕¬α╕úα╣ëα╕▓α╕ç test driver (6ms)
  Γ£ÿ  532 [e2e-chromium] ΓÇ║ tests\e2e\reports.spec.mjs:86:3 ΓÇ║ Reports API ΓÇ║ Bootstrap: α╕¬α╕úα╣ëα╕▓α╕ç fuel log (7ms)
  -  533 [e2e-chromium] ΓÇ║ tests\e2e\reports.spec.mjs:99:3 ΓÇ║ Reports API ΓÇ║ Bootstrap: α╕¬α╕úα╣ëα╕▓α╕ç queue + usage records
  -  534 [e2e-chromium] ΓÇ║ tests\e2e\reports.spec.mjs:135:3 ΓÇ║ Reports API ΓÇ║ GET /api/reports/dashboard ΓåÆ 200
  -  535 [e2e-chromium] ΓÇ║ tests\e2e\reports.spec.mjs:141:3 ΓÇ║ Reports API ΓÇ║ GET /api/reports/dashboard ΓåÆ α╕íα╕╡ summary stats
  -  536 [e2e-chromium] ΓÇ║ tests\e2e\reports.spec.mjs:150:3 ΓÇ║ Reports API ΓÇ║ GET /api/reports/dashboard α╣äα╕íα╣êα╕íα╕╡ token ΓåÆ 401
  -  537 [e2e-chromium] ΓÇ║ tests\e2e\reports.spec.mjs:158:3 ΓÇ║ Reports API ΓÇ║ GET /api/reports/vehicles ΓåÆ 200
  -  538 [e2e-chromium] ΓÇ║ tests\e2e\reports.spec.mjs:164:3 ΓÇ║ Reports API ΓÇ║ GET /api/reports/drivers ΓåÆ 200
  -  539 [e2e-chromium] ΓÇ║ tests\e2e\reports.spec.mjs:169:3 ΓÇ║ Reports API ΓÇ║ GET /api/reports/repairs ΓåÆ 200
  -  540 [e2e-chromium] ΓÇ║ tests\e2e\reports.spec.mjs:174:3 ΓÇ║ Reports API ΓÇ║ GET /api/reports/maintenance ΓåÆ 200
  -  541 [e2e-chromium] ΓÇ║ tests\e2e\reports.spec.mjs:179:3 ΓÇ║ Reports API ΓÇ║ GET /api/reports/expiry ΓåÆ 200
  -  542 [e2e-chromium] ΓÇ║ tests\e2e\reports.spec.mjs:184:3 ΓÇ║ Reports API ΓÇ║ Reports endpoints α╕ùα╕╕α╕üα╕òα╕▒α╕ºα╕òα╣ëα╕¡α╕ç auth
  -  543 [e2e-chromium] ΓÇ║ tests\e2e\reports.spec.mjs:194:3 ΓÇ║ Reports API ΓÇ║ GET /api/reports/fuel ΓåÆ 200
  -  544 [e2e-chromium] ΓÇ║ tests\e2e\reports.spec.mjs:199:3 ΓÇ║ Reports API ΓÇ║ GET /api/reports/fuel?car_id=:id ΓåÆ filter by car
  -  545 [e2e-chromium] ΓÇ║ tests\e2e\reports.spec.mjs:208:3 ΓÇ║ Reports API ΓÇ║ GET /api/reports/fuel?date_from=&date_to= ΓåÆ date range filter
  -  546 [e2e-chromium] ΓÇ║ tests\e2e\reports.spec.mjs:213:3 ΓÇ║ Reports API ΓÇ║ GET /api/reports/fuel?expense_type=cash ΓåÆ filter expense type
  -  547 [e2e-chromium] ΓÇ║ tests\e2e\reports.spec.mjs:221:3 ΓÇ║ Reports API ΓÇ║ GET /api/reports/usage ΓåÆ 200
  -  548 [e2e-chromium] ΓÇ║ tests\e2e\reports.spec.mjs:226:3 ΓÇ║ Reports API ΓÇ║ GET /api/reports/usage?car_id=:id ΓåÆ usage by car
  -  549 [e2e-chromium] ΓÇ║ tests\e2e\reports.spec.mjs:234:3 ΓÇ║ Reports API ΓÇ║ GET /api/reports/data-quality ΓåÆ 200
  -  550 [e2e-chromium] ΓÇ║ tests\e2e\reports.spec.mjs:239:3 ΓÇ║ Reports API ΓÇ║ GET /api/reports/data-quality?date_from=&date_to= ΓåÆ with date range
  -  551 [e2e-chromium] ΓÇ║ tests\e2e\reports.spec.mjs:244:3 ΓÇ║ Reports API ΓÇ║ data-quality α╣äα╕íα╣êα╕íα╕╡ token ΓåÆ 401
  -  552 [e2e-chromium] ΓÇ║ tests\e2e\reports.spec.mjs:252:3 ΓÇ║ Reports API ΓÇ║ GET /api/reports/vehicle-timeline/:carId ΓåÆ 200 α╕½α╕úα╕╖α╕¡ 404
  -  553 [e2e-chromium] ΓÇ║ tests\e2e\reports.spec.mjs:260:3 ΓÇ║ Reports API ΓÇ║ GET /api/reports/vehicle-timeline/:carId?type=fuel ΓåÆ filter type
  -  554 [e2e-chromium] ΓÇ║ tests\e2e\reports.spec.mjs:265:3 ΓÇ║ Reports API ΓÇ║ GET /api/reports/vehicle-timeline/:carId?date_from=&date_to= ΓåÆ filter dates
  -  555 [e2e-chromium] ΓÇ║ tests\e2e\reports.spec.mjs:270:3 ΓÇ║ Reports API ΓÇ║ vehicle-timeline α╣äα╕íα╣êα╕íα╕╡ token ΓåÆ 401
  -  556 [e2e-chromium] ΓÇ║ tests\e2e\reports.spec.mjs:275:3 ΓÇ║ Reports API ΓÇ║ vehicle-timeline invalid car ΓåÆ 404
  -  557 [e2e-chromium] ΓÇ║ tests\e2e\reports.spec.mjs:283:3 ΓÇ║ Reports API ΓÇ║ GET /api/reports/vehicle-cost/:carId ΓåÆ 200 α╕½α╕úα╕╖α╕¡ 404
  -  558 [e2e-chromium] ΓÇ║ tests\e2e\reports.spec.mjs:288:3 ΓÇ║ Reports API ΓÇ║ GET /api/reports/vehicle-cost/:carId?date_from=&date_to= ΓåÆ with date
  -  559 [e2e-chromium] ΓÇ║ tests\e2e\reports.spec.mjs:296:3 ΓÇ║ Reports API ΓÇ║ GET /api/reports/driver-performance ΓåÆ 200
  -  560 [e2e-chromium] ΓÇ║ tests\e2e\reports.spec.mjs:304:3 ΓÇ║ Reports API ΓÇ║ GET /api/reports/driver-performance/:driverId ΓåÆ 200 α╕½α╕úα╕╖α╕¡ 404
  -  561 [e2e-chromium] ΓÇ║ tests\e2e\reports.spec.mjs:309:3 ΓÇ║ Reports API ΓÇ║ GET /api/reports/driver-scores?month=YYYY-MM ΓåÆ 200
  -  562 [e2e-chromium] ΓÇ║ tests\e2e\reports.spec.mjs:314:3 ΓÇ║ Reports API ΓÇ║ driver-performance α╣äα╕íα╣êα╕íα╕╡ token ΓåÆ 401
  Γ£ô  563 [e2e-chromium] ΓÇ║ tests\e2e\roles.spec.mjs:174:5 ΓÇ║ Admin ΓÇö α╕ùα╕╕α╕üα╕½α╕Öα╣ëα╕▓α╕òα╣ëα╕¡α╕çα╣Çα╕éα╣ëα╕▓α╕ûα╕╢α╕çα╣äα╕öα╣ë ΓÇ║ Admin α╣Çα╕éα╣ëα╕▓ /dashboard.html α╣äα╕öα╣ë (1.7s)
  Γ£ô  564 [e2e-chromium] ΓÇ║ tests\e2e\roles.spec.mjs:174:5 ΓÇ║ Admin ΓÇö α╕ùα╕╕α╕üα╕½α╕Öα╣ëα╕▓α╕òα╣ëα╕¡α╕çα╣Çα╕éα╣ëα╕▓α╕ûα╕╢α╕çα╣äα╕öα╣ë ΓÇ║ Admin α╣Çα╕éα╣ëα╕▓ /queue-manage.html α╣äα╕öα╣ë (1.3s)
  Γ£ô  565 [e2e-chromium] ΓÇ║ tests\e2e\roles.spec.mjs:174:5 ΓÇ║ Admin ΓÇö α╕ùα╕╕α╕üα╕½α╕Öα╣ëα╕▓α╕òα╣ëα╕¡α╕çα╣Çα╕éα╣ëα╕▓α╕ûα╕╢α╕çα╣äα╕öα╣ë ΓÇ║ Admin α╣Çα╕éα╣ëα╕▓ /vehicles.html α╣äα╕öα╣ë (1.4s)
  Γ£ô  566 [e2e-chromium] ΓÇ║ tests\e2e\roles.spec.mjs:174:5 ΓÇ║ Admin ΓÇö α╕ùα╕╕α╕üα╕½α╕Öα╣ëα╕▓α╕òα╣ëα╕¡α╕çα╣Çα╕éα╣ëα╕▓α╕ûα╕╢α╕çα╣äα╕öα╣ë ΓÇ║ Admin α╣Çα╕éα╣ëα╕▓ /drivers.html α╣äα╕öα╣ë (1.3s)
  Γ£ô  567 [e2e-chromium] ΓÇ║ tests\e2e\roles.spec.mjs:174:5 ΓÇ║ Admin ΓÇö α╕ùα╕╕α╕üα╕½α╕Öα╣ëα╕▓α╕òα╣ëα╕¡α╕çα╣Çα╕éα╣ëα╕▓α╕ûα╕╢α╕çα╣äα╕öα╣ë ΓÇ║ Admin α╣Çα╕éα╣ëα╕▓ /fuel-record.html α╣äα╕öα╣ë (1.3s)
  Γ£ô  568 [e2e-chromium] ΓÇ║ tests\e2e\roles.spec.mjs:174:5 ΓÇ║ Admin ΓÇö α╕ùα╕╕α╕üα╕½α╕Öα╣ëα╕▓α╕òα╣ëα╕¡α╕çα╣Çα╕éα╣ëα╕▓α╕ûα╕╢α╕çα╣äα╕öα╣ë ΓÇ║ Admin α╣Çα╕éα╣ëα╕▓ /fuel-ledger.html α╣äα╕öα╣ë (1.3s)
  Γ£ô  569 [e2e-chromium] ΓÇ║ tests\e2e\roles.spec.mjs:174:5 ΓÇ║ Admin ΓÇö α╕ùα╕╕α╕üα╕½α╕Öα╣ëα╕▓α╕òα╣ëα╕¡α╕çα╣Çα╕éα╣ëα╕▓α╕ûα╕╢α╕çα╣äα╕öα╣ë ΓÇ║ Admin α╣Çα╕éα╣ëα╕▓ /repair.html α╣äα╕öα╣ë (1.5s)
  Γ£ô  570 [e2e-chromium] ΓÇ║ tests\e2e\roles.spec.mjs:174:5 ΓÇ║ Admin ΓÇö α╕ùα╕╕α╕üα╕½α╕Öα╣ëα╕▓α╕òα╣ëα╕¡α╕çα╣Çα╕éα╣ëα╕▓α╕ûα╕╢α╕çα╣äα╕öα╣ë ΓÇ║ Admin α╣Çα╕éα╣ëα╕▓ /usage-log.html α╣äα╕öα╣ë (1.3s)
  Γ£ô  571 [e2e-chromium] ΓÇ║ tests\e2e\roles.spec.mjs:174:5 ΓÇ║ Admin ΓÇö α╕ùα╕╕α╕üα╕½α╕Öα╣ëα╕▓α╕òα╣ëα╕¡α╕çα╣Çα╕éα╣ëα╕▓α╕ûα╕╢α╕çα╣äα╕öα╣ë ΓÇ║ Admin α╣Çα╕éα╣ëα╕▓ /reports.html α╣äα╕öα╣ë (1.5s)
  Γ£ô  572 [e2e-chromium] ΓÇ║ tests\e2e\roles.spec.mjs:174:5 ΓÇ║ Admin ΓÇö α╕ùα╕╕α╕üα╕½α╕Öα╣ëα╕▓α╕òα╣ëα╕¡α╕çα╣Çα╕éα╣ëα╕▓α╕ûα╕╢α╕çα╣äα╕öα╣ë ΓÇ║ Admin α╣Çα╕éα╣ëα╕▓ /tax-insurance.html α╣äα╕öα╣ë (1.5s)
  Γ£ô  573 [e2e-chromium] ΓÇ║ tests\e2e\roles.spec.mjs:174:5 ΓÇ║ Admin ΓÇö α╕ùα╕╕α╕üα╕½α╕Öα╣ëα╕▓α╕òα╣ëα╕¡α╕çα╣Çα╕éα╣ëα╕▓α╕ûα╕╢α╕çα╣äα╕öα╣ë ΓÇ║ Admin α╣Çα╕éα╣ëα╕▓ /notifications.html α╣äα╕öα╣ë (1.3s)
  Γ£ô  574 [e2e-chromium] ΓÇ║ tests\e2e\roles.spec.mjs:174:5 ΓÇ║ Admin ΓÇö α╕ùα╕╕α╕üα╕½α╕Öα╣ëα╕▓α╕òα╣ëα╕¡α╕çα╣Çα╕éα╣ëα╕▓α╕ûα╕╢α╕çα╣äα╕öα╣ë ΓÇ║ Admin α╣Çα╕éα╣ëα╕▓ /user-management.html α╣äα╕öα╣ë (1.5s)
  Γ£ô  575 [e2e-chromium] ΓÇ║ tests\e2e\roles.spec.mjs:174:5 ΓÇ║ Admin ΓÇö α╕ùα╕╕α╕üα╕½α╕Öα╣ëα╕▓α╕òα╣ëα╕¡α╕çα╣Çα╕éα╣ëα╕▓α╕ûα╕╢α╕çα╣äα╕öα╣ë ΓÇ║ Admin α╣Çα╕éα╣ëα╕▓ /admin-settings.html α╣äα╕öα╣ë (1.7s)
  Γ£ô  576 [e2e-chromium] ΓÇ║ tests\e2e\roles.spec.mjs:174:5 ΓÇ║ Admin ΓÇö α╕ùα╕╕α╕üα╕½α╕Öα╣ëα╕▓α╕òα╣ëα╕¡α╕çα╣Çα╕éα╣ëα╕▓α╕ûα╕╢α╕çα╣äα╕öα╣ë ΓÇ║ Admin α╣Çα╕éα╣ëα╕▓ /audit-log.html α╣äα╕öα╣ë (1.7s)
  Γ£ô  577 [e2e-chromium] ΓÇ║ tests\e2e\roles.spec.mjs:174:5 ΓÇ║ Admin ΓÇö α╕ùα╕╕α╕üα╕½α╕Öα╣ëα╕▓α╕òα╣ëα╕¡α╕çα╣Çα╕éα╣ëα╕▓α╕ûα╕╢α╕çα╣äα╕öα╣ë ΓÇ║ Admin α╣Çα╕éα╣ëα╕▓ /backup-recovery.html α╣äα╕öα╣ë (1.5s)
  Γ£ô  578 [e2e-chromium] ΓÇ║ tests\e2e\roles.spec.mjs:174:5 ΓÇ║ Admin ΓÇö α╕ùα╕╕α╕üα╕½α╕Öα╣ëα╕▓α╕òα╣ëα╕¡α╕çα╣Çα╕éα╣ëα╕▓α╕ûα╕╢α╕çα╣äα╕öα╣ë ΓÇ║ Admin α╣Çα╕éα╣ëα╕▓ /profile.html α╣äα╕öα╣ë (1.3s)
  Γ£ô  579 [e2e-chromium] ΓÇ║ tests\e2e\roles.spec.mjs:174:5 ΓÇ║ Admin ΓÇö α╕ùα╕╕α╕üα╕½α╕Öα╣ëα╕▓α╕òα╣ëα╕¡α╕çα╣Çα╕éα╣ëα╕▓α╕ûα╕╢α╕çα╣äα╕öα╣ë ΓÇ║ Admin α╣Çα╕éα╣ëα╕▓ /incident.html α╣äα╕öα╣ë (1.4s)
  Γ£ô  580 [e2e-chromium] ΓÇ║ tests\e2e\roles.spec.mjs:174:5 ΓÇ║ Admin ΓÇö α╕ùα╕╕α╕üα╕½α╕Öα╣ëα╕▓α╕òα╣ëα╕¡α╕çα╣Çα╕éα╣ëα╕▓α╕ûα╕╢α╕çα╣äα╕öα╣ë ΓÇ║ Admin α╣Çα╕éα╣ëα╕▓ /vehicle-request.html α╣äα╕öα╣ë (1.5s)
  Γ£ô  581 [e2e-chromium] ΓÇ║ tests\e2e\roles.spec.mjs:174:5 ΓÇ║ Admin ΓÇö α╕ùα╕╕α╕üα╕½α╕Öα╣ëα╕▓α╕òα╣ëα╕¡α╕çα╣Çα╕éα╣ëα╕▓α╕ûα╕╢α╕çα╣äα╕öα╣ë ΓÇ║ Admin α╣Çα╕éα╣ëα╕▓ /executive-dashboard.html α╣äα╕öα╣ë (1.9s)
  Γ£ô  582 [e2e-chromium] ΓÇ║ tests\e2e\roles.spec.mjs:174:5 ΓÇ║ Admin ΓÇö α╕ùα╕╕α╕üα╕½α╕Öα╣ëα╕▓α╕òα╣ëα╕¡α╕çα╣Çα╕éα╣ëα╕▓α╕ûα╕╢α╕çα╣äα╕öα╣ë ΓÇ║ Admin α╣Çα╕éα╣ëα╕▓ /driver-performance.html α╣äα╕öα╣ë (1.5s)
  Γ£ô  583 [e2e-chromium] ΓÇ║ tests\e2e\roles.spec.mjs:201:3 ΓÇ║ Viewer ΓÇö α╕¬α╕┤α╕ùα╕ÿα╕┤α╣îα╕¡α╣êα╕▓α╕Öα╕¡α╕óα╣êα╕▓α╕çα╣Çα╕öα╕╡α╕óα╕º ΓÇ║ Viewer α╣Çα╕éα╣ëα╕▓ dashboard α╣äα╕öα╣ë (1.6s)
  Γ£ô  584 [e2e-chromium] ΓÇ║ tests\e2e\roles.spec.mjs:215:3 ΓÇ║ Viewer ΓÇö α╕¬α╕┤α╕ùα╕ÿα╕┤α╣îα╕¡α╣êα╕▓α╕Öα╕¡α╕óα╣êα╕▓α╕çα╣Çα╕öα╕╡α╕óα╕º ΓÇ║ Viewer α╣Çα╕éα╣ëα╕▓ reports α╣äα╕öα╣ë (1.5s)
  Γ£ô  585 [e2e-chromium] ΓÇ║ tests\e2e\roles.spec.mjs:229:3 ΓÇ║ Viewer ΓÇö α╕¬α╕┤α╕ùα╕ÿα╕┤α╣îα╕¡α╣êα╕▓α╕Öα╕¡α╕óα╣êα╕▓α╕çα╣Çα╕öα╕╡α╕óα╕º ΓÇ║ Viewer ΓÇö GET /api/reports/dashboard α╕¬α╕│α╣Çα╕úα╣çα╕ê (153ms)
  Γ£ô  586 [e2e-chromium] ΓÇ║ tests\e2e\roles.spec.mjs:235:3 ΓÇ║ Viewer ΓÇö α╕¬α╕┤α╕ùα╕ÿα╕┤α╣îα╕¡α╣êα╕▓α╕Öα╕¡α╕óα╣êα╕▓α╕çα╣Çα╕öα╕╡α╕óα╕º ΓÇ║ Viewer ΓÇö POST /api/vehicles α╕òα╣ëα╕¡α╕ç 403 (145ms)
  Γ£ô  587 [e2e-chromium] ΓÇ║ tests\e2e\roles.spec.mjs:249:3 ΓÇ║ Fuel Role ΓÇö α╕¬α╕┤α╕ùα╕ÿα╕┤α╣îα╕Öα╣ëα╕│α╕íα╕▒α╕Ö ΓÇ║ Fuel α╣Çα╕éα╣ëα╕▓ fuel-record α╣äα╕öα╣ë (1.3s)
  Γ£ô  588 [e2e-chromium] ΓÇ║ tests\e2e\roles.spec.mjs:263:3 ΓÇ║ Fuel Role ΓÇö α╕¬α╕┤α╕ùα╕ÿα╕┤α╣îα╕Öα╣ëα╕│α╕íα╕▒α╕Ö ΓÇ║ Fuel ΓÇö GET /api/fuel/log α╕¬α╕│α╣Çα╕úα╣çα╕ê (8ms)
  Γ£ô  589 [e2e-chromium] ΓÇ║ tests\e2e\roles.spec.mjs:269:3 ΓÇ║ Fuel Role ΓÇö α╕¬α╕┤α╕ùα╕ÿα╕┤α╣îα╕Öα╣ëα╕│α╕íα╕▒α╕Ö ΓÇ║ Fuel role ΓÇö GET /api/admin/users α╕òα╣ëα╕¡α╕ç 403 (4ms)
  Γ£ô  590 [e2e-chromium] ΓÇ║ tests\e2e\roles.spec.mjs:280:3 ΓÇ║ Repair Role ΓÇö α╕¬α╕┤α╕ùα╕ÿα╕┤α╣îα╕ïα╣êα╕¡α╕í ΓÇ║ Repair α╣Çα╕éα╣ëα╕▓ repair.html α╣äα╕öα╣ë (1.5s)
  Γ£ô  591 [e2e-chromium] ΓÇ║ tests\e2e\roles.spec.mjs:294:3 ΓÇ║ Repair Role ΓÇö α╕¬α╕┤α╕ùα╕ÿα╕┤α╣îα╕ïα╣êα╕¡α╕í ΓÇ║ Repair ΓÇö GET /api/repair/log α╕¬α╕│α╣Çα╕úα╣çα╕ê (8ms)
  Γ£ô  592 [e2e-chromium] ΓÇ║ tests\e2e\roles.spec.mjs:305:3 ΓÇ║ Vehicle Role ΓÇö α╕¬α╕┤α╕ùα╕ÿα╕┤α╣îα╕êα╕▒α╕öα╕äα╕┤α╕º ΓÇ║ Vehicle α╣Çα╕éα╣ëα╕▓ queue-manage α╣äα╕öα╣ë (1.3s)
  Γ£ô  593 [e2e-chromium] ΓÇ║ tests\e2e\roles.spec.mjs:319:3 ΓÇ║ Vehicle Role ΓÇö α╕¬α╕┤α╕ùα╕ÿα╕┤α╣îα╕êα╕▒α╕öα╕äα╕┤α╕º ΓÇ║ Vehicle ΓÇö GET /api/queue α╕¬α╕│α╣Çα╕úα╣çα╕ê (7ms)
  Γ£ô  594 [e2e-chromium] ΓÇ║ tests\e2e\roles.spec.mjs:338:5 ΓÇ║ Auth Guard ΓÇö α╕ùα╕╕α╕üα╕½α╕Öα╣ëα╕▓α╕òα╣ëα╕¡α╕ç redirect α╕ûα╣ëα╕▓α╣äα╕íα╣êα╕íα╕╡ token ΓÇ║ /dashboard.html ΓÇö redirect α╣äα╕¢ login α╕ûα╣ëα╕▓α╣äα╕íα╣ê login (1.0s)
  Γ£ô  595 [e2e-chromium] ΓÇ║ tests\e2e\roles.spec.mjs:338:5 ΓÇ║ Auth Guard ΓÇö α╕ùα╕╕α╕üα╕½α╕Öα╣ëα╕▓α╕òα╣ëα╕¡α╕ç redirect α╕ûα╣ëα╕▓α╣äα╕íα╣êα╕íα╕╡ token ΓÇ║ /queue-manage.html ΓÇö redirect α╣äα╕¢ login α╕ûα╣ëα╕▓α╣äα╕íα╣ê login (875ms)
  Γ£ô  596 [e2e-chromium] ΓÇ║ tests\e2e\roles.spec.mjs:338:5 ΓÇ║ Auth Guard ΓÇö α╕ùα╕╕α╕üα╕½α╕Öα╣ëα╕▓α╕òα╣ëα╕¡α╕ç redirect α╕ûα╣ëα╕▓α╣äα╕íα╣êα╕íα╕╡ token ΓÇ║ /vehicles.html ΓÇö redirect α╣äα╕¢ login α╕ûα╣ëα╕▓α╣äα╕íα╣ê login (1.0s)
  Γ£ô  597 [e2e-chromium] ΓÇ║ tests\e2e\roles.spec.mjs:338:5 ΓÇ║ Auth Guard ΓÇö α╕ùα╕╕α╕üα╕½α╕Öα╣ëα╕▓α╕òα╣ëα╕¡α╕ç redirect α╕ûα╣ëα╕▓α╣äα╕íα╣êα╕íα╕╡ token ΓÇ║ /drivers.html ΓÇö redirect α╣äα╕¢ login α╕ûα╣ëα╕▓α╣äα╕íα╣ê login (897ms)
  Γ£ô  598 [e2e-chromium] ΓÇ║ tests\e2e\roles.spec.mjs:338:5 ΓÇ║ Auth Guard ΓÇö α╕ùα╕╕α╕üα╕½α╕Öα╣ëα╕▓α╕òα╣ëα╕¡α╕ç redirect α╕ûα╣ëα╕▓α╣äα╕íα╣êα╕íα╕╡ token ΓÇ║ /fuel-record.html ΓÇö redirect α╣äα╕¢ login α╕ûα╣ëα╕▓α╣äα╕íα╣ê login (945ms)
  Γ£ô  599 [e2e-chromium] ΓÇ║ tests\e2e\roles.spec.mjs:338:5 ΓÇ║ Auth Guard ΓÇö α╕ùα╕╕α╕üα╕½α╕Öα╣ëα╕▓α╕òα╣ëα╕¡α╕ç redirect α╕ûα╣ëα╕▓α╣äα╕íα╣êα╕íα╕╡ token ΓÇ║ /repair.html ΓÇö redirect α╣äα╕¢ login α╕ûα╣ëα╕▓α╣äα╕íα╣ê login (1.0s)
  Γ£ô  600 [e2e-chromium] ΓÇ║ tests\e2e\roles.spec.mjs:338:5 ΓÇ║ Auth Guard ΓÇö α╕ùα╕╕α╕üα╕½α╕Öα╣ëα╕▓α╕òα╣ëα╕¡α╕ç redirect α╕ûα╣ëα╕▓α╣äα╕íα╣êα╕íα╕╡ token ΓÇ║ /reports.html ΓÇö redirect α╣äα╕¢ login α╕ûα╣ëα╕▓α╣äα╕íα╣ê login (1.1s)
  Γ£ô  601 [e2e-chromium] ΓÇ║ tests\e2e\roles.spec.mjs:338:5 ΓÇ║ Auth Guard ΓÇö α╕ùα╕╕α╕üα╕½α╕Öα╣ëα╕▓α╕òα╣ëα╕¡α╕ç redirect α╕ûα╣ëα╕▓α╣äα╕íα╣êα╕íα╕╡ token ΓÇ║ /user-management.html ΓÇö redirect α╣äα╕¢ login α╕ûα╣ëα╕▓α╣äα╕íα╣ê login (860ms)
  Γ£ô  602 [e2e-chromium] ΓÇ║ tests\e2e\roles.spec.mjs:338:5 ΓÇ║ Auth Guard ΓÇö α╕ùα╕╕α╕üα╕½α╕Öα╣ëα╕▓α╕òα╣ëα╕¡α╕ç redirect α╕ûα╣ëα╕▓α╣äα╕íα╣êα╕íα╕╡ token ΓÇ║ /audit-log.html ΓÇö redirect α╣äα╕¢ login α╕ûα╣ëα╕▓α╣äα╕íα╣ê login (1.0s)
  Γ£ô  603 [e2e-chromium] ΓÇ║ tests\e2e\roles.spec.mjs:338:5 ΓÇ║ Auth Guard ΓÇö α╕ùα╕╕α╕üα╕½α╕Öα╣ëα╕▓α╕òα╣ëα╕¡α╕ç redirect α╕ûα╣ëα╕▓α╣äα╕íα╣êα╕íα╕╡ token ΓÇ║ /backup-recovery.html ΓÇö redirect α╣äα╕¢ login α╕ûα╣ëα╕▓α╣äα╕íα╣ê login (1.1s)
  Γ£ô  604 [e2e-chromium] ΓÇ║ tests\e2e\roles.spec.mjs:338:5 ΓÇ║ Auth Guard ΓÇö α╕ùα╕╕α╕üα╕½α╕Öα╣ëα╕▓α╕òα╣ëα╕¡α╕ç redirect α╕ûα╣ëα╕▓α╣äα╕íα╣êα╕íα╕╡ token ΓÇ║ /profile.html ΓÇö redirect α╣äα╕¢ login α╕ûα╣ëα╕▓α╣äα╕íα╣ê login (936ms)
  Γ£ô  605 [e2e-chromium] ΓÇ║ tests\e2e\roles.spec.mjs:338:5 ΓÇ║ Auth Guard ΓÇö α╕ùα╕╕α╕üα╕½α╕Öα╣ëα╕▓α╕òα╣ëα╕¡α╕ç redirect α╕ûα╣ëα╕▓α╣äα╕íα╣êα╕íα╕╡ token ΓÇ║ /notifications.html ΓÇö redirect α╣äα╕¢ login α╕ûα╣ëα╕▓α╣äα╕íα╣ê login (912ms)
  Γ£ô  606 [e2e-chromium] ΓÇ║ tests\e2e\roles.spec.mjs:338:5 ΓÇ║ Auth Guard ΓÇö α╕ùα╕╕α╕üα╕½α╕Öα╣ëα╕▓α╕òα╣ëα╕¡α╕ç redirect α╕ûα╣ëα╕▓α╣äα╕íα╣êα╕íα╕╡ token ΓÇ║ /admin-settings.html ΓÇö redirect α╣äα╕¢ login α╕ûα╣ëα╕▓α╣äα╕íα╣ê login (1.0s)
  Γ£ô  607 [e2e-chromium] ΓÇ║ tests\e2e\roles.spec.mjs:338:5 ΓÇ║ Auth Guard ΓÇö α╕ùα╕╕α╕üα╕½α╕Öα╣ëα╕▓α╕òα╣ëα╕¡α╕ç redirect α╕ûα╣ëα╕▓α╣äα╕íα╣êα╕íα╕╡ token ΓÇ║ /incident.html ΓÇö redirect α╣äα╕¢ login α╕ûα╣ëα╕▓α╣äα╕íα╣ê login (1.1s)
  Γ£ô  608 [e2e-chromium] ΓÇ║ tests\e2e\roles.spec.mjs:338:5 ΓÇ║ Auth Guard ΓÇö α╕ùα╕╕α╕üα╕½α╕Öα╣ëα╕▓α╕òα╣ëα╕¡α╕ç redirect α╕ûα╣ëα╕▓α╣äα╕íα╣êα╕íα╕╡ token ΓÇ║ /vehicle-request.html ΓÇö redirect α╣äα╕¢ login α╕ûα╣ëα╕▓α╣äα╕íα╣ê login (1.1s)
  Γ£ô  609 [e2e-chromium] ΓÇ║ tests\e2e\roles.spec.mjs:358:5 ΓÇ║ Public Pages ΓÇö α╣Çα╕éα╣ëα╕▓α╣äα╕öα╣ëα╣éα╕öα╕óα╣äα╕íα╣ê login ΓÇ║ /register.html ΓÇö α╣éα╕½α╕Ñα╕öα╣äα╕öα╣ëα╣éα╕öα╕óα╣äα╕íα╣ê login (1.4s)
  Γ£ô  610 [e2e-chromium] ΓÇ║ tests\e2e\roles.spec.mjs:358:5 ΓÇ║ Public Pages ΓÇö α╣Çα╕éα╣ëα╕▓α╣äα╕öα╣ëα╣éα╕öα╕óα╣äα╕íα╣ê login ΓÇ║ /forgot-password.html ΓÇö α╣éα╕½α╕Ñα╕öα╣äα╕öα╣ëα╣éα╕öα╕óα╣äα╕íα╣ê login (1.3s)
  Γ£ô  611 [e2e-chromium] ΓÇ║ tests\e2e\roles.spec.mjs:358:5 ΓÇ║ Public Pages ΓÇö α╣Çα╕éα╣ëα╕▓α╣äα╕öα╣ëα╣éα╕öα╕óα╣äα╕íα╣ê login ΓÇ║ /qr-usage-record.html ΓÇö α╣éα╕½α╕Ñα╕öα╣äα╕öα╣ëα╣éα╕öα╕óα╣äα╕íα╣ê login (1.4s)
  Γ£ô  612 [e2e-chromium] ΓÇ║ tests\e2e\roles.spec.mjs:358:5 ΓÇ║ Public Pages ΓÇö α╣Çα╕éα╣ëα╕▓α╣äα╕öα╣ëα╣éα╕öα╕óα╣äα╕íα╣ê login ΓÇ║ /qr-fuel-record.html ΓÇö α╣éα╕½α╕Ñα╕öα╣äα╕öα╣ëα╣éα╕öα╕óα╣äα╕íα╣ê login (1.3s)
  Γ£ô  613 [e2e-chromium] ΓÇ║ tests\e2e\roles.spec.mjs:358:5 ΓÇ║ Public Pages ΓÇö α╣Çα╕éα╣ëα╕▓α╣äα╕öα╣ëα╣éα╕öα╕óα╣äα╕íα╣ê login ΓÇ║ /qr-daily-check.html ΓÇö α╣éα╕½α╕Ñα╕öα╣äα╕öα╣ëα╣éα╕öα╕óα╣äα╕íα╣ê login (1.3s)
  Γ£ô  614 [e2e-chromium] ΓÇ║ tests\e2e\roles.spec.mjs:358:5 ΓÇ║ Public Pages ΓÇö α╣Çα╕éα╣ëα╕▓α╣äα╕öα╣ëα╣éα╕öα╕óα╣äα╕íα╣ê login ΓÇ║ /qr-survey.html ΓÇö α╣éα╕½α╕Ñα╕öα╣äα╕öα╣ëα╣éα╕öα╕óα╣äα╕íα╣ê login (1.4s)
  Γ£ô  615 [e2e-chromium] ΓÇ║ tests\e2e\roles.spec.mjs:358:5 ΓÇ║ Public Pages ΓÇö α╣Çα╕éα╣ëα╕▓α╣äα╕öα╣ëα╣éα╕öα╕óα╣äα╕íα╣ê login ΓÇ║ /user-guide.html ΓÇö α╣éα╕½α╕Ñα╕öα╣äα╕öα╣ëα╣éα╕öα╕óα╣äα╕íα╣ê login (1.4s)
  Γ£ô  616 [e2e-chromium] ΓÇ║ tests\e2e\roles.spec.mjs:358:5 ΓÇ║ Public Pages ΓÇö α╣Çα╕éα╣ëα╕▓α╣äα╕öα╣ëα╣éα╕öα╕óα╣äα╕íα╣ê login ΓÇ║ /pdpa-policy.html ΓÇö α╣éα╕½α╕Ñα╕öα╣äα╕öα╣ëα╣éα╕öα╕óα╣äα╕íα╣ê login (1.3s)
  Γ£ô  617 [e2e-chromium] ΓÇ║ tests\e2e\roles.spec.mjs:358:5 ΓÇ║ Public Pages ΓÇö α╣Çα╕éα╣ëα╕▓α╣äα╕öα╣ëα╣éα╕öα╕óα╣äα╕íα╣ê login ΓÇ║ /about.html ΓÇö α╣éα╕½α╕Ñα╕öα╣äα╕öα╣ëα╣éα╕öα╕óα╣äα╕íα╣ê login (1.5s)
  Γ£ô  618 [e2e-chromium] ΓÇ║ tests\e2e\roles.spec.mjs:358:5 ΓÇ║ Public Pages ΓÇö α╣Çα╕éα╣ëα╕▓α╣äα╕öα╣ëα╣éα╕öα╕óα╣äα╕íα╣ê login ΓÇ║ /glossary.html ΓÇö α╣éα╕½α╕Ñα╕öα╣äα╕öα╣ëα╣éα╕öα╕óα╣äα╕íα╣ê login (1.5s)
  Γ£ô  619 [e2e-chromium] ΓÇ║ tests\e2e\tax-insurance.spec.mjs:63:3 ΓÇ║ Tax & Insurance API ΓÇ║ Bootstrap: login (3.3s)
  Γ£ô  620 [e2e-chromium] ΓÇ║ tests\e2e\tax-insurance.spec.mjs:78:3 ΓÇ║ Tax & Insurance API ΓÇ║ Bootstrap: α╕¬α╕úα╣ëα╕▓α╕ç test vehicle (15ms)
  Γ£ô  621 [e2e-chromium] ΓÇ║ tests\e2e\tax-insurance.spec.mjs:92:3 ΓÇ║ Tax & Insurance API ΓÇ║ GET /api/tax-insurance/tax ΓåÆ list (α╕¡α╕▓α╕êα╕ºα╣êα╕▓α╕ç) (10ms)
  Γ£ô  622 [e2e-chromium] ΓÇ║ tests\e2e\tax-insurance.spec.mjs:98:3 ΓÇ║ Tax & Insurance API ΓÇ║ POST /api/tax-insurance/tax ΓåÆ α╕¬α╕úα╣ëα╕▓α╕ç tax record (14ms)
  Γ£ô  623 [e2e-chromium] ΓÇ║ tests\e2e\tax-insurance.spec.mjs:110:3 ΓÇ║ Tax & Insurance API ΓÇ║ GET /api/tax-insurance/tax ΓÇö α╕íα╕╡ tax record α╕ùα╕╡α╣êα╕¬α╕úα╣ëα╕▓α╕ç (8ms)
  Γ£ô  624 [e2e-chromium] ΓÇ║ tests\e2e\tax-insurance.spec.mjs:118:3 ΓÇ║ Tax & Insurance API ΓÇ║ PUT /api/tax-insurance/tax/:id ΓåÆ α╣üα╕üα╣ëα╣äα╕é amount (7ms)
  Γ£ô  625 [e2e-chromium] ΓÇ║ tests\e2e\tax-insurance.spec.mjs:128:3 ΓÇ║ Tax & Insurance API ΓÇ║ GET /api/tax-insurance/tax/:id ΓåÆ α╕öα╕╣ tax record (5ms)
  Γ£ô  626 [e2e-chromium] ΓÇ║ tests\e2e\tax-insurance.spec.mjs:136:3 ΓÇ║ Tax & Insurance API ΓÇ║ POST /api/tax-insurance/tax α╣äα╕íα╣êα╕íα╕╡ car_id ΓåÆ 400 (7ms)
  Γ£ô  627 [e2e-chromium] ΓÇ║ tests\e2e\tax-insurance.spec.mjs:147:3 ΓÇ║ Tax & Insurance API ΓÇ║ GET /api/tax-insurance/insurance ΓåÆ list (9ms)
[2m[WebServer] [22m[31mX [41;31m[[41;97mERROR[41;31m][0m [1mAPI Error: 
Error: D1_ERROR: CHECK constraint failed: insurance_type IN 
('compulsory','voluntary','other'): SQLITE_CONSTRAINT (extended: 
SQLITE_CONSTRAINT_CHECK)[0m
[2m[WebServer] [22m
[2m[WebServer] [22m      at D1DatabaseSessionAlwaysPrimary._sendOrThrow 
(cloudflare-internal:d1-api:139:19)
[2m[WebServer] [22m      at null.<anonymous> (async 
cloudflare-internal:d1-api:353:41)
[2m[WebServer] [22m  [90m    ... 7 lines matching cause stack trace ...[39m
[2m[WebServer] [22m      at async drainBody (file:///D:/AI%20CURSER/ppk-drive
hub/.wrangler/tmp/pages-iBwYRu/functionsWorker-0.11902726787797491.mjs/file:/C:
/Users/krumu/AppData/Local/npm-cache/_npx/32026684e21afda6/node_modules/wrangle
r/templates/middleware/middleware-ensure-req-body-drained.ts:5:10) {
[2m[WebServer] [22m    [cause]: Error: CHECK constraint failed: 
insurance_type IN ('compulsory','voluntary','other'): SQLITE_CONSTRAINT 
(extended: SQLITE_CONSTRAINT_CHECK)
[2m[WebServer] [22m        at D1DatabaseSessionAlwaysPrimary._sendOrThrow 
(cloudflare-internal:d1-api:140:24)
[2m[WebServer] [22m        at null.<anonymous> (async 
cloudflare-internal:d1-api:353:41)
[2m[WebServer] [22m        at async dbRun 
(file:///D:/AI%20CURSER/ppk-drivehub/.wrangler/functions/_helpers.js:79:10)
[2m[WebServer] [22m        at async onRequest (file:///D:/AI%20CURSER/ppk-dri
vehub/.wrangler/functions/api/tax-insurance/%255B%255Bpath%255D%255D.js:122:5)
[2m[WebServer] [22m        at async next (file:///D:/AI%20CURSER/ppk-drivehub
/.wrangler/tmp/pages-iBwYRu/functionsWorker-0.11902726787797491.mjs/file:/C:/Us
ers/krumu/AppData/Local/npm-cache/_npx/32026684e21afda6/node_modules/wrangler/t
emplates/pages-template-worker.ts:161:22)
[2m[WebServer] [22m        at async onRequest 
(file:///D:/AI%20CURSER/ppk-drivehub/.wrangler/functions/_middleware.js:131:22)
[2m[WebServer] [22m        at async next (file:///D:/AI%20CURSER/ppk-drivehub
/.wrangler/tmp/pages-iBwYRu/functionsWorker-0.11902726787797491.mjs/file:/C:/Us
ers/krumu/AppData/Local/npm-cache/_npx/32026684e21afda6/node_modules/wrangler/t
emplates/pages-template-worker.ts:161:22)
[2m[WebServer] [22m        at async Object.fetch (file:///D:/AI%20CURSER/ppk-
drivehub/.wrangler/tmp/pages-iBwYRu/functionsWorker-0.11902726787797491.mjs/fil
e:/C:/Users/krumu/AppData/Local/npm-cache/_npx/32026684e21afda6/node_modules/wr
angler/templates/pages-template-worker.ts:180:11)
[2m[WebServer] [22m        at async jsonError (file:///D:/AI%20CURSER/ppk-dri
vehub/.wrangler/tmp/pages-iBwYRu/functionsWorker-0.11902726787797491.mjs/file:/
C:/Users/krumu/AppData/Local/npm-cache/_npx/32026684e21afda6/node_modules/wrang
ler/templates/middleware/middleware-miniflare3-json-error.ts:22:10)
[2m[WebServer] [22m        at async drainBody (file:///D:/AI%20CURSER/ppk-dri
vehub/.wrangler/tmp/pages-iBwYRu/functionsWorker-0.11902726787797491.mjs/file:/
C:/Users/krumu/AppData/Local/npm-cache/_npx/32026684e21afda6/node_modules/wrang
ler/templates/middleware/middleware-ensure-req-body-drained.ts:5:10)
[2m[WebServer] [22m  }
[2m[WebServer] [22m
[2m[WebServer] [22m
  Γ£ÿ  628 [e2e-chromium] ΓÇ║ tests\e2e\tax-insurance.spec.mjs:153:3 ΓÇ║ Tax & Insurance API ΓÇ║ POST /api/tax-insurance/insurance ΓåÆ α╕¬α╕úα╣ëα╕▓α╕ç insurance record (9ms)
  -  629 [e2e-chromium] ΓÇ║ tests\e2e\tax-insurance.spec.mjs:167:3 ΓÇ║ Tax & Insurance API ΓÇ║ GET /api/tax-insurance/insurance ΓÇö α╕íα╕╡ record α╕ùα╕╡α╣êα╕¬α╕úα╣ëα╕▓α╕ç
  -  630 [e2e-chromium] ΓÇ║ tests\e2e\tax-insurance.spec.mjs:175:3 ΓÇ║ Tax & Insurance API ΓÇ║ PUT /api/tax-insurance/insurance/:id ΓåÆ α╣üα╕üα╣ëα╣äα╕é
  -  631 [e2e-chromium] ΓÇ║ tests\e2e\tax-insurance.spec.mjs:187:3 ΓÇ║ Tax & Insurance API ΓÇ║ POST /api/tax-insurance/insurance α╣äα╕íα╣êα╕íα╕╡ car_id ΓåÆ 400
  -  632 [e2e-chromium] ΓÇ║ tests\e2e\tax-insurance.spec.mjs:198:3 ΓÇ║ Tax & Insurance API ΓÇ║ GET /api/tax-insurance/inspections ΓåÆ list
  -  633 [e2e-chromium] ΓÇ║ tests\e2e\tax-insurance.spec.mjs:206:3 ΓÇ║ Tax & Insurance API ΓÇ║ POST /api/tax-insurance/inspections ΓåÆ α╕¬α╕úα╣ëα╕▓α╕ç inspection
  -  634 [e2e-chromium] ΓÇ║ tests\e2e\tax-insurance.spec.mjs:219:3 ΓÇ║ Tax & Insurance API ΓÇ║ GET /api/tax-insurance/inspections (by car_id) ΓåÆ filter
  -  635 [e2e-chromium] ΓÇ║ tests\e2e\tax-insurance.spec.mjs:224:3 ΓÇ║ Tax & Insurance API ΓÇ║ PUT /api/tax-insurance/inspections/:id ΓåÆ update α╕ûα╣ëα╕▓ created
  -  636 [e2e-chromium] ΓÇ║ tests\e2e\tax-insurance.spec.mjs:235:3 ΓÇ║ Tax & Insurance API ΓÇ║ DELETE /api/tax-insurance/inspections/:id ΓåÆ α╕Ñα╕Ü
  -  637 [e2e-chromium] ΓÇ║ tests\e2e\tax-insurance.spec.mjs:244:3 ΓÇ║ Tax & Insurance API ΓÇ║ GET /api/tax-insurance/expiring?days=30 ΓåÆ α╣äα╕íα╣ê crash
  -  638 [e2e-chromium] ΓÇ║ tests\e2e\tax-insurance.spec.mjs:252:3 ΓÇ║ Tax & Insurance API ΓÇ║ POST tax record α╕½α╕íα╕öα╕¡α╕▓α╕óα╕╕α╣âα╕Ö 15 α╕ºα╕▒α╕Ö ΓåÆ notification α╕äα╕ºα╕úα╕¬α╕úα╣ëα╕▓α╕ç
  -  639 [e2e-chromium] ΓÇ║ tests\e2e\tax-insurance.spec.mjs:268:3 ΓÇ║ Tax & Insurance API ΓÇ║ GET /api/tax-insurance/tax α╣äα╕íα╣êα╕íα╕╡ token ΓåÆ 401
  -  640 [e2e-chromium] ΓÇ║ tests\e2e\tax-insurance.spec.mjs:273:3 ΓÇ║ Tax & Insurance API ΓÇ║ POST /api/tax-insurance/insurance α╣äα╕íα╣êα╕íα╕╡ token ΓåÆ 401
  -  641 [e2e-chromium] ΓÇ║ tests\e2e\tax-insurance.spec.mjs:281:3 ΓÇ║ Tax & Insurance API ΓÇ║ DELETE /api/tax-insurance/tax/:id ΓåÆ α╕Ñα╕Üα╣äα╕öα╣ë
  -  642 [e2e-chromium] ΓÇ║ tests\e2e\tax-insurance.spec.mjs:286:3 ΓÇ║ Tax & Insurance API ΓÇ║ DELETE /api/tax-insurance/insurance/:id ΓåÆ α╕Ñα╕Üα╣äα╕öα╣ë
  Γ£ô  643 [e2e-chromium] ΓÇ║ tests\e2e\ui-cross-browser.spec.mjs:50:3 ΓÇ║ E1: CSS Custom Properties ΓÇ║ --primary-color CSS variable resolve α╣äα╕öα╣ë (5.1s)
  Γ£ô  644 [e2e-chromium] ΓÇ║ tests\e2e\ui-cross-browser.spec.mjs:63:3 ΓÇ║ E1: CSS Custom Properties ΓÇ║ common.css α╣éα╕½α╕Ñα╕öα╣äα╕öα╣ë (status 200) (165ms)
  Γ£ô  645 [e2e-chromium] ΓÇ║ tests\e2e\ui-cross-browser.spec.mjs:70:3 ΓÇ║ E1: CSS Custom Properties ΓÇ║ login.html CSS render ΓÇö background Γëá transparent (1.4s)
  Γ£ô  646 [e2e-chromium] ΓÇ║ tests\e2e\ui-cross-browser.spec.mjs:78:3 ΓÇ║ E1: CSS Custom Properties ΓÇ║ CSS Grid α╕ùα╕│α╕çα╕▓α╕Öα╕Üα╕Ö dashboard (1.4s)
  Γ£ô  647 [e2e-chromium] ΓÇ║ tests\e2e\ui-cross-browser.spec.mjs:86:3 ΓÇ║ E1: CSS Custom Properties ΓÇ║ CSS clamp() α╕úα╕¡α╕çα╕úα╕▒α╕Üα╣äα╕öα╣ë (1.4s)
  Γ£ô  648 [e2e-chromium] ΓÇ║ tests\e2e\ui-cross-browser.spec.mjs:98:3 ΓÇ║ E2: JavaScript APIs ΓÇ║ fetch API α╕íα╕╡α╣âα╕Öα╕ùα╕╕α╕ü browser (915ms)
  Γ£ô  649 [e2e-chromium] ΓÇ║ tests\e2e\ui-cross-browser.spec.mjs:104:3 ΓÇ║ E2: JavaScript APIs ΓÇ║ localStorage API α╕íα╕╡α╣âα╕Ö browser (912ms)
  Γ£ô  650 [e2e-chromium] ΓÇ║ tests\e2e\ui-cross-browser.spec.mjs:116:3 ΓÇ║ E2: JavaScript APIs ΓÇ║ URL API α╕úα╕¡α╕çα╕úα╕▒α╕Ü URLSearchParams (924ms)
  Γ£ô  651 [e2e-chromium] ΓÇ║ tests\e2e\ui-cross-browser.spec.mjs:127:3 ΓÇ║ E2: JavaScript APIs ΓÇ║ Intl.DateTimeFormat th-TH α╕úα╕¡α╕çα╕úα╕▒α╕Ü (932ms)
  Γ£ô  652 [e2e-chromium] ΓÇ║ tests\e2e\ui-cross-browser.spec.mjs:138:3 ΓÇ║ E2: JavaScript APIs ΓÇ║ Promise API α╕úα╕¡α╕çα╕úα╕▒α╕Ü (958ms)
  Γ£ô  653 [e2e-chromium] ΓÇ║ tests\e2e\ui-cross-browser.spec.mjs:144:3 ΓÇ║ E2: JavaScript APIs ΓÇ║ async/await α╕ùα╕│α╕çα╕▓α╕Öα╣äα╕öα╣ë (930ms)
  Γ£ô  654 [e2e-chromium] ΓÇ║ tests\e2e\ui-cross-browser.spec.mjs:158:3 ΓÇ║ E3: Form Input Types ΓÇ║ <input type="date"> render α╣äα╕öα╣ë (950ms)
  Γ£ô  655 [e2e-chromium] ΓÇ║ tests\e2e\ui-cross-browser.spec.mjs:172:3 ΓÇ║ E3: Form Input Types ΓÇ║ <select> render α╣äα╕öα╣ë (978ms)
  Γ£ô  656 [e2e-chromium] ΓÇ║ tests\e2e\ui-cross-browser.spec.mjs:190:3 ΓÇ║ E3: Form Input Types ΓÇ║ <textarea> resize α╣äα╕öα╣ë (909ms)
  Γ£ô  657 [e2e-chromium] ΓÇ║ tests\e2e\ui-cross-browser.spec.mjs:204:3 ΓÇ║ E3: Form Input Types ΓÇ║ range input α╕úα╕¡α╕çα╕úα╕▒α╕Ü (899ms)
  Γ£ô  658 [e2e-chromium] ΓÇ║ tests\e2e\ui-cross-browser.spec.mjs:219:3 ΓÇ║ E4: API Cross-Browser ΓÇ║ fetch /api/setup α╣äα╕öα╣ëα╕£α╕Ñα╕Ñα╕▒α╕₧α╕ÿα╣î (not CORS block) (902ms)
  Γ£ô  659 [e2e-chromium] ΓÇ║ tests\e2e\ui-cross-browser.spec.mjs:233:3 ΓÇ║ E4: API Cross-Browser ΓÇ║ fetch /api/auth/login ΓåÆ JSON response (2.5s)
  Γ£ô  660 [e2e-chromium] ΓÇ║ tests\e2e\ui-cross-browser.spec.mjs:254:3 ΓÇ║ E4: API Cross-Browser ΓÇ║ no mixed content errors (HTTPS only) (1.5s)
  Γ£ô  661 [e2e-chromium] ΓÇ║ tests\e2e\ui-cross-browser.spec.mjs:274:3 ΓÇ║ E5: Font & Icon Loading ΓÇ║ icon font α╕½α╕úα╕╖α╕¡ SVG icons α╣éα╕½α╕Ñα╕öα╣äα╕öα╣ë (1.6s)
  Γ£ô  662 [e2e-chromium] ΓÇ║ tests\e2e\ui-cross-browser.spec.mjs:284:3 ΓÇ║ E5: Font & Icon Loading ΓÇ║ login page render α╣äα╕öα╣ëα╣âα╕Öα╕ùα╕╕α╕ü browser α╣äα╕íα╣êα╕íα╕╡ JS error (1.4s)
  Γ£ô  663 [e2e-chromium] ΓÇ║ tests\e2e\ui-mobile-flows.spec.mjs:52:3 ΓÇ║ C1: Login Flow ΓÇö Mobile ΓÇ║ login page α╣éα╕½α╕Ñα╕ö ΓÇö form α╕¡α╕óα╕╣α╣êα╕òα╕úα╕çα╕üα╕Ñα╕▓α╕ç (1.4s)
  Γ£ô  664 [e2e-chromium] ΓÇ║ tests\e2e\ui-mobile-flows.spec.mjs:66:3 ΓÇ║ C1: Login Flow ΓÇö Mobile ΓÇ║ email input α╕íα╕╡ type=email (mobile keyboard α╕éα╕╢α╣ëα╕Öα╕ûα╕╣α╕ü) (1.4s)
  Γ£ô  665 [e2e-chromium] ΓÇ║ tests\e2e\ui-mobile-flows.spec.mjs:77:3 ΓÇ║ C1: Login Flow ΓÇö Mobile ΓÇ║ password input α╕íα╕╡ type=password (α╕¢α╕üα╕¢α╕┤α╕öα╕úα╕½α╕▒α╕¬) (1.4s)
  Γ£ô  666 [e2e-chromium] ΓÇ║ tests\e2e\ui-mobile-flows.spec.mjs:85:3 ΓÇ║ C1: Login Flow ΓÇö Mobile ΓÇ║ α╕üα╕úα╕¡α╕ü username+password ΓåÆ submit α╣äα╕öα╣ë (API response) (3.2s)
  Γ£ô  667 [e2e-chromium] ΓÇ║ tests\e2e\ui-mobile-flows.spec.mjs:105:3 ΓÇ║ C2: QR Pages ΓÇö Mobile Access ΓÇ║ qr-scan.html α╣éα╕½α╕Ñα╕öα╣äα╕öα╣ëα╣éα╕öα╕óα╣äα╕íα╣êα╕òα╣ëα╕¡α╕ç login (1.3s)
  Γ£ô  668 [e2e-chromium] ΓÇ║ tests\e2e\ui-mobile-flows.spec.mjs:113:3 ΓÇ║ C2: QR Pages ΓÇö Mobile Access ΓÇ║ qr-daily-check.html α╣éα╕½α╕Ñα╕öα╣äα╕öα╣ë (1.3s)
  Γ£ô  669 [e2e-chromium] ΓÇ║ tests\e2e\ui-mobile-flows.spec.mjs:120:3 ΓÇ║ C2: QR Pages ΓÇö Mobile Access ΓÇ║ qr-fuel-record.html α╣éα╕½α╕Ñα╕öα╣äα╕öα╣ë (1.3s)
  Γ£ô  670 [e2e-chromium] ΓÇ║ tests\e2e\ui-mobile-flows.spec.mjs:127:3 ΓÇ║ C2: QR Pages ΓÇö Mobile Access ΓÇ║ qr-usage-record.html α╣éα╕½α╕Ñα╕öα╣äα╕öα╣ë (1.3s)
  Γ£ô  671 [e2e-chromium] ΓÇ║ tests\e2e\ui-mobile-flows.spec.mjs:134:3 ΓÇ║ C2: QR Pages ΓÇö Mobile Access ΓÇ║ qr-survey.html α╣éα╕½α╕Ñα╕öα╣äα╕öα╣ë (1.4s)
  Γ£ô  672 [e2e-chromium] ΓÇ║ tests\e2e\ui-mobile-flows.spec.mjs:146:3 ΓÇ║ C3: Queue Manage ΓÇö Mobile UI ΓÇ║ queue-manage.html α╣éα╕½α╕Ñα╕öα╣äα╕öα╣ëα╕Üα╕Ö mobile (4.8s)
  Γ£ô  673 [e2e-chromium] ΓÇ║ tests\e2e\ui-mobile-flows.spec.mjs:156:3 ΓÇ║ C3: Queue Manage ΓÇö Mobile UI ΓÇ║ queue-manage: α╕¢α╕╕α╣êα╕í "α╣Çα╕₧α╕┤α╣êα╕íα╕äα╕┤α╕º/α╕êα╕¡α╕çα╕äα╕┤α╕º" α╕íα╕¡α╕çα╣Çα╕½α╣çα╕Öα╕Üα╕Ö mobile (1.3s)
  Γ£ô  674 [e2e-chromium] ΓÇ║ tests\e2e\ui-mobile-flows.spec.mjs:170:3 ΓÇ║ C3: Queue Manage ΓÇö Mobile UI ΓÇ║ queue-manage: modal α╣Çα╕¢α╕┤α╕öα╣äα╕öα╣ëα╕Üα╕Ö mobile (1.9s)
  Γ£ô  675 [e2e-chromium] ΓÇ║ tests\e2e\ui-mobile-flows.spec.mjs:191:3 ΓÇ║ C4: Notifications ΓÇö Mobile ΓÇ║ notifications.html α╣éα╕½α╕Ñα╕öα╣äα╕öα╣ëα╕Üα╕Ö mobile (1.3s)
  Γ£ô  676 [e2e-chromium] ΓÇ║ tests\e2e\ui-mobile-flows.spec.mjs:199:3 ΓÇ║ C4: Notifications ΓÇö Mobile ΓÇ║ notifications: list α╣üα╕¬α╕öα╕çα╣Çα╕¢α╣çα╕Ö column (1.8s)
  Γ£ô  677 [e2e-chromium] ΓÇ║ tests\e2e\ui-mobile-flows.spec.mjs:215:3 ΓÇ║ C5: Reports ΓÇö Mobile View ΓÇ║ reports.html α╣éα╕½α╕Ñα╕öα╣äα╕öα╣ëα╕Üα╕Ö mobile (1.5s)
  Γ£ÿ  678 [e2e-chromium] ΓÇ║ tests\e2e\ui-mobile-flows.spec.mjs:223:3 ΓÇ║ C5: Reports ΓÇö Mobile View ΓÇ║ executive-dashboard.html α╣éα╕½α╕Ñα╕öα╣äα╕öα╣ëα╕Üα╕Ö mobile (1.6s)
  Γ£ô  679 [e2e-chromium] ΓÇ║ tests\e2e\ui-mobile-flows.spec.mjs:236:3 ΓÇ║ C6: Dashboard ΓÇö Mobile Navigation ΓÇ║ dashboard α╣éα╕½α╕Ñα╕öα╕¬α╕│α╣Çα╕úα╣çα╕ê + sidebar toggle α╕ùα╕│α╕çα╕▓α╕Ö (5.3s)
  Γ£ô  680 [e2e-chromium] ΓÇ║ tests\e2e\ui-mobile-flows.spec.mjs:254:3 ΓÇ║ C6: Dashboard ΓÇö Mobile Navigation ΓÇ║ dashboard: stat cards α╣äα╕íα╣ê overflow α╕Üα╕Ö 390px (2.2s)
  Γ£ô  681 [e2e-chromium] ΓÇ║ tests\e2e\ui-mobile-flows.spec.mjs:263:3 ΓÇ║ C6: Dashboard ΓÇö Mobile Navigation ΓÇ║ vehicles.html: α╣Çα╕¢α╕┤α╕öα╣äα╕öα╣ëα╕Üα╕Ö mobile (1.4s)
  Γ£ô  682 [e2e-chromium] ΓÇ║ tests\e2e\ui-navigation.spec.mjs:55:3 ΓÇ║ Sidebar ΓÇö Desktop (>900px) ΓÇ║ desktop: sidebar α╕íα╕¡α╕çα╣Çα╕½α╣çα╕Ö, hamburger α╕ïα╣êα╕¡α╕Ö (5.0s)
  Γ£ô  683 [e2e-chromium] ΓÇ║ tests\e2e\ui-navigation.spec.mjs:69:3 ΓÇ║ Sidebar ΓÇö Desktop (>900px) ΓÇ║ desktop 1024px: sidebar α╕óα╕▒α╕çα╕íα╕¡α╕çα╣Çα╕½α╣çα╕Ö (1.5s)
  Γ£ô  684 [e2e-chromium] ΓÇ║ tests\e2e\ui-navigation.spec.mjs:79:3 ΓÇ║ Sidebar ΓÇö Mobile (<900px) ΓÇ║ mobile 390px: sidebar α╕ïα╣êα╕¡α╕Ö, hamburger α╣éα╕£α╕Ñα╣ê (1.7s)
  Γ£ô  685 [e2e-chromium] ΓÇ║ tests\e2e\ui-navigation.spec.mjs:96:3 ΓÇ║ Sidebar ΓÇö Mobile (<900px) ΓÇ║ mobile: α╕äα╕Ñα╕┤α╕ü hamburger ΓåÆ sidebar α╣Çα╕¢α╕┤α╕ö (1.9s)
  Γ£ÿ  686 [e2e-chromium] ΓÇ║ tests\e2e\ui-navigation.spec.mjs:108:3 ΓÇ║ Sidebar ΓÇö Mobile (<900px) ΓÇ║ mobile: α╕äα╕Ñα╕┤α╕ü overlay ΓåÆ sidebar α╕¢α╕┤α╕ö (30.9s)
  Γ£ô  687 [e2e-chromium] ΓÇ║ tests\e2e\ui-navigation.spec.mjs:126:3 ΓÇ║ Sidebar ΓÇö Mobile (<900px) ΓÇ║ mobile 375px (iPhone SE): sidebar α╕ïα╣êα╕¡α╕Ö, hamburger α╣éα╕£α╕Ñα╣ê (4.9s)
  Γ£ô  688 [e2e-chromium] ΓÇ║ tests\e2e\ui-navigation.spec.mjs:140:3 ΓÇ║ Topbar & Header ΓÇ║ dashboard α╕íα╕╡ <title> α╕ùα╕╡α╣êα╣äα╕íα╣êα╕ºα╣êα╕▓α╕ç (1.5s)
  Γ£ô  689 [e2e-chromium] ΓÇ║ tests\e2e\ui-navigation.spec.mjs:148:3 ΓÇ║ Topbar & Header ΓÇ║ login page α╕íα╕╡ <title> (1.3s)
  Γ£ô  690 [e2e-chromium] ΓÇ║ tests\e2e\ui-navigation.spec.mjs:155:3 ΓÇ║ Topbar & Header ΓÇ║ topbar/header α╕íα╕¡α╕çα╣Çα╕½α╣çα╕Ö (1.4s)
  Γ£ô  691 [e2e-chromium] ΓÇ║ tests\e2e\ui-navigation.spec.mjs:165:3 ΓÇ║ Topbar & Header ΓÇ║ logout button α╕ùα╕│α╕çα╕▓α╕Ö ΓåÆ redirect α╣äα╕¢ login (1.4s)
  Γ£ô  692 [e2e-chromium] ΓÇ║ tests\e2e\ui-navigation.spec.mjs:182:3 ΓÇ║ Navigation Active State ΓÇ║ α╣Çα╕éα╣ëα╕▓ /dashboard.html ΓåÆ sidebar α╕íα╕╡ active item (1.4s)
  Γ£ô  693 [e2e-chromium] ΓÇ║ tests\e2e\ui-navigation.spec.mjs:191:3 ΓÇ║ Navigation Active State ΓÇ║ α╣Çα╕éα╣ëα╕▓ /vehicles.html ΓåÆ sidebar α╕íα╕╡ active item (1.5s)
  Γ£ô  694 [e2e-chromium] ΓÇ║ tests\e2e\ui-navigation.spec.mjs:199:3 ΓÇ║ Navigation Active State ΓÇ║ α╣Çα╕éα╣ëα╕▓ /queue-manage.html ΓåÆ sidebar α╕íα╕╡ active item (1.3s)
  Γ£ô  695 [e2e-chromium] ΓÇ║ tests\e2e\ui-navigation.spec.mjs:212:3 ΓÇ║ Keyboard & Accessibility ΓÇ║ sidebar links focus visible α╕öα╣ëα╕ºα╕ó Tab key (1.5s)
  Γ£ô  696 [e2e-chromium] ΓÇ║ tests\e2e\ui-navigation.spec.mjs:224:3 ΓÇ║ Keyboard & Accessibility ΓÇ║ hamburger α╕íα╕╡ aria α╕½α╕úα╕╖α╕¡ accessible label (1.7s)
  Γ£ô  697 [e2e-chromium] ΓÇ║ tests\e2e\ui-navigation.spec.mjs:238:3 ΓÇ║ Keyboard & Accessibility ΓÇ║ α╕ùα╕╕α╕üα╕½α╕Öα╣ëα╕▓ public α╕íα╕╡ charset UTF-8 (Thai text) (919ms)
  Γ£ô  698 [e2e-chromium] ΓÇ║ tests\e2e\ui-navigation.spec.mjs:249:3 ΓÇ║ Auth Guard ΓÇ║ /dashboard.html α╣äα╕íα╣êα╕íα╕╡ token ΓåÆ redirect login (1.2s)
  Γ£ô  699 [e2e-chromium] ΓÇ║ tests\e2e\ui-navigation.spec.mjs:257:3 ΓÇ║ Auth Guard ΓÇ║ /vehicles.html α╣äα╕íα╣êα╕íα╕╡ token ΓåÆ redirect login (1.2s)
  Γ£ô  700 [e2e-chromium] ΓÇ║ tests\e2e\ui-pwa.spec.mjs:50:3 ΓÇ║ D1: PWA Manifest ΓÇ║ GET /manifest.json ΓåÆ 200 + valid JSON (451ms)
  Γ£ô  701 [e2e-chromium] ΓÇ║ tests\e2e\ui-pwa.spec.mjs:58:3 ΓÇ║ D1: PWA Manifest ΓÇ║ manifest α╕íα╕╡ display: standalone (146ms)
  Γ£ô  702 [e2e-chromium] ΓÇ║ tests\e2e\ui-pwa.spec.mjs:64:3 ΓÇ║ D1: PWA Manifest ΓÇ║ manifest α╕íα╕╡ icons array α╣äα╕íα╣êα╕ºα╣êα╕▓α╕ç (147ms)
  Γ£ô  703 [e2e-chromium] ΓÇ║ tests\e2e\ui-pwa.spec.mjs:71:3 ΓÇ║ D1: PWA Manifest ΓÇ║ manifest α╕íα╕╡ start_url (122ms)
  Γ£ô  704 [e2e-chromium] ΓÇ║ tests\e2e\ui-pwa.spec.mjs:78:3 ΓÇ║ D1: PWA Manifest ΓÇ║ dashboard.html α╕íα╕╡ <link rel="manifest"> (4.5s)
  Γ£ô  705 [e2e-chromium] ΓÇ║ tests\e2e\ui-pwa.spec.mjs:89:3 ΓÇ║ D1: PWA Manifest ΓÇ║ dashboard.html α╕íα╕╡ <meta name="theme-color"> (1.4s)
  Γ£ô  706 [e2e-chromium] ΓÇ║ tests\e2e\ui-pwa.spec.mjs:106:3 ΓÇ║ D2: Service Worker ΓÇ║ GET /sw.js ΓåÆ 200 (140ms)
  Γ£ô  707 [e2e-chromium] ΓÇ║ tests\e2e\ui-pwa.spec.mjs:111:3 ΓÇ║ D2: Service Worker ΓÇ║ sw.js α╕íα╕╡α╣Çα╕Öα╕╖α╣ëα╕¡α╕½α╕▓ (α╣äα╕íα╣êα╕ºα╣êα╕▓α╕ç) (128ms)
  Γ£ô  708 [e2e-chromium] ΓÇ║ tests\e2e\ui-pwa.spec.mjs:117:3 ΓÇ║ D2: Service Worker ΓÇ║ dashboard: serviceWorker API α╕íα╕╡α╣âα╕Ö browser (1.5s)
  Γ£ô  709 [e2e-chromium] ΓÇ║ tests\e2e\ui-pwa.spec.mjs:125:3 ΓÇ║ D2: Service Worker ΓÇ║ service worker register α╣äα╕öα╣ë (α╣äα╕íα╣ê throw error) (2.5s)
  Γ£ô  710 [e2e-chromium] ΓÇ║ tests\e2e\ui-pwa.spec.mjs:145:3 ΓÇ║ D3: App Shell & Meta Tags ΓÇ║ dashboard: <meta name="viewport"> α╕íα╕╡α╣âα╕Ö head (1.4s)
  Γ£ô  711 [e2e-chromium] ΓÇ║ tests\e2e\ui-pwa.spec.mjs:157:3 ΓÇ║ D3: App Shell & Meta Tags ΓÇ║ login: <meta name="viewport"> α╕íα╕╡α╣âα╕Ö head (1.4s)
  Γ£ô  712 [e2e-chromium] ΓÇ║ tests\e2e\ui-pwa.spec.mjs:168:3 ΓÇ║ D3: App Shell & Meta Tags ΓÇ║ qr-scan: viewport α╕íα╕╡ viewport-fit=cover (1.4s)
  Γ£ô  713 [e2e-chromium] ΓÇ║ tests\e2e\ui-pwa.spec.mjs:180:3 ΓÇ║ D3: App Shell & Meta Tags ΓÇ║ α╕ùα╕╕α╕üα╕½α╕Öα╣ëα╕▓α╕íα╕╡ <meta charset="utf-8"> (2.7s)
  Γ£ô  714 [e2e-chromium] ΓÇ║ tests\e2e\ui-responsive.spec.mjs:66:5 ΓÇ║ Dashboard Layout ΓÇö 6 Viewports ΓÇ║ 1280├ù800 Desktop HD ΓÇö α╣äα╕íα╣êα╕íα╕╡ horizontal scroll (5.6s)
  Γ£ô  715 [e2e-chromium] ΓÇ║ tests\e2e\ui-responsive.spec.mjs:77:5 ΓÇ║ Dashboard Layout ΓÇö 6 Viewports ΓÇ║ 1280├ù800 Desktop HD ΓÇö α╕½α╕Öα╣ëα╕▓ vehicles α╣äα╕íα╣ê overflow (1.9s)
  Γ£ô  716 [e2e-chromium] ΓÇ║ tests\e2e\ui-responsive.spec.mjs:66:5 ΓÇ║ Dashboard Layout ΓÇö 6 Viewports ΓÇ║ 1024├ù768 Tablet landscape ΓÇö α╣äα╕íα╣êα╕íα╕╡ horizontal scroll (2.2s)
  Γ£ô  717 [e2e-chromium] ΓÇ║ tests\e2e\ui-responsive.spec.mjs:77:5 ΓÇ║ Dashboard Layout ΓÇö 6 Viewports ΓÇ║ 1024├ù768 Tablet landscape ΓÇö α╕½α╕Öα╣ëα╕▓ vehicles α╣äα╕íα╣ê overflow (2.0s)
  Γ£ô  718 [e2e-chromium] ΓÇ║ tests\e2e\ui-responsive.spec.mjs:66:5 ΓÇ║ Dashboard Layout ΓÇö 6 Viewports ΓÇ║ 900├ù600 Breakpoint ΓÇö α╣äα╕íα╣êα╕íα╕╡ horizontal scroll (1.9s)
  Γ£ô  719 [e2e-chromium] ΓÇ║ tests\e2e\ui-responsive.spec.mjs:77:5 ΓÇ║ Dashboard Layout ΓÇö 6 Viewports ΓÇ║ 900├ù600 Breakpoint ΓÇö α╕½α╕Öα╣ëα╕▓ vehicles α╣äα╕íα╣ê overflow (1.9s)
  Γ£ô  720 [e2e-chromium] ΓÇ║ tests\e2e\ui-responsive.spec.mjs:66:5 ΓÇ║ Dashboard Layout ΓÇö 6 Viewports ΓÇ║ 768├ù1024 iPad portrait ΓÇö α╣äα╕íα╣êα╕íα╕╡ horizontal scroll (2.2s)
  Γ£ô  721 [e2e-chromium] ΓÇ║ tests\e2e\ui-responsive.spec.mjs:77:5 ΓÇ║ Dashboard Layout ΓÇö 6 Viewports ΓÇ║ 768├ù1024 iPad portrait ΓÇö α╕½α╕Öα╣ëα╕▓ vehicles α╣äα╕íα╣ê overflow (2.0s)
  Γ£ô  722 [e2e-chromium] ΓÇ║ tests\e2e\ui-responsive.spec.mjs:66:5 ΓÇ║ Dashboard Layout ΓÇö 6 Viewports ΓÇ║ 390├ù844 iPhone 14 ΓÇö α╣äα╕íα╣êα╕íα╕╡ horizontal scroll (2.0s)
  Γ£ô  723 [e2e-chromium] ΓÇ║ tests\e2e\ui-responsive.spec.mjs:77:5 ΓÇ║ Dashboard Layout ΓÇö 6 Viewports ΓÇ║ 390├ù844 iPhone 14 ΓÇö α╕½α╕Öα╣ëα╕▓ vehicles α╣äα╕íα╣ê overflow (2.0s)
  Γ£ô  724 [e2e-chromium] ΓÇ║ tests\e2e\ui-responsive.spec.mjs:66:5 ΓÇ║ Dashboard Layout ΓÇö 6 Viewports ΓÇ║ 375├ù667 iPhone SE ΓÇö α╣äα╕íα╣êα╕íα╕╡ horizontal scroll (2.2s)
  Γ£ô  725 [e2e-chromium] ΓÇ║ tests\e2e\ui-responsive.spec.mjs:77:5 ΓÇ║ Dashboard Layout ΓÇö 6 Viewports ΓÇ║ 375├ù667 iPhone SE ΓÇö α╕½α╕Öα╣ëα╕▓ vehicles α╣äα╕íα╣ê overflow (2.1s)
  Γ£ô  726 [e2e-chromium] ΓÇ║ tests\e2e\ui-responsive.spec.mjs:101:5 ΓÇ║ Table Scroll α╕Üα╕Ö Mobile ΓÇ║ vehicles ΓÇö .table-wrap overflow-x: auto α╕Üα╕Ö 390px (2.2s)
  Γ£ô  727 [e2e-chromium] ΓÇ║ tests\e2e\ui-responsive.spec.mjs:101:5 ΓÇ║ Table Scroll α╕Üα╕Ö Mobile ΓÇ║ drivers ΓÇö .table-wrap overflow-x: auto α╕Üα╕Ö 390px (1.8s)
  Γ£ô  728 [e2e-chromium] ΓÇ║ tests\e2e\ui-responsive.spec.mjs:101:5 ΓÇ║ Table Scroll α╕Üα╕Ö Mobile ΓÇ║ repair ΓÇö .table-wrap overflow-x: auto α╕Üα╕Ö 390px (2.1s)
  Γ£ô  729 [e2e-chromium] ΓÇ║ tests\e2e\ui-responsive.spec.mjs:101:5 ΓÇ║ Table Scroll α╕Üα╕Ö Mobile ΓÇ║ usage-log ΓÇö .table-wrap overflow-x: auto α╕Üα╕Ö 390px (1.8s)
  Γ£ô  730 [e2e-chromium] ΓÇ║ tests\e2e\ui-responsive.spec.mjs:115:3 ΓÇ║ Table Scroll α╕Üα╕Ö Mobile ΓÇ║ vehicles ΓÇö page α╣äα╕íα╣êα╕íα╕╡ horizontal scroll α╕Üα╕Ö 390px (2.0s)
  Γ£ô  731 [e2e-chromium] ΓÇ║ tests\e2e\ui-responsive.spec.mjs:130:3 ΓÇ║ Form & Modal α╕Üα╕Ö Mobile ΓÇ║ Login form ΓÇö input α╕íα╕╡ height ΓëÑ 40px (1.4s)
  Γ£ô  732 [e2e-chromium] ΓÇ║ tests\e2e\ui-responsive.spec.mjs:141:3 ΓÇ║ Form & Modal α╕Üα╕Ö Mobile ΓÇ║ Login form ΓÇö α╣äα╕íα╣êα╕íα╕╡ horizontal scroll (1.3s)
  Γ£ô  733 [e2e-chromium] ΓÇ║ tests\e2e\ui-responsive.spec.mjs:149:3 ΓÇ║ Form & Modal α╕Üα╕Ö Mobile ΓÇ║ Register form ΓÇö α╣äα╕íα╣ê overflow α╕Üα╕Ö mobile (1.3s)
  Γ£ô  734 [e2e-chromium] ΓÇ║ tests\e2e\ui-responsive.spec.mjs:157:3 ΓÇ║ Form & Modal α╕Üα╕Ö Mobile ΓÇ║ forgot-password form ΓÇö α╣äα╕íα╣ê overflow (1.3s)
  Γ£ô  735 [e2e-chromium] ΓÇ║ tests\e2e\ui-responsive.spec.mjs:179:5 ΓÇ║ QR Pages α╕Üα╕Ö Mobile ΓÇ║ /qr-scan.html ΓÇö α╣éα╕½α╕Ñα╕öα╣äα╕öα╣ë, α╣äα╕íα╣ê overflow (1.6s)
  Γ£ô  736 [e2e-chromium] ΓÇ║ tests\e2e\ui-responsive.spec.mjs:179:5 ΓÇ║ QR Pages α╕Üα╕Ö Mobile ΓÇ║ /qr-daily-check.html ΓÇö α╣éα╕½α╕Ñα╕öα╣äα╕öα╣ë, α╣äα╕íα╣ê overflow (1.6s)
  Γ£ô  737 [e2e-chromium] ΓÇ║ tests\e2e\ui-responsive.spec.mjs:179:5 ΓÇ║ QR Pages α╕Üα╕Ö Mobile ΓÇ║ /qr-fuel-record.html ΓÇö α╣éα╕½α╕Ñα╕öα╣äα╕öα╣ë, α╣äα╕íα╣ê overflow (1.6s)
  Γ£ô  738 [e2e-chromium] ΓÇ║ tests\e2e\ui-responsive.spec.mjs:179:5 ΓÇ║ QR Pages α╕Üα╕Ö Mobile ΓÇ║ /qr-usage-record.html ΓÇö α╣éα╕½α╕Ñα╕öα╣äα╕öα╣ë, α╣äα╕íα╣ê overflow (1.6s)
  Γ£ô  739 [e2e-chromium] ΓÇ║ tests\e2e\ui-responsive.spec.mjs:179:5 ΓÇ║ QR Pages α╕Üα╕Ö Mobile ΓÇ║ /qr-survey.html ΓÇö α╣éα╕½α╕Ñα╕öα╣äα╕öα╣ë, α╣äα╕íα╣ê overflow (1.6s)
  Γ£ô  740 [e2e-chromium] ΓÇ║ tests\e2e\ui-responsive.spec.mjs:194:3 ΓÇ║ Typography & Text ΓÇ║ body font-size ΓëÑ 13px α╕Üα╕Ö iPhone SE (375px) (1.3s)
  Γ£ô  741 [e2e-chromium] ΓÇ║ tests\e2e\ui-responsive.spec.mjs:205:3 ΓÇ║ Typography & Text ΓÇ║ login page ΓÇö α╕éα╣ëα╕¡α╕äα╕ºα╕▓α╕íα╕áα╕▓α╕⌐α╕▓α╣äα╕ùα╕óα╣üα╕¬α╕öα╕çα╣äα╕öα╣ë (α╣äα╕íα╣êα╣Çα╕¢α╣çα╕Ö ?) (1.4s)
  Γ£ô  742 [e2e-chromium] ΓÇ║ tests\e2e\ui-responsive.spec.mjs:214:3 ΓÇ║ Typography & Text ΓÇ║ dashboard ΓÇö card stats readable α╕Üα╕Ö 390px (1.5s)
  Γ£ô  743 [e2e-chromium] ΓÇ║ tests\e2e\ui-responsive.spec.mjs:224:3 ΓÇ║ Typography & Text ΓÇ║ vehicles.html ΓÇö α╕éα╣ëα╕¡α╕äα╕ºα╕▓α╕íα╣âα╕Ö card α╣äα╕íα╣ê truncate α╕£α╕┤α╕öα╕¢α╕üα╕òα╕┤ (1.4s)
  Γ£ô  744 [e2e-chromium] ΓÇ║ tests\e2e\ui-responsive.spec.mjs:250:5 ΓÇ║ Public Pages ΓÇö α╣äα╕íα╣êα╕òα╣ëα╕¡α╕ç login ΓÇ║ login ΓÇö α╣éα╕½α╕Ñα╕öα╣äα╕öα╣ë α╣äα╕íα╣êα╕íα╕╡ redirect (1.4s)
  Γ£ô  745 [e2e-chromium] ΓÇ║ tests\e2e\ui-responsive.spec.mjs:250:5 ΓÇ║ Public Pages ΓÇö α╣äα╕íα╣êα╕òα╣ëα╕¡α╕ç login ΓÇ║ register ΓÇö α╣éα╕½α╕Ñα╕öα╣äα╕öα╣ë α╣äα╕íα╣êα╕íα╕╡ redirect (1.3s)
  Γ£ô  746 [e2e-chromium] ΓÇ║ tests\e2e\ui-responsive.spec.mjs:250:5 ΓÇ║ Public Pages ΓÇö α╣äα╕íα╣êα╕òα╣ëα╕¡α╕ç login ΓÇ║ forgot-password ΓÇö α╣éα╕½α╕Ñα╕öα╣äα╕öα╣ë α╣äα╕íα╣êα╕íα╕╡ redirect (1.3s)
  Γ£ô  747 [e2e-chromium] ΓÇ║ tests\e2e\ui-responsive.spec.mjs:250:5 ΓÇ║ Public Pages ΓÇö α╣äα╕íα╣êα╕òα╣ëα╕¡α╕ç login ΓÇ║ about ΓÇö α╣éα╕½α╕Ñα╕öα╣äα╕öα╣ë α╣äα╕íα╣êα╕íα╕╡ redirect (1.5s)
  Γ£ô  748 [e2e-chromium] ΓÇ║ tests\e2e\ui-responsive.spec.mjs:250:5 ΓÇ║ Public Pages ΓÇö α╣äα╕íα╣êα╕òα╣ëα╕¡α╕ç login ΓÇ║ pdpa-policy ΓÇö α╣éα╕½α╕Ñα╕öα╣äα╕öα╣ë α╣äα╕íα╣êα╕íα╕╡ redirect (1.3s)
  Γ£ô  749 [e2e-chromium] ΓÇ║ tests\e2e\ui-responsive.spec.mjs:250:5 ΓÇ║ Public Pages ΓÇö α╣äα╕íα╣êα╕òα╣ëα╕¡α╕ç login ΓÇ║ glossary ΓÇö α╣éα╕½α╕Ñα╕öα╣äα╕öα╣ë α╣äα╕íα╣êα╕íα╕╡ redirect (1.5s)
  Γ£ô  750 [e2e-chromium] ΓÇ║ tests\e2e\ui-responsive.spec.mjs:250:5 ΓÇ║ Public Pages ΓÇö α╣äα╕íα╣êα╕òα╣ëα╕¡α╕ç login ΓÇ║ user-guide ΓÇö α╣éα╕½α╕Ñα╕öα╣äα╕öα╣ë α╣äα╕íα╣êα╕íα╕╡ redirect (1.4s)
  Γ£ô  751 [e2e-chromium] ΓÇ║ tests\e2e\ui-tablet.spec.mjs:58:3 ΓÇ║ F1: iPad Portrait (820├ù1180) ΓÇ║ dashboard α╣éα╕½α╕Ñα╕öα╣äα╕öα╣ë α╣äα╕íα╣êα╕íα╕╡ horizontal scroll (5.5s)
  Γ£ô  752 [e2e-chromium] ΓÇ║ tests\e2e\ui-tablet.spec.mjs:67:3 ΓÇ║ F1: iPad Portrait (820├ù1180) ΓÇ║ iPad portrait (820px < 900px): hamburger α╣éα╕£α╕Ñα╣ê (1.4s)
  Γ£ô  753 [e2e-chromium] ΓÇ║ tests\e2e\ui-tablet.spec.mjs:77:3 ΓÇ║ F1: iPad Portrait (820├ù1180) ΓÇ║ vehicles.html α╣äα╕íα╣êα╕íα╕╡ horizontal scroll (1.8s)
  Γ£ô  754 [e2e-chromium] ΓÇ║ tests\e2e\ui-tablet.spec.mjs:86:3 ΓÇ║ F1: iPad Portrait (820├ù1180) ΓÇ║ queue-manage.html α╣äα╕íα╣êα╕íα╕╡ horizontal scroll (1.7s)
  Γ£ô  755 [e2e-chromium] ΓÇ║ tests\e2e\ui-tablet.spec.mjs:95:3 ΓÇ║ F1: iPad Portrait (820├ù1180) ΓÇ║ login page α╣äα╕íα╣êα╕íα╕╡ horizontal scroll (1.4s)
  Γ£ô  756 [e2e-chromium] ΓÇ║ tests\e2e\ui-tablet.spec.mjs:111:3 ΓÇ║ F2: iPad Landscape (1180├ù820) ΓÇ║ dashboard: sidebar α╕íα╕¡α╕çα╣Çα╕½α╣çα╕Öα╣éα╕öα╕óα╕òα╕úα╕ç (>900px) (1.6s)
  Γ£ô  757 [e2e-chromium] ΓÇ║ tests\e2e\ui-tablet.spec.mjs:119:3 ΓÇ║ F2: iPad Landscape (1180├ù820) ΓÇ║ iPad landscape α╣äα╕íα╣êα╕íα╕╡ horizontal scroll (2.0s)
  Γ£ô  758 [e2e-chromium] ΓÇ║ tests\e2e\ui-tablet.spec.mjs:128:3 ΓÇ║ F2: iPad Landscape (1180├ù820) ΓÇ║ vehicles table landscape α╣äα╕íα╣êα╕íα╕╡ overflow (1.9s)
  Γ£ô  759 [e2e-chromium] ΓÇ║ tests\e2e\ui-tablet.spec.mjs:146:3 ΓÇ║ F3: Android Tablet Portrait (768├ù1024) ΓÇ║ dashboard α╣éα╕½α╕Ñα╕öα╣äα╕öα╣ë (1.4s)
  Γ£ô  760 [e2e-chromium] ΓÇ║ tests\e2e\ui-tablet.spec.mjs:154:3 ΓÇ║ F3: Android Tablet Portrait (768├ù1024) ΓÇ║ 768px: hamburger α╣éα╕£α╕Ñα╣ê (α╣âα╕òα╣ë 900px breakpoint) (1.4s)
  Γ£ô  761 [e2e-chromium] ΓÇ║ tests\e2e\ui-tablet.spec.mjs:164:3 ΓÇ║ F3: Android Tablet Portrait (768├ù1024) ΓÇ║ reports.html α╣äα╕íα╣êα╕íα╕╡ overflow (1.9s)
  Γ£ô  762 [e2e-chromium] ΓÇ║ tests\e2e\ui-tablet.spec.mjs:173:3 ΓÇ║ F3: Android Tablet Portrait (768├ù1024) ΓÇ║ repair.html α╣äα╕íα╣êα╕íα╕╡ overflow (2.1s)
  Γ£ÿ  763 [e2e-chromium] ΓÇ║ tests\e2e\ui-tablet.spec.mjs:187:3 ΓÇ║ F4: Tablet Sidebar Toggle ΓÇ║ tablet 820px: hamburger click ΓåÆ sidebar open (30.8s)
  Γ£ô  764 [e2e-chromium] ΓÇ║ tests\e2e\ui-tablet.spec.mjs:209:3 ΓÇ║ F4: Tablet Sidebar Toggle ΓÇ║ tablet landscape 1180px: sidebar visible α╕òα╕Ñα╕¡α╕ö (5.1s)
  Γ£ô  765 [e2e-chromium] ΓÇ║ tests\e2e\ui-tablet.spec.mjs:227:3 ΓÇ║ F5: QR Pages α╕Üα╕Ö Tablet ΓÇ║ qr-scan.html α╕Üα╕Ö tablet: α╣äα╕íα╣ê overflow (1.4s)
  Γ£ô  766 [e2e-chromium] ΓÇ║ tests\e2e\ui-tablet.spec.mjs:234:3 ΓÇ║ F5: QR Pages α╕Üα╕Ö Tablet ΓÇ║ qr-daily-check.html α╕Üα╕Ö tablet: α╣éα╕½α╕Ñα╕öα╣äα╕öα╣ë (1.3s)
  Γ£ô  767 [e2e-chromium] ΓÇ║ tests\e2e\ui-tablet.spec.mjs:241:3 ΓÇ║ F5: QR Pages α╕Üα╕Ö Tablet ΓÇ║ qr-manage.html (auth) α╕Üα╕Ö tablet: α╣éα╕½α╕Ñα╕öα╣äα╕öα╣ë (1.3s)
  Γ£ô  768 [e2e-chromium] ΓÇ║ tests\e2e\vehicle-requests.spec.mjs:62:3 ΓÇ║ Vehicle Requests API ΓÇ║ Bootstrap: login (3.3s)
  Γ£ô  769 [e2e-chromium] ΓÇ║ tests\e2e\vehicle-requests.spec.mjs:77:3 ΓÇ║ Vehicle Requests API ΓÇ║ Bootstrap: α╕¬α╕úα╣ëα╕▓α╕ç test vehicle (active) (8ms)
  Γ£ô  770 [e2e-chromium] ΓÇ║ tests\e2e\vehicle-requests.spec.mjs:89:3 ΓÇ║ Vehicle Requests API ΓÇ║ Bootstrap: α╕¬α╕úα╣ëα╕▓α╕ç test driver (active) (7ms)
  Γ£ô  771 [e2e-chromium] ΓÇ║ tests\e2e\vehicle-requests.spec.mjs:104:3 ΓÇ║ Vehicle Requests API ΓÇ║ GET /api/vehicle-requests ΓåÆ list (α╕¡α╕▓α╕êα╕ºα╣êα╕▓α╕ç) (7ms)
  Γ£ô  772 [e2e-chromium] ΓÇ║ tests\e2e\vehicle-requests.spec.mjs:110:3 ΓÇ║ Vehicle Requests API ΓÇ║ POST /api/vehicle-requests ΓåÆ α╕¬α╕úα╣ëα╕▓α╕ç request (14ms)
  Γ£ô  773 [e2e-chromium] ΓÇ║ tests\e2e\vehicle-requests.spec.mjs:122:3 ΓÇ║ Vehicle Requests API ΓÇ║ GET /api/vehicle-requests ΓåÆ α╕íα╕╡ request α╕ùα╕╡α╣êα╕¬α╕úα╣ëα╕▓α╕ç (8ms)
  Γ£ô  774 [e2e-chromium] ΓÇ║ tests\e2e\vehicle-requests.spec.mjs:131:3 ΓÇ║ Vehicle Requests API ΓÇ║ GET /api/vehicle-requests/:id ΓåÆ α╕öα╕╣ request α╣äα╕öα╣ë (6ms)
  Γ£ô  775 [e2e-chromium] ΓÇ║ tests\e2e\vehicle-requests.spec.mjs:137:3 ΓÇ║ Vehicle Requests API ΓÇ║ POST /api/vehicle-requests α╣äα╕íα╣êα╕íα╕╡ date ΓåÆ 400 (5ms)
  Γ£ô  776 [e2e-chromium] ΓÇ║ tests\e2e\vehicle-requests.spec.mjs:144:3 ΓÇ║ Vehicle Requests API ΓÇ║ POST /api/vehicle-requests α╣äα╕íα╣êα╕íα╕╡ destination ΓåÆ 400 (5ms)
  Γ£ô  777 [e2e-chromium] ΓÇ║ tests\e2e\vehicle-requests.spec.mjs:154:3 ΓÇ║ Vehicle Requests API ΓÇ║ PUT /api/vehicle-requests/:id ΓåÆ α╣üα╕üα╣ëα╣äα╕é destination (7ms)
  Γ£ô  778 [e2e-chromium] ΓÇ║ tests\e2e\vehicle-requests.spec.mjs:164:3 ΓÇ║ Vehicle Requests API ΓÇ║ α╕¬α╕úα╣ëα╕▓α╕ç request α╕ùα╕╡α╣ê 2 α╕¬α╕│α╕½α╕úα╕▒α╕Üα╕ùα╕öα╕¬α╕¡α╕Ü cancel (12ms)
  Γ£ô  779 [e2e-chromium] ΓÇ║ tests\e2e\vehicle-requests.spec.mjs:176:3 ΓÇ║ Vehicle Requests API ΓÇ║ DELETE /api/vehicle-requests/:id ΓåÆ cancel request (8ms)
  Γ£ô  780 [e2e-chromium] ΓÇ║ tests\e2e\vehicle-requests.spec.mjs:181:3 ΓÇ║ Vehicle Requests API ΓÇ║ GET cancelled request ΓåÆ α╣äα╕íα╣ê found α╕½α╕úα╕╖α╕¡ status=cancelled (6ms)
  Γ£ô  781 [e2e-chromium] ΓÇ║ tests\e2e\vehicle-requests.spec.mjs:193:3 ΓÇ║ Vehicle Requests API ΓÇ║ PUT /api/vehicle-requests/:id/approve ΓåÆ α╕¡α╕Öα╕╕α╕íα╕▒α╕òα╕┤ + α╕¬α╕úα╣ëα╕▓α╕ç queue (18ms)
  Γ£ô  782 [e2e-chromium] ΓÇ║ tests\e2e\vehicle-requests.spec.mjs:214:3 ΓÇ║ Vehicle Requests API ΓÇ║ Approved request ΓåÆ status α╣Çα╕¢α╕Ñα╕╡α╣êα╕óα╕Öα╣Çα╕¢α╣çα╕Ö approved (8ms)
[2m[WebServer] [22m[31mX [41;31m[[41;97mERROR[41;31m][0m [1mAPI Error: 
Error: D1_ERROR: no such column: rejection_reason: SQLITE_ERROR[0m
[2m[WebServer] [22m
[2m[WebServer] [22m      at D1DatabaseSessionAlwaysPrimary._sendOrThrow 
(cloudflare-internal:d1-api:139:19)
[2m[WebServer] [22m      at null.<anonymous> (async 
cloudflare-internal:d1-api:353:41)
[2m[WebServer] [22m  [90m    ... 7 lines matching cause stack trace ...[39m
[2m[WebServer] [22m      at async drainBody (file:///D:/AI%20CURSER/ppk-drive
hub/.wrangler/tmp/pages-iBwYRu/functionsWorker-0.11902726787797491.mjs/file:/C:
/Users/krumu/AppData/Local/npm-cache/_npx/32026684e21afda6/node_modules/wrangle
r/templates/middleware/middleware-ensure-req-body-drained.ts:5:10) {
[2m[WebServer] [22m    [cause]: Error: no such column: rejection_reason: 
SQLITE_ERROR
[2m[WebServer] [22m        at D1DatabaseSessionAlwaysPrimary._sendOrThrow 
(cloudflare-internal:d1-api:140:24)
[2m[WebServer] [22m        at null.<anonymous> (async 
cloudflare-internal:d1-api:353:41)
[2m[WebServer] [22m        at async dbRun 
(file:///D:/AI%20CURSER/ppk-drivehub/.wrangler/functions/_helpers.js:79:10)
[2m[WebServer] [22m        at async onRequest (file:///D:/AI%20CURSER/ppk-dri
vehub/.wrangler/functions/api/vehicle-requests/%255B%255Bpath%255D%255D.js:212:
5)
[2m[WebServer] [22m        at async next (file:///D:/AI%20CURSER/ppk-drivehub
/.wrangler/tmp/pages-iBwYRu/functionsWorker-0.11902726787797491.mjs/file:/C:/Us
ers/krumu/AppData/Local/npm-cache/_npx/32026684e21afda6/node_modules/wrangler/t
emplates/pages-template-worker.ts:161:22)
[2m[WebServer] [22m        at async onRequest 
(file:///D:/AI%20CURSER/ppk-drivehub/.wrangler/functions/_middleware.js:131:22)
[2m[WebServer] [22m        at async next (file:///D:/AI%20CURSER/ppk-drivehub
/.wrangler/tmp/pages-iBwYRu/functionsWorker-0.11902726787797491.mjs/file:/C:/Us
ers/krumu/AppData/Local/npm-cache/_npx/32026684e21afda6/node_modules/wrangler/t
emplates/pages-template-worker.ts:161:22)
[2m[WebServer] [22m        at async Object.fetch (file:///D:/AI%20CURSER/ppk-
drivehub/.wrangler/tmp/pages-iBwYRu/functionsWorker-0.11902726787797491.mjs/fil
e:/C:/Users/krumu/AppData/Local/npm-cache/_npx/32026684e21afda6/node_modules/wr
angler/templates/pages-template-worker.ts:180:11)
[2m[WebServer] [22m        at async jsonError (file:///D:/AI%20CURSER/ppk-dri
vehub/.wrangler/tmp/pages-iBwYRu/functionsWorker-0.11902726787797491.mjs/file:/
C:/Users/krumu/AppData/Local/npm-cache/_npx/32026684e21afda6/node_modules/wrang
ler/templates/middleware/middleware-miniflare3-json-error.ts:22:10)
[2m[WebServer] [22m        at async drainBody (file:///D:/AI%20CURSER/ppk-dri
vehub/.wrangler/tmp/pages-iBwYRu/functionsWorker-0.11902726787797491.mjs/file:/
C:/Users/krumu/AppData/Local/npm-cache/_npx/32026684e21afda6/node_modules/wrang
ler/templates/middleware/middleware-ensure-req-body-drained.ts:5:10)
[2m[WebServer] [22m  }
[2m[WebServer] [22m
[2m[WebServer] [22m
  Γ£ÿ  783 [e2e-chromium] ΓÇ║ tests\e2e\vehicle-requests.spec.mjs:226:3 ΓÇ║ Vehicle Requests API ΓÇ║ α╕¬α╕úα╣ëα╕▓α╕ç request α╣âα╕½α╕íα╣ê α╕¬α╕│α╕½α╕úα╕▒α╕Üα╕ùα╕öα╕¬α╕¡α╕Ü reject (22ms)
  -  784 [e2e-chromium] ΓÇ║ tests\e2e\vehicle-requests.spec.mjs:253:3 ΓÇ║ Vehicle Requests API ΓÇ║ GET /api/vehicle-requests?status=pending ΓåÆ filter pending
  -  785 [e2e-chromium] ΓÇ║ tests\e2e\vehicle-requests.spec.mjs:262:3 ΓÇ║ Vehicle Requests API ΓÇ║ GET /api/vehicle-requests?date_from= ΓåÆ filter by date
  -  786 [e2e-chromium] ΓÇ║ tests\e2e\vehicle-requests.spec.mjs:270:3 ΓÇ║ Vehicle Requests API ΓÇ║ GET /api/vehicle-requests α╣äα╕íα╣êα╕íα╕╡ token ΓåÆ 401
  -  787 [e2e-chromium] ΓÇ║ tests\e2e\vehicle-requests.spec.mjs:275:3 ΓÇ║ Vehicle Requests API ΓÇ║ POST /api/vehicle-requests α╣äα╕íα╣êα╕íα╕╡ token ΓåÆ 401


  1) [e2e-chromium] ΓÇ║ tests\e2e\driver.spec.mjs:364:3 ΓÇ║ 3. α╣üα╕êα╣ëα╕çα╕ïα╣êα╕¡α╕í ΓÇö Repair Reporting ΓÇ║ driver α╣äα╕íα╣êα╕¬α╕▓α╕íα╕▓α╕úα╕ûα╕öα╕╣α╕úα╕▓α╕óα╕üα╕▓α╕úα╕ïα╣êα╕¡α╕íα╕ùα╕▒α╣ëα╕çα╕½α╕íα╕öα╣äα╕öα╣ë (GET /api/repair/log ΓåÆ 403) 

    Error: [2mexpect([22m[31mreceived[39m[2m).[22mtoBe[2m([22m[32mexpected[39m[2m) // Object.is equality[22m

    Expected: [32m403[39m
    Received: [31m200[39m

      366 |       headers: { 'Authorization': `Bearer ${ctx.driverToken}` },
      367 |     });
    > 368 |     expect(r.status).toBe(403);
          |                      ^
      369 |   });
      370 |
      371 |   test('driver α╣äα╕íα╣êα╕¬α╕▓α╕íα╕▓α╕úα╕ûα╣üα╕üα╣ëα╣äα╕éα╕¬α╕ûα╕▓α╕Öα╕░α╕ïα╣êα╕¡α╕íα╣äα╕öα╣ë (PUT repair:edit ΓåÆ 403)', async () => {
        at D:\AI CURSER\ppk-drivehub\tests\e2e\driver.spec.mjs:368:22

    Error Context: test-results\e2e-driver-3-α╣üα╕êα╣ëα╕çα╕ïα╣êα╕¡α╕í-ΓÇö-Re-e6c11-α╣ë-GET-api-repair-log-ΓåÆ-403--e2e-chromium\error-context.md

  2) [e2e-chromium] ΓÇ║ tests\e2e\driver.spec.mjs:516:3 ΓÇ║ 8. α╕éα╕¡α╕Üα╣Çα╕éα╕òα╕¬α╕┤α╕ùα╕ÿα╕┤α╣î ΓÇö Permission Boundaries (API) ΓÇ║ α╣äα╕íα╣êα╕¬α╕▓α╕íα╕▓α╕úα╕ûα╕öα╕╣α╕úα╕▓α╕óα╕üα╕▓α╕úα╕úα╕ûα╕ùα╕▒α╣ëα╕çα╕½α╕íα╕öα╣äα╕öα╣ëα╕ûα╣ëα╕▓α╣äα╕íα╣êα╕íα╕╡α╕¬α╕┤α╕ùα╕ÿα╕┤α╣î (vehicles:view ΓåÆ 403) 

    Error: [2mexpect([22m[31mreceived[39m[2m).[22mtoBe[2m([22m[32mexpected[39m[2m) // Object.is equality[22m

    Expected: [32m403[39m
    Received: [31m200[39m

      518 |       headers: { 'Authorization': `Bearer ${ctx.driverToken}` },
      519 |     });
    > 520 |     expect(r.status).toBe(403);
          |                      ^
      521 |   });
      522 |
      523 |   test('α╣äα╕íα╣êα╕¬α╕▓α╕íα╕▓α╕úα╕ûα╕¬α╕úα╣ëα╕▓α╕çα╕úα╕ûα╣äα╕öα╣ë (vehicles:create ΓåÆ 403)', async () => {
        at D:\AI CURSER\ppk-drivehub\tests\e2e\driver.spec.mjs:520:22

    Error Context: test-results\e2e-driver-8-α╕éα╕¡α╕Üα╣Çα╕éα╕òα╕¬α╕┤α╕ùα╕ÿα╕┤α╣î--b8b71-α╕¬α╕┤α╕ùα╕ÿα╕┤α╣î-vehicles-view-ΓåÆ-403--e2e-chromium\error-context.md

  3) [e2e-chromium] ΓÇ║ tests\e2e\driver.spec.mjs:716:3 ΓÇ║ 11. UI Sidebar ΓÇö α╣Çα╕íα╕Öα╕╣ Navigation α╕éα╕¡α╕çα╕₧α╕Öα╕▒α╕üα╕çα╕▓α╕Öα╕éα╕▒α╕Üα╕úα╕û ΓÇ║ sidebar α╣üα╕¬α╕öα╕ç "α╕éα╕¡α╣âα╕èα╣ëα╕úα╕û" α╣Çα╕¬α╕íα╕¡ 

    Error: [2mexpect([22m[31mlocator[39m[2m).[22mtoBeVisible[2m([22m[2m)[22m failed

    Locator:  locator('[data-page="vehicle-request"], a[href*="vehicle-request"]').first()
    Expected: visible
    Received: hidden
    Timeout:  5000ms

    Call log:
    [2m  - Expect "toBeVisible" with timeout 5000ms[22m
    [2m  - waiting for locator('[data-page="vehicle-request"], a[href*="vehicle-request"]').first()[22m
    [2m    9 ├ù locator resolved to <a href="vehicle-request.html">≡ƒô¥ α╕éα╕¡α╣âα╕èα╣ëα╕úα╕û</a>[22m
    [2m      - unexpected value "hidden"[22m


      731 |
      732 |     const reqLink = page.locator('[data-page="vehicle-request"], a[href*="vehicle-request"]');
    > 733 |     await expect(reqLink.first()).toBeVisible({ timeout: 5000 });
          |                                   ^
      734 |   });
      735 |
      736 |   test('sidebar α╣äα╕íα╣êα╣üα╕¬α╕öα╕çα╣Çα╕íα╕Öα╕╣ "α╕êα╕▒α╕öα╕üα╕▓α╕úα╕£α╕╣α╣ëα╣âα╕èα╣ë" α╣âα╕½α╣ëα╕₧α╕Öα╕▒α╕üα╕çα╕▓α╕Öα╕éα╕▒α╕Üα╕úα╕û', async ({ page }) => {
        at D:\AI CURSER\ppk-drivehub\tests\e2e\driver.spec.mjs:733:35

    attachment #1: screenshot (image/png) ΓöÇΓöÇΓöÇΓöÇΓöÇΓöÇΓöÇΓöÇΓöÇΓöÇΓöÇΓöÇΓöÇΓöÇΓöÇΓöÇΓöÇΓöÇΓöÇΓöÇΓöÇΓöÇΓöÇΓöÇΓöÇΓöÇΓöÇΓöÇΓöÇΓöÇΓöÇΓöÇΓöÇΓöÇΓöÇΓöÇΓöÇΓöÇΓöÇΓöÇΓöÇΓöÇΓöÇΓöÇΓöÇΓöÇΓöÇΓöÇΓöÇΓöÇΓöÇΓöÇΓöÇΓöÇΓöÇΓöÇΓöÇΓöÇ
    test-results\e2e-driver-11-UI-Sidebar-ΓÇö-3faa9-α╕û-sidebar-α╣üα╕¬α╕öα╕ç-α╕éα╕¡α╣âα╕èα╣ëα╕úα╕û-α╣Çα╕¬α╕íα╕¡-e2e-chromium\test-failed-1.png
    ΓöÇΓöÇΓöÇΓöÇΓöÇΓöÇΓöÇΓöÇΓöÇΓöÇΓöÇΓöÇΓöÇΓöÇΓöÇΓöÇΓöÇΓöÇΓöÇΓöÇΓöÇΓöÇΓöÇΓöÇΓöÇΓöÇΓöÇΓöÇΓöÇΓöÇΓöÇΓöÇΓöÇΓöÇΓöÇΓöÇΓöÇΓöÇΓöÇΓöÇΓöÇΓöÇΓöÇΓöÇΓöÇΓöÇΓöÇΓöÇΓöÇΓöÇΓöÇΓöÇΓöÇΓöÇΓöÇΓöÇΓöÇΓöÇΓöÇΓöÇΓöÇΓöÇΓöÇΓöÇΓöÇΓöÇΓöÇΓöÇΓöÇΓöÇΓöÇΓöÇΓöÇΓöÇΓöÇΓöÇΓöÇΓöÇΓöÇΓöÇΓöÇΓöÇΓöÇΓöÇΓöÇΓöÇΓöÇΓöÇΓöÇΓöÇΓöÇΓöÇΓöÇΓöÇΓöÇΓöÇ

    attachment #2: video (video/webm) ΓöÇΓöÇΓöÇΓöÇΓöÇΓöÇΓöÇΓöÇΓöÇΓöÇΓöÇΓöÇΓöÇΓöÇΓöÇΓöÇΓöÇΓöÇΓöÇΓöÇΓöÇΓöÇΓöÇΓöÇΓöÇΓöÇΓöÇΓöÇΓöÇΓöÇΓöÇΓöÇΓöÇΓöÇΓöÇΓöÇΓöÇΓöÇΓöÇΓöÇΓöÇΓöÇΓöÇΓöÇΓöÇΓöÇΓöÇΓöÇΓöÇΓöÇΓöÇΓöÇΓöÇΓöÇΓöÇΓöÇΓöÇΓöÇΓöÇΓöÇΓöÇΓöÇ
    test-results\e2e-driver-11-UI-Sidebar-ΓÇö-3faa9-α╕û-sidebar-α╣üα╕¬α╕öα╕ç-α╕éα╕¡α╣âα╕èα╣ëα╕úα╕û-α╣Çα╕¬α╕íα╕¡-e2e-chromium\video.webm
    ΓöÇΓöÇΓöÇΓöÇΓöÇΓöÇΓöÇΓöÇΓöÇΓöÇΓöÇΓöÇΓöÇΓöÇΓöÇΓöÇΓöÇΓöÇΓöÇΓöÇΓöÇΓöÇΓöÇΓöÇΓöÇΓöÇΓöÇΓöÇΓöÇΓöÇΓöÇΓöÇΓöÇΓöÇΓöÇΓöÇΓöÇΓöÇΓöÇΓöÇΓöÇΓöÇΓöÇΓöÇΓöÇΓöÇΓöÇΓöÇΓöÇΓöÇΓöÇΓöÇΓöÇΓöÇΓöÇΓöÇΓöÇΓöÇΓöÇΓöÇΓöÇΓöÇΓöÇΓöÇΓöÇΓöÇΓöÇΓöÇΓöÇΓöÇΓöÇΓöÇΓöÇΓöÇΓöÇΓöÇΓöÇΓöÇΓöÇΓöÇΓöÇΓöÇΓöÇΓöÇΓöÇΓöÇΓöÇΓöÇΓöÇΓöÇΓöÇΓöÇΓöÇΓöÇΓöÇΓöÇ

    Error Context: test-results\e2e-driver-11-UI-Sidebar-ΓÇö-3faa9-α╕û-sidebar-α╣üα╕¬α╕öα╕ç-α╕éα╕¡α╣âα╕èα╣ëα╕úα╕û-α╣Çα╕¬α╕íα╕¡-e2e-chromium\error-context.md

  4) [e2e-chromium] ΓÇ║ tests\e2e\maintenance.spec.mjs:58:3 ΓÇ║ Maintenance API ΓÇ║ Bootstrap: login α╣äα╕öα╣ëα╕úα╕▒α╕Ü admin token 

    TypeError: fetch failed

      23 | }
      24 | async function apiGet(path, token = '') {
    > 25 |   const r = await fetch(`${BASE}${path}`, {
         |             ^
      26 |     headers: token ? { Authorization: `Bearer ${token}` } : {},
      27 |   });
      28 |   return { status: r.status, data: await r.json() };
        at apiGet (D:\AI CURSER\ppk-drivehub\tests\e2e\maintenance.spec.mjs:25:13)
        at D:\AI CURSER\ppk-drivehub\tests\e2e\maintenance.spec.mjs:61:24
    [cause]: Error: read ECONNRESET

    Error Context: test-results\e2e-maintenance-Maintenanc-bb92d-ap-login-α╣äα╕öα╣ëα╕úα╕▒α╕Ü-admin-token-e2e-chromium\error-context.md

  5) [e2e-chromium] ΓÇ║ tests\e2e\reports.spec.mjs:86:3 ΓÇ║ Reports API ΓÇ║ Bootstrap: α╕¬α╕úα╣ëα╕▓α╕ç fuel log ΓöÇΓöÇΓöÇΓöÇ

    Error: [2mexpect([22m[31mreceived[39m[2m).[22mtoContain[2m([22m[32mexpected[39m[2m) // indexOf[22m

    Expected value: [32m404[39m
    Received array: [31m[200, 201][39m

      94 |       fuel_date: TODAY,
      95 |     }, ctx.adminToken);
    > 96 |     expect([200, 201]).toContain(r.status);
         |                        ^
      97 |   });
      98 |
      99 |   test('Bootstrap: α╕¬α╕úα╣ëα╕▓α╕ç queue + usage records', async () => {
        at D:\AI CURSER\ppk-drivehub\tests\e2e\reports.spec.mjs:96:24

    Error Context: test-results\e2e-reports-Reports-API-Bootstrap-α╕¬α╕úα╣ëα╕▓α╕ç-fuel-log-e2e-chromium\error-context.md

  6) [e2e-chromium] ΓÇ║ tests\e2e\tax-insurance.spec.mjs:153:3 ΓÇ║ Tax & Insurance API ΓÇ║ POST /api/tax-insurance/insurance ΓåÆ α╕¬α╕úα╣ëα╕▓α╕ç insurance record 

    Error: [2mexpect([22m[31mreceived[39m[2m).[22mtoContain[2m([22m[32mexpected[39m[2m) // indexOf[22m

    Expected value: [32m500[39m
    Received array: [31m[200, 201][39m

      160 |       expiry_date: FAR_FUTURE,
      161 |     }, ctx.adminToken);
    > 162 |     expect([200, 201]).toContain(r.status);
          |                        ^
      163 |     ctx.insuranceId = r.data?.data?.id || r.data?.data?.insurance_id;
      164 |     expect(ctx.insuranceId).toBeTruthy();
      165 |   });
        at D:\AI CURSER\ppk-drivehub\tests\e2e\tax-insurance.spec.mjs:162:24

    Error Context: test-results\e2e-tax-insurance-Tax-Insu-139f1-ce-ΓåÆ-α╕¬α╕úα╣ëα╕▓α╕ç-insurance-record-e2e-chromium\error-context.md

  7) [e2e-chromium] ΓÇ║ tests\e2e\ui-mobile-flows.spec.mjs:223:3 ΓÇ║ C5: Reports ΓÇö Mobile View ΓÇ║ executive-dashboard.html α╣éα╕½α╕Ñα╕öα╣äα╕öα╣ëα╕Üα╕Ö mobile 

    Error: [2mexpect([22m[31mreceived[39m[2m).[22mtoBe[2m([22m[32mexpected[39m[2m) // Object.is equality[22m

    Expected: [32mfalse[39m
    Received: [31mtrue[39m

      226 |     await page.waitForLoadState('networkidle');
      227 |     const overflow = await page.evaluate(() => document.documentElement.scrollWidth > document.documentElement.clientWidth);
    > 228 |     expect(overflow).toBe(false);
          |                      ^
      229 |   });
      230 | });
      231 |
        at D:\AI CURSER\ppk-drivehub\tests\e2e\ui-mobile-flows.spec.mjs:228:22

    attachment #1: screenshot (image/png) ΓöÇΓöÇΓöÇΓöÇΓöÇΓöÇΓöÇΓöÇΓöÇΓöÇΓöÇΓöÇΓöÇΓöÇΓöÇΓöÇΓöÇΓöÇΓöÇΓöÇΓöÇΓöÇΓöÇΓöÇΓöÇΓöÇΓöÇΓöÇΓöÇΓöÇΓöÇΓöÇΓöÇΓöÇΓöÇΓöÇΓöÇΓöÇΓöÇΓöÇΓöÇΓöÇΓöÇΓöÇΓöÇΓöÇΓöÇΓöÇΓöÇΓöÇΓöÇΓöÇΓöÇΓöÇΓöÇΓöÇΓöÇΓöÇ
    test-results\e2e-ui-mobile-flows-C5-Rep-d7233-board-html-α╣éα╕½α╕Ñα╕öα╣äα╕öα╣ëα╕Üα╕Ö-mobile-e2e-chromium\test-failed-1.png
    ΓöÇΓöÇΓöÇΓöÇΓöÇΓöÇΓöÇΓöÇΓöÇΓöÇΓöÇΓöÇΓöÇΓöÇΓöÇΓöÇΓöÇΓöÇΓöÇΓöÇΓöÇΓöÇΓöÇΓöÇΓöÇΓöÇΓöÇΓöÇΓöÇΓöÇΓöÇΓöÇΓöÇΓöÇΓöÇΓöÇΓöÇΓöÇΓöÇΓöÇΓöÇΓöÇΓöÇΓöÇΓöÇΓöÇΓöÇΓöÇΓöÇΓöÇΓöÇΓöÇΓöÇΓöÇΓöÇΓöÇΓöÇΓöÇΓöÇΓöÇΓöÇΓöÇΓöÇΓöÇΓöÇΓöÇΓöÇΓöÇΓöÇΓöÇΓöÇΓöÇΓöÇΓöÇΓöÇΓöÇΓöÇΓöÇΓöÇΓöÇΓöÇΓöÇΓöÇΓöÇΓöÇΓöÇΓöÇΓöÇΓöÇΓöÇΓöÇΓöÇΓöÇΓöÇΓöÇΓöÇ

    attachment #2: video (video/webm) ΓöÇΓöÇΓöÇΓöÇΓöÇΓöÇΓöÇΓöÇΓöÇΓöÇΓöÇΓöÇΓöÇΓöÇΓöÇΓöÇΓöÇΓöÇΓöÇΓöÇΓöÇΓöÇΓöÇΓöÇΓöÇΓöÇΓöÇΓöÇΓöÇΓöÇΓöÇΓöÇΓöÇΓöÇΓöÇΓöÇΓöÇΓöÇΓöÇΓöÇΓöÇΓöÇΓöÇΓöÇΓöÇΓöÇΓöÇΓöÇΓöÇΓöÇΓöÇΓöÇΓöÇΓöÇΓöÇΓöÇΓöÇΓöÇΓöÇΓöÇΓöÇΓöÇ
    test-results\e2e-ui-mobile-flows-C5-Rep-d7233-board-html-α╣éα╕½α╕Ñα╕öα╣äα╕öα╣ëα╕Üα╕Ö-mobile-e2e-chromium\video.webm
    ΓöÇΓöÇΓöÇΓöÇΓöÇΓöÇΓöÇΓöÇΓöÇΓöÇΓöÇΓöÇΓöÇΓöÇΓöÇΓöÇΓöÇΓöÇΓöÇΓöÇΓöÇΓöÇΓöÇΓöÇΓöÇΓöÇΓöÇΓöÇΓöÇΓöÇΓöÇΓöÇΓöÇΓöÇΓöÇΓöÇΓöÇΓöÇΓöÇΓöÇΓöÇΓöÇΓöÇΓöÇΓöÇΓöÇΓöÇΓöÇΓöÇΓöÇΓöÇΓöÇΓöÇΓöÇΓöÇΓöÇΓöÇΓöÇΓöÇΓöÇΓöÇΓöÇΓöÇΓöÇΓöÇΓöÇΓöÇΓöÇΓöÇΓöÇΓöÇΓöÇΓöÇΓöÇΓöÇΓöÇΓöÇΓöÇΓöÇΓöÇΓöÇΓöÇΓöÇΓöÇΓöÇΓöÇΓöÇΓöÇΓöÇΓöÇΓöÇΓöÇΓöÇΓöÇΓöÇΓöÇ

    Error Context: test-results\e2e-ui-mobile-flows-C5-Rep-d7233-board-html-α╣éα╕½α╕Ñα╕öα╣äα╕öα╣ëα╕Üα╕Ö-mobile-e2e-chromium\error-context.md

  8) [e2e-chromium] ΓÇ║ tests\e2e\ui-navigation.spec.mjs:108:3 ΓÇ║ Sidebar ΓÇö Mobile (<900px) ΓÇ║ mobile: α╕äα╕Ñα╕┤α╕ü overlay ΓåÆ sidebar α╕¢α╕┤α╕ö 

    [31mTest timeout of 30000ms exceeded.[39m

    Error: locator.click: Test timeout of 30000ms exceeded.
    Call log:
    [2m  - waiting for locator('.sidebar-overlay')[22m
    [2m    - locator resolved to <div id="sidebar-overlay" class="sidebar-overlay open"></div>[22m
    [2m  - attempting click action[22m
    [2m    2 ├ù waiting for element to be visible, enabled and stable[22m
    [2m      - element is visible, enabled and stable[22m
    [2m      - scrolling into view if needed[22m
    [2m      - done scrolling[22m
    [2m      - <a class="sidebar-brand" href="dashboard.html">ΓÇª</a> from <div id="sidebar" class="sidebar open">ΓÇª</div> subtree intercepts pointer events[22m
    [2m    - retrying click action[22m
    [2m    - waiting 20ms[22m
    [2m    2 ├ù waiting for element to be visible, enabled and stable[22m
    [2m      - element is visible, enabled and stable[22m
    [2m      - scrolling into view if needed[22m
    [2m      - done scrolling[22m
    [2m      - <a class="sidebar-brand" href="dashboard.html">ΓÇª</a> from <div id="sidebar" class="sidebar open">ΓÇª</div> subtree intercepts pointer events[22m
    [2m    - retrying click action[22m
    [2m      - waiting 100ms[22m
    [2m    56 ├ù waiting for element to be visible, enabled and stable[22m
    [2m       - element is visible, enabled and stable[22m
    [2m       - scrolling into view if needed[22m
    [2m       - done scrolling[22m
    [2m       - <a class="sidebar-brand" href="dashboard.html">ΓÇª</a> from <div id="sidebar" class="sidebar open">ΓÇª</div> subtree intercepts pointer events[22m
    [2m     - retrying click action[22m
    [2m       - waiting 500ms[22m


      116 |     const overlay = page.locator('.sidebar-overlay');
      117 |     if (await overlay.count() > 0) {
    > 118 |       await overlay.click({ position: { x: 10, y: 10 } });
          |                     ^
      119 |       await page.waitForTimeout(400);
      120 |       const sidebar = page.locator('.sidebar');
      121 |       const classes = await sidebar.getAttribute('class');
        at D:\AI CURSER\ppk-drivehub\tests\e2e\ui-navigation.spec.mjs:118:21

    attachment #1: screenshot (image/png) ΓöÇΓöÇΓöÇΓöÇΓöÇΓöÇΓöÇΓöÇΓöÇΓöÇΓöÇΓöÇΓöÇΓöÇΓöÇΓöÇΓöÇΓöÇΓöÇΓöÇΓöÇΓöÇΓöÇΓöÇΓöÇΓöÇΓöÇΓöÇΓöÇΓöÇΓöÇΓöÇΓöÇΓöÇΓöÇΓöÇΓöÇΓöÇΓöÇΓöÇΓöÇΓöÇΓöÇΓöÇΓöÇΓöÇΓöÇΓöÇΓöÇΓöÇΓöÇΓöÇΓöÇΓöÇΓöÇΓöÇΓöÇΓöÇ
    test-results\e2e-ui-navigation-Sidebar--ac595--α╕äα╕Ñα╕┤α╕ü-overlay-ΓåÆ-sidebar-α╕¢α╕┤α╕ö-e2e-chromium\test-failed-1.png
    ΓöÇΓöÇΓöÇΓöÇΓöÇΓöÇΓöÇΓöÇΓöÇΓöÇΓöÇΓöÇΓöÇΓöÇΓöÇΓöÇΓöÇΓöÇΓöÇΓöÇΓöÇΓöÇΓöÇΓöÇΓöÇΓöÇΓöÇΓöÇΓöÇΓöÇΓöÇΓöÇΓöÇΓöÇΓöÇΓöÇΓöÇΓöÇΓöÇΓöÇΓöÇΓöÇΓöÇΓöÇΓöÇΓöÇΓöÇΓöÇΓöÇΓöÇΓöÇΓöÇΓöÇΓöÇΓöÇΓöÇΓöÇΓöÇΓöÇΓöÇΓöÇΓöÇΓöÇΓöÇΓöÇΓöÇΓöÇΓöÇΓöÇΓöÇΓöÇΓöÇΓöÇΓöÇΓöÇΓöÇΓöÇΓöÇΓöÇΓöÇΓöÇΓöÇΓöÇΓöÇΓöÇΓöÇΓöÇΓöÇΓöÇΓöÇΓöÇΓöÇΓöÇΓöÇΓöÇΓöÇ

    attachment #2: video (video/webm) ΓöÇΓöÇΓöÇΓöÇΓöÇΓöÇΓöÇΓöÇΓöÇΓöÇΓöÇΓöÇΓöÇΓöÇΓöÇΓöÇΓöÇΓöÇΓöÇΓöÇΓöÇΓöÇΓöÇΓöÇΓöÇΓöÇΓöÇΓöÇΓöÇΓöÇΓöÇΓöÇΓöÇΓöÇΓöÇΓöÇΓöÇΓöÇΓöÇΓöÇΓöÇΓöÇΓöÇΓöÇΓöÇΓöÇΓöÇΓöÇΓöÇΓöÇΓöÇΓöÇΓöÇΓöÇΓöÇΓöÇΓöÇΓöÇΓöÇΓöÇΓöÇΓöÇ
    test-results\e2e-ui-navigation-Sidebar--ac595--α╕äα╕Ñα╕┤α╕ü-overlay-ΓåÆ-sidebar-α╕¢α╕┤α╕ö-e2e-chromium\video.webm
    ΓöÇΓöÇΓöÇΓöÇΓöÇΓöÇΓöÇΓöÇΓöÇΓöÇΓöÇΓöÇΓöÇΓöÇΓöÇΓöÇΓöÇΓöÇΓöÇΓöÇΓöÇΓöÇΓöÇΓöÇΓöÇΓöÇΓöÇΓöÇΓöÇΓöÇΓöÇΓöÇΓöÇΓöÇΓöÇΓöÇΓöÇΓöÇΓöÇΓöÇΓöÇΓöÇΓöÇΓöÇΓöÇΓöÇΓöÇΓöÇΓöÇΓöÇΓöÇΓöÇΓöÇΓöÇΓöÇΓöÇΓöÇΓöÇΓöÇΓöÇΓöÇΓöÇΓöÇΓöÇΓöÇΓöÇΓöÇΓöÇΓöÇΓöÇΓöÇΓöÇΓöÇΓöÇΓöÇΓöÇΓöÇΓöÇΓöÇΓöÇΓöÇΓöÇΓöÇΓöÇΓöÇΓöÇΓöÇΓöÇΓöÇΓöÇΓöÇΓöÇΓöÇΓöÇΓöÇΓöÇ

    Error Context: test-results\e2e-ui-navigation-Sidebar--ac595--α╕äα╕Ñα╕┤α╕ü-overlay-ΓåÆ-sidebar-α╕¢α╕┤α╕ö-e2e-chromium\error-context.md

  9) [e2e-chromium] ΓÇ║ tests\e2e\ui-tablet.spec.mjs:187:3 ΓÇ║ F4: Tablet Sidebar Toggle ΓÇ║ tablet 820px: hamburger click ΓåÆ sidebar open 

    [31mTest timeout of 30000ms exceeded.[39m

    Error: locator.click: Test timeout of 30000ms exceeded.
    Call log:
    [2m  - waiting for locator('.sidebar-overlay')[22m
    [2m    - locator resolved to <div id="sidebar-overlay" class="sidebar-overlay open"></div>[22m
    [2m  - attempting click action[22m
    [2m    2 ├ù waiting for element to be visible, enabled and stable[22m
    [2m      - element is visible, enabled and stable[22m
    [2m      - scrolling into view if needed[22m
    [2m      - done scrolling[22m
    [2m      - <a class="sidebar-brand" href="dashboard.html">ΓÇª</a> from <div id="sidebar" class="sidebar open">ΓÇª</div> subtree intercepts pointer events[22m
    [2m    - retrying click action[22m
    [2m    - waiting 20ms[22m
    [2m    2 ├ù waiting for element to be visible, enabled and stable[22m
    [2m      - element is visible, enabled and stable[22m
    [2m      - scrolling into view if needed[22m
    [2m      - done scrolling[22m
    [2m      - <a class="sidebar-brand" href="dashboard.html">ΓÇª</a> from <div id="sidebar" class="sidebar open">ΓÇª</div> subtree intercepts pointer events[22m
    [2m    - retrying click action[22m
    [2m      - waiting 100ms[22m
    [2m    56 ├ù waiting for element to be visible, enabled and stable[22m
    [2m       - element is visible, enabled and stable[22m
    [2m       - scrolling into view if needed[22m
    [2m       - done scrolling[22m
    [2m       - <a class="sidebar-brand" href="dashboard.html">ΓÇª</a> from <div id="sidebar" class="sidebar open">ΓÇª</div> subtree intercepts pointer events[22m
    [2m     - retrying click action[22m
    [2m       - waiting 500ms[22m


      199 |       const overlay = page.locator('.sidebar-overlay');
      200 |       if (await overlay.count() > 0) {
    > 201 |         await overlay.click({ position: { x: 10, y: 10 } });
          |                       ^
      202 |         await page.waitForTimeout(400);
      203 |         const classes = await sidebar.getAttribute('class');
      204 |         expect(classes).not.toContain('open');
        at D:\AI CURSER\ppk-drivehub\tests\e2e\ui-tablet.spec.mjs:201:23

    attachment #1: screenshot (image/png) ΓöÇΓöÇΓöÇΓöÇΓöÇΓöÇΓöÇΓöÇΓöÇΓöÇΓöÇΓöÇΓöÇΓöÇΓöÇΓöÇΓöÇΓöÇΓöÇΓöÇΓöÇΓöÇΓöÇΓöÇΓöÇΓöÇΓöÇΓöÇΓöÇΓöÇΓöÇΓöÇΓöÇΓöÇΓöÇΓöÇΓöÇΓöÇΓöÇΓöÇΓöÇΓöÇΓöÇΓöÇΓöÇΓöÇΓöÇΓöÇΓöÇΓöÇΓöÇΓöÇΓöÇΓöÇΓöÇΓöÇΓöÇΓöÇ
    test-results\e2e-ui-tablet-F4-Tablet-Si-d5769-burger-click-ΓåÆ-sidebar-open-e2e-chromium\test-failed-1.png
    ΓöÇΓöÇΓöÇΓöÇΓöÇΓöÇΓöÇΓöÇΓöÇΓöÇΓöÇΓöÇΓöÇΓöÇΓöÇΓöÇΓöÇΓöÇΓöÇΓöÇΓöÇΓöÇΓöÇΓöÇΓöÇΓöÇΓöÇΓöÇΓöÇΓöÇΓöÇΓöÇΓöÇΓöÇΓöÇΓöÇΓöÇΓöÇΓöÇΓöÇΓöÇΓöÇΓöÇΓöÇΓöÇΓöÇΓöÇΓöÇΓöÇΓöÇΓöÇΓöÇΓöÇΓöÇΓöÇΓöÇΓöÇΓöÇΓöÇΓöÇΓöÇΓöÇΓöÇΓöÇΓöÇΓöÇΓöÇΓöÇΓöÇΓöÇΓöÇΓöÇΓöÇΓöÇΓöÇΓöÇΓöÇΓöÇΓöÇΓöÇΓöÇΓöÇΓöÇΓöÇΓöÇΓöÇΓöÇΓöÇΓöÇΓöÇΓöÇΓöÇΓöÇΓöÇΓöÇΓöÇ

    attachment #2: video (video/webm) ΓöÇΓöÇΓöÇΓöÇΓöÇΓöÇΓöÇΓöÇΓöÇΓöÇΓöÇΓöÇΓöÇΓöÇΓöÇΓöÇΓöÇΓöÇΓöÇΓöÇΓöÇΓöÇΓöÇΓöÇΓöÇΓöÇΓöÇΓöÇΓöÇΓöÇΓöÇΓöÇΓöÇΓöÇΓöÇΓöÇΓöÇΓöÇΓöÇΓöÇΓöÇΓöÇΓöÇΓöÇΓöÇΓöÇΓöÇΓöÇΓöÇΓöÇΓöÇΓöÇΓöÇΓöÇΓöÇΓöÇΓöÇΓöÇΓöÇΓöÇΓöÇΓöÇ
    test-results\e2e-ui-tablet-F4-Tablet-Si-d5769-burger-click-ΓåÆ-sidebar-open-e2e-chromium\video.webm
    ΓöÇΓöÇΓöÇΓöÇΓöÇΓöÇΓöÇΓöÇΓöÇΓöÇΓöÇΓöÇΓöÇΓöÇΓöÇΓöÇΓöÇΓöÇΓöÇΓöÇΓöÇΓöÇΓöÇΓöÇΓöÇΓöÇΓöÇΓöÇΓöÇΓöÇΓöÇΓöÇΓöÇΓöÇΓöÇΓöÇΓöÇΓöÇΓöÇΓöÇΓöÇΓöÇΓöÇΓöÇΓöÇΓöÇΓöÇΓöÇΓöÇΓöÇΓöÇΓöÇΓöÇΓöÇΓöÇΓöÇΓöÇΓöÇΓöÇΓöÇΓöÇΓöÇΓöÇΓöÇΓöÇΓöÇΓöÇΓöÇΓöÇΓöÇΓöÇΓöÇΓöÇΓöÇΓöÇΓöÇΓöÇΓöÇΓöÇΓöÇΓöÇΓöÇΓöÇΓöÇΓöÇΓöÇΓöÇΓöÇΓöÇΓöÇΓöÇΓöÇΓöÇΓöÇΓöÇΓöÇ

    Error Context: test-results\e2e-ui-tablet-F4-Tablet-Si-d5769-burger-click-ΓåÆ-sidebar-open-e2e-chromium\error-context.md

  10) [e2e-chromium] ΓÇ║ tests\e2e\vehicle-requests.spec.mjs:226:3 ΓÇ║ Vehicle Requests API ΓÇ║ α╕¬α╕úα╣ëα╕▓α╕ç request α╣âα╕½α╕íα╣ê α╕¬α╕│α╕½α╕úα╕▒α╕Üα╕ùα╕öα╕¬α╕¡α╕Ü reject 

    Error: [2mexpect([22m[31mreceived[39m[2m).[22mtoContain[2m([22m[32mexpected[39m[2m) // indexOf[22m

    Expected value: [32m500[39m
    Received array: [31m[200, 400, 404][39m

      238 |         reason: 'α╣äα╕íα╣êα╕íα╕╡α╕úα╕ûα╕ºα╣êα╕▓α╕ç',
      239 |       }, ctx.adminToken);
    > 240 |       expect([200, 400, 404]).toContain(rejectR.status);
          |                               ^
      241 |       if (rejectR.status === 200) {
      242 |         const check = await apiGet(`/api/vehicle-requests/${id}`, ctx.adminToken);
      243 |         if (check.status === 200) {
        at D:\AI CURSER\ppk-drivehub\tests\e2e\vehicle-requests.spec.mjs:240:31

    Error Context: test-results\e2e-vehicle-requests-Vehic-a75c5-est-α╣âα╕½α╕íα╣ê-α╕¬α╕│α╕½α╕úα╕▒α╕Üα╕ùα╕öα╕¬α╕¡α╕Ü-reject-e2e-chromium\error-context.md

  10 failed
    [e2e-chromium] ΓÇ║ tests\e2e\driver.spec.mjs:364:3 ΓÇ║ 3. α╣üα╕êα╣ëα╕çα╕ïα╣êα╕¡α╕í ΓÇö Repair Reporting ΓÇ║ driver α╣äα╕íα╣êα╕¬α╕▓α╕íα╕▓α╕úα╕ûα╕öα╕╣α╕úα╕▓α╕óα╕üα╕▓α╕úα╕ïα╣êα╕¡α╕íα╕ùα╕▒α╣ëα╕çα╕½α╕íα╕öα╣äα╕öα╣ë (GET /api/repair/log ΓåÆ 403) 
    [e2e-chromium] ΓÇ║ tests\e2e\driver.spec.mjs:516:3 ΓÇ║ 8. α╕éα╕¡α╕Üα╣Çα╕éα╕òα╕¬α╕┤α╕ùα╕ÿα╕┤α╣î ΓÇö Permission Boundaries (API) ΓÇ║ α╣äα╕íα╣êα╕¬α╕▓α╕íα╕▓α╕úα╕ûα╕öα╕╣α╕úα╕▓α╕óα╕üα╕▓α╕úα╕úα╕ûα╕ùα╕▒α╣ëα╕çα╕½α╕íα╕öα╣äα╕öα╣ëα╕ûα╣ëα╕▓α╣äα╕íα╣êα╕íα╕╡α╕¬α╕┤α╕ùα╕ÿα╕┤α╣î (vehicles:view ΓåÆ 403) 
    [e2e-chromium] ΓÇ║ tests\e2e\driver.spec.mjs:716:3 ΓÇ║ 11. UI Sidebar ΓÇö α╣Çα╕íα╕Öα╕╣ Navigation α╕éα╕¡α╕çα╕₧α╕Öα╕▒α╕üα╕çα╕▓α╕Öα╕éα╕▒α╕Üα╕úα╕û ΓÇ║ sidebar α╣üα╕¬α╕öα╕ç "α╕éα╕¡α╣âα╕èα╣ëα╕úα╕û" α╣Çα╕¬α╕íα╕¡ 
    [e2e-chromium] ΓÇ║ tests\e2e\maintenance.spec.mjs:58:3 ΓÇ║ Maintenance API ΓÇ║ Bootstrap: login α╣äα╕öα╣ëα╕úα╕▒α╕Ü admin token 
    [e2e-chromium] ΓÇ║ tests\e2e\reports.spec.mjs:86:3 ΓÇ║ Reports API ΓÇ║ Bootstrap: α╕¬α╕úα╣ëα╕▓α╕ç fuel log ΓöÇΓöÇΓöÇΓöÇΓöÇ
    [e2e-chromium] ΓÇ║ tests\e2e\tax-insurance.spec.mjs:153:3 ΓÇ║ Tax & Insurance API ΓÇ║ POST /api/tax-insurance/insurance ΓåÆ α╕¬α╕úα╣ëα╕▓α╕ç insurance record 
    [e2e-chromium] ΓÇ║ tests\e2e\ui-mobile-flows.spec.mjs:223:3 ΓÇ║ C5: Reports ΓÇö Mobile View ΓÇ║ executive-dashboard.html α╣éα╕½α╕Ñα╕öα╣äα╕öα╣ëα╕Üα╕Ö mobile 
    [e2e-chromium] ΓÇ║ tests\e2e\ui-navigation.spec.mjs:108:3 ΓÇ║ Sidebar ΓÇö Mobile (<900px) ΓÇ║ mobile: α╕äα╕Ñα╕┤α╕ü overlay ΓåÆ sidebar α╕¢α╕┤α╕ö 
    [e2e-chromium] ΓÇ║ tests\e2e\ui-tablet.spec.mjs:187:3 ΓÇ║ F4: Tablet Sidebar Toggle ΓÇ║ tablet 820px: hamburger click ΓåÆ sidebar open 
    [e2e-chromium] ΓÇ║ tests\e2e\vehicle-requests.spec.mjs:226:3 ΓÇ║ Vehicle Requests API ΓÇ║ α╕¬α╕úα╣ëα╕▓α╕ç request α╣âα╕½α╕íα╣ê α╕¬α╕│α╕½α╕úα╕▒α╕Üα╕ùα╕öα╕¬α╕¡α╕Ü reject 
  1 skipped
  67 did not run
  709 passed (12.5m)

To open last HTML report run:
[36m[39m
[36m  npx playwright show-report[39m
[36m[39m
